
[7m[1m[34m DEV [39m[22m[27m [34mv1.6.1[39m [90mE:/React/voxel_explorer[39m

 [32mΓ£ô[39m src/world/encodeChunkDiff.test.ts [2m ([22m[2m10 tests[22m[2m)[22m[90m 6[2mms[22m[39m
 [32mΓ£ô[39m src/world/mesherWorker.test.ts [2m ([22m[2m3 tests[22m[2m)[22m[90m 6[2mms[22m[39m
[90mstdout[2m | src/world/ChunkManager.test.ts[2m > [22m[2mChunkManager[2m > [22m[2mshould load chunks around player position[22m[39m
Loading chunk at -1, -1 with LOD 0
Loading chunk at -1, 0 with LOD 0
Chunk generated: Chunk {
  data: Uint8Array(131072) [
    [33m1[39m, [33m1[39m, [33m1[39m, [33m1[39m, [33m1[39m, [33m1[39m, [33m1[39m, [33m1[39m, [33m1[39m, [33m1[39m, [33m1[39m, [33m1[39m,
    [33m1[39m, [33m1[39m, [33m1[39m, [33m1[39m, [33m1[39m, [33m1[39m, [33m1[39m, [33m1[39m, [33m1[39m, [33m1[39m, [33m1[39m, [33m1[39m,
    [33m1[39m, [33m1[39m, [33m1[39m, [33m1[39m, [33m1[39m, [33m1[39m, [33m1[39m, [33m1[39m, [33m1[39m, [33m1[39m, [33m1[39m, [33m1[39m,
    [33m1[39m, [33m1[39m, [33m1[39m, [33m1[39m, [33m1[39m, [33m1[39m, [33m1[39m, [33m1[39m, [33m1[39m, [33m1[39m, [33m1[39m, [33m1[39m,
    [33m1[39m, [33m1[39m, [33m1[39m, [33m1[39m, [33m1[39m, [33m1[39m, [33m1[39m, [33m1[39m, [33m1[39m, [33m1[39m, [33m1[39m, [33m1[39m,
    [33m1[39m, [33m1[39m, [33m1[39m, [33m1[39m, [33m1[39m, [33m1[39m, [33m1[39m, [33m1[39m, [33m1[39m, [33m1[39m, [33m1[39m, [33m1[39m,
    [33m1[39m, [33m1[39m, [33m1[39m, [33m1[39m, [33m1[39m, [33m1[39m, [33m1[39m, [33m1[39m, [33m1[39m, [33m1[39m, [33m1[39m, [33m1[39m,
    [33m1[39m, [33m1[39m, [33m1[39m, [33m1[39m, [33m1[39m, [33m1[39m, [33m1[39m, [33m1[39m, [33m1[39m, [33m1[39m, [33m1[39m, [33m1[39m,
    [33m1[39m, [33m1[39m, [33m1[39m, [33m1[39m,
    ... 130972 more items
  ],
  compressedData: Uint8Array(131072) [
    [33m1[39m, [33m1[39m, [33m1[39m, [33m1[39m, [33m1[39m, [33m1[39m, [33m1[39m, [33m1[39m, [33m1[39m, [33m1[39m, [33m1[39m, [33m1[39m,
    [33m1[39m, [33m1[39m, [33m1[39m, [33m1[39m, [33m1[39m, [33m1[39m, [33m1[39m, [33m1[39m, [33m1[39m, [33m1[39m, [33m1[39m, [33m1[39m,
    [33m1[39m, [33m1[39m, [33m1[39m, [33m1[39m, [33m1[39m, [33m1[39m, [33m1[39m, [33m1[39m, [33m1[39m, [33m1[39m, [33m1[39m, [33m1[39m,
    [33m1[39m, [33m1[39m, [33m1[39m, [33m1[39m, [33m1[39m, [33m1[39m, [33m1[39m, [33m1[39m, [33m1[39m, [33m1[39m, [33m1[39m, [33m1[39m,
    [33m1[39m, [33m1[39m, [33m1[39m, [33m1[39m, [33m1[39m, [33m1[39m, [33m1[39m, [33m1[39m, [33m1[39m, [33m1[39m, [33m1[39m, [33m1[39m,
    [33m1[39m, [33m1[39m, [33m1[39m, [33m1[39m, [33m1[39m, [33m1[39m, [33m1[39m, [33m1[39m, [33m1[39m, [33m1[39m, [33m1[39m, [33m1[39m,
    [33m1[39m, [33m1[39m, [33m1[39m, [33m1[39m, [33m1[39m, [33m1[39m, [33m1[39m, [33m1[39m, [33m1[39m, [33m1[39m, [33m1[39m, [33m1[39m,
    [33m1[39m, [33m1[39m, [33m1[39m, [33m1[39m, [33m1[39m, [33m1[39m, [33m1[39m, [33m1[39m, [33m1[39m, [33m1[39m, [33m1[39m, [33m1[39m,
    [33m1[39m, [33m1[39m, [33m1[39m, [33m1[39m,
    ... 130972 more items
  ],
  heightmap: Uint8Array(1024) [
    [33m0[39m, [33m0[39m, [33m0[39m, [33m0[39m, [33m0[39m, [33m0[39m, [33m0[39m, [33m0[39m, [33m0[39m, [33m0[39m, [33m0[39m, [33m0[39m,
    [33m0[39m, [33m0[39m, [33m0[39m, [33m0[39m, [33m0[39m, [33m0[39m, [33m0[39m, [33m0[39m, [33m0[39m, [33m0[39m, [33m0[39m, [33m0[39m,
    [33m0[39m, [33m0[39m, [33m0[39m, [33m0[39m, [33m0[39m, [33m0[39m, [33m0[39m, [33m0[39m, [33m0[39m, [33m0[39m, [33m0[39m, [33m0[39m,
    [33m0[39m, [33m0[39m, [33m0[39m, [33m0[39m, [33m0[39m, [33m0[39m, [33m0[39m, [33m0[39m, [33m0[39m, [33m0[39m, [33m0[39m, [33m0[39m,
    [33m0[39m, [33m0[39m, [33m0[39m, [33m0[39m, [33m0[39m, [33m0[39m, [33m0[39m, [33m0[39m, [33m0[39m, [33m0[39m, [33m0[39m, [33m0[39m,
    [33m0[39m, [33m0[39m, [33m0[39m, [33m0[39m, [33m0[39m, [33m0[39m, [33m0[39m, [33m0[39m, [33m0[39m, [33m0[39m, [33m0[39m, [33m0[39m,
    [33m0[39m, [33m0[39m, [33m0[39m, [33m0[39m, [33m0[39m, [33m0[39m, [33m0[39m, [33m0[39m, [33m0[39m, [33m0[39m, [33m0[39m, [33m0[39m,
    [33m0[39m, [33m0[39m, [33m0[39m, [33m0[39m, [33m0[39m, [33m0[39m, [33m0[39m, [33m0[39m, [33m0[39m, [33m0[39m, [33m0[39m, [33m0[39m,
    [33m0[39m, [33m0[39m, [33m0[39m, [33m0[39m,
    ... 924 more items
  ],
  x: [33m-1[39m,
  z: [33m-1[39m,
  lodLevel: [33m0[39m
}
Chunk generated: Chunk {
  data: Uint8Array(131072) [
    [33m1[39m, [33m1[39m, [33m1[39m, [33m1[39m, [33m1[39m, [33m1[39m, [33m1[39m, [33m1[39m, [33m1[39m, [33m1[39m, [33m1[39m, [33m1[39m,
    [33m1[39m, [33m1[39m, [33m1[39m, [33m1[39m, [33m1[39m, [33m1[39m, [33m1[39m, [33m1[39m, [33m1[39m, [33m1[39m, [33m1[39m, [33m1[39m,
    [33m1[39m, [33m1[39m, [33m1[39m, [33m1[39m, [33m1[39m, [33m1[39m, [33m1[39m, [33m1[39m, [33m1[39m, [33m1[39m, [33m1[39m, [33m1[39m,
    [33m1[39m, [33m1[39m, [33m1[39m, [33m1[39m, [33m1[39m, [33m1[39m, [33m1[39m, [33m1[39m, [33m1[39m, [33m1[39m, [33m1[39m, [33m1[39m,
    [33m1[39m, [33m1[39m, [33m1[39m, [33m1[39m, [33m1[39m, [33m1[39m, [33m1[39m, [33m1[39m, [33m1[39m, [33m1[39m, [33m1[39m, [33m1[39m,
    [33m1[39m, [33m1[39m, [33m1[39m, [33m1[39m, [33m1[39m, [33m1[39m, [33m1[39m, [33m1[39m, [33m1[39m, [33m1[39m, [33m1[39m, [33m1[39m,
    [33m1[39m, [33m1[39m, [33m1[39m, [33m1[39m, [33m1[39m, [33m1[39m, [33m1[39m, [33m1[39m, [33m1[39m, [33m1[39m, [33m1[39m, [33m1[39m,
    [33m1[39m, [33m1[39m, [33m1[39m, [33m1[39m, [33m1[39m, [33m1[39m, [33m1[39m, [33m1[39m, [33m1[39m, [33m1[39m, [33m1[39m, [33m1[39m,
    [33m1[39m, [33m1[39m, [33m1[39m, [33m1[39m,
    ... 130972 more items
  ],
  compressedData: Uint8Array(131072) [
    [33m1[39m, [33m1[39m, [33m1[39m, [33m1[39m, [33m1[39m, [33m1[39m, [33m1[39m, [33m1[39m, [33m1[39m, [33m1[39m, [33m1[39m, [33m1[39m,
    [33m1[39m, [33m1[39m, [33m1[39m, [33m1[39m, [33m1[39m, [33m1[39m, [33m1[39m, [33m1[39m, [33m1[39m, [33m1[39m, [33m1[39m, [33m1[39m,
    [33m1[39m, [33m1[39m, [33m1[39m, [33m1[39m, [33m1[39m, [33m1[39m, [33m1[39m, [33m1[39m, [33m1[39m, [33m1[39m, [33m1[39m, [33m1[39m,
    [33m1[39m, [33m1[39m, [33m1[39m, [33m1[39m, [33m1[39m, [33m1[39m, [33m1[39m, [33m1[39m, [33m1[39m, [33m1[39m, [33m1[39m, [33m1[39m,
    [33m1[39m, [33m1[39m, [33m1[39m, [33m1[39m, [33m1[39m, [33m1[39m, [33m1[39m, [33m1[39m, [33m1[39m, [33m1[39m, [33m1[39m, [33m1[39m,
    [33m1[39m, [33m1[39m, [33m1[39m, [33m1[39m, [33m1[39m, [33m1[39m, [33m1[39m, [33m1[39m, [33m1[39m, [33m1[39m, [33m1[39m, [33m1[39m,
    [33m1[39m, [33m1[39m, [33m1[39m, [33m1[39m, [33m1[39m, [33m1[39m, [33m1[39m, [33m1[39m, [33m1[39m, [33m1[39m, [33m1[39m, [33m1[39m,
    [33m1[39m, [33m1[39m, [33m1[39m, [33m1[39m, [33m1[39m, [33m1[39m, [33m1[39m, [33m1[39m, [33m1[39m, [33m1[39m, [33m1[39m, [33m1[39m,
    [33m1[39m, [33m1[39m, [33m1[39m, [33m1[39m,
    ... 130972 more items
  ],
  heightmap: Uint8Array(1024) [
    [33m0[39m, [33m0[39m, [33m0[39m, [33m0[39m, [33m0[39m, [33m0[39m, [33m0[39m, [33m0[39m, [33m0[39m, [33m0[39m, [33m0[39m, [33m0[39m,
    [33m0[39m, [33m0[39m, [33m0[39m, [33m0[39m, [33m0[39m, [33m0[39m, [33m0[39m, [33m0[39m, [33m0[39m, [33m0[39m, [33m0[39m, [33m0[39m,
    [33m0[39m, [33m0[39m, [33m0[39m, [33m0[39m, [33m0[39m, [33m0[39m, [33m0[39m, [33m0[39m, [33m0[39m, [33m0[39m, [33m0[39m, [33m0[39m,
    [33m0[39m, [33m0[39m, [33m0[39m, [33m0[39m, [33m0[39m, [33m0[39m, [33m0[39m, [33m0[39m, [33m0[39m, [33m0[39m, [33m0[39m, [33m0[39m,
    [33m0[39m, [33m0[39m, [33m0[39m, [33m0[39m, [33m0[39m, [33m0[39m, [33m0[39m, [33m0[39m, [33m0[39m, [33m0[39m, [33m0[39m, [33m0[39m,
    [33m0[39m, [33m0[39m, [33m0[39m, [33m0[39m, [33m0[39m, [33m0[39m, [33m0[39m, [33m0[39m, [33m0[39m, [33m0[39m, [33m0[39m, [33m0[39m,
    [33m0[39m, [33m0[39m, [33m0[39m, [33m0[39m, [33m0[39m, [33m0[39m, [33m0[39m, [33m0[39m, [33m0[39m, [33m0[39m, [33m0[39m, [33m0[39m,
    [33m0[39m, [33m0[39m, [33m0[39m, [33m0[39m, [33m0[39m, [33m0[39m, [33m0[39m, [33m0[39m, [33m0[39m, [33m0[39m, [33m0[39m, [33m0[39m,
    [33m0[39m, [33m0[39m, [33m0[39m, [33m0[39m,
    ... 924 more items
  ],
  x: [33m-1[39m,
  z: [33m0[39m,
  lodLevel: [33m0[39m
}
Mesh generated: BufferGeometry {
  isBufferGeometry: [33mtrue[39m,
  uuid: [32m'264376e2-d2bf-4550-8f8f-bb7abac7c3f7'[39m,
  name: [32m''[39m,
  type: [32m'BufferGeometry'[39m,
  index: BufferAttribute {
    isBufferAttribute: [33mtrue[39m,
    name: [32m''[39m,
    array: Uint32Array(36) [
       [33m0[39m,  [33m1[39m,  [33m2[39m,  [33m0[39m,  [33m2[39m,  [33m3[39m,  [33m4[39m,  [33m5[39m,  [33m6[39m,
       [33m4[39m,  [33m6[39m,  [33m7[39m,  [33m8[39m,  [33m9[39m, [33m10[39m,  [33m8[39m, [33m10[39m, [33m11[39m,
      [33m12[39m, [33m13[39m, [33m14[39m, [33m12[39m, [33m14[39m, [33m15[39m, [33m16[39m, [33m17[39m, [33m18[39m,
      [33m16[39m, [33m18[39m, [33m19[39m, [33m20[39m, [33m21[39m, [33m22[39m, [33m20[39m, [33m22[39m, [33m23[39m
    ],
    itemSize: [33m1[39m,
    count: [33m36[39m,
    normalized: [33mfalse[39m,
    usage: [33m35044[39m,
    _updateRange: { offset: [33m0[39m, count: [33m-1[39m },
    updateRanges: [],
    gpuType: [33m1015[39m,
    version: [33m0[39m
  },
  attributes: {
    position: BufferAttribute {
      isBufferAttribute: [33mtrue[39m,
      name: [32m''[39m,
      array: [36m[Float32Array][39m,
      itemSize: [33m3[39m,
      count: [33m24[39m,
      normalized: [33mfalse[39m,
      usage: [33m35044[39m,
      _updateRange: [36m[Object][39m,
      updateRanges: [],
      gpuType: [33m1015[39m,
      version: [33m0[39m
    },
    normal: BufferAttribute {
      isBufferAttribute: [33mtrue[39m,
      name: [32m''[39m,
      array: [36m[Float32Array][39m,
      itemSize: [33m3[39m,
      count: [33m24[39m,
      normalized: [33mfalse[39m,
      usage: [33m35044[39m,
      _updateRange: [36m[Object][39m,
      updateRanges: [],
      gpuType: [33m1015[39m,
      version: [33m0[39m
    },
    uv: BufferAttribute {
      isBufferAttribute: [33mtrue[39m,
      name: [32m''[39m,
      array: [36m[Float32Array][39m,
      itemSize: [33m2[39m,
      count: [33m24[39m,
      normalized: [33mfalse[39m,
      usage: [33m35044[39m,
      _updateRange: [36m[Object][39m,
      updateRanges: [],
      gpuType: [33m1015[39m,
      version: [33m0[39m
    }
  },
  morphAttributes: {},
  morphTargetsRelative: [33mfalse[39m,
  groups: [],
  boundingBox: [1mnull[22m,
  boundingSphere: [1mnull[22m,
  drawRange: { start: [33m0[39m, count: [33mInfinity[39m },
  userData: {}
}
Chunk loaded at -1, -1 with LOD 0
Mesh generated: BufferGeometry {
  isBufferGeometry: [33mtrue[39m,
  uuid: [32m'0a540a88-5b03-46d1-8be5-c7ffa43db9fc'[39m,
  name: [32m''[39m,
  type: [32m'BufferGeometry'[39m,
  index: BufferAttribute {
    isBufferAttribute: [33mtrue[39m,
    name: [32m''[39m,
    array: Uint32Array(36) [
       [33m0[39m,  [33m1[39m,  [33m2[39m,  [33m0[39m,  [33m2[39m,  [33m3[39m,  [33m4[39m,  [33m5[39m,  [33m6[39m,
       [33m4[39m,  [33m6[39m,  [33m7[39m,  [33m8[39m,  [33m9[39m, [33m10[39m,  [33m8[39m, [33m10[39m, [33m11[39m,
      [33m12[39m, [33m13[39m, [33m14[39m, [33m12[39m, [33m14[39m, [33m15[39m, [33m16[39m, [33m17[39m, [33m18[39m,
      [33m16[39m, [33m18[39m, [33m19[39m, [33m20[39m, [33m21[39m, [33m22[39m, [33m20[39m, [33m22[39m, [33m23[39m
    ],
    itemSize: [33m1[39m,
    count: [33m36[39m,
    normalized: [33mfalse[39m,
    usage: [33m35044[39m,
    _updateRange: { offset: [33m0[39m, count: [33m-1[39m },
    updateRanges: [],
    gpuType: [33m1015[39m,
    version: [33m0[39m
  },
  attributes: {
    position: BufferAttribute {
      isBufferAttribute: [33mtrue[39m,
      name: [32m''[39m,
      array: [36m[Float32Array][39m,
      itemSize: [33m3[39m,
      count: [33m24[39m,
      normalized: [33mfalse[39m,
      usage: [33m35044[39m,
      _updateRange: [36m[Object][39m,
      updateRanges: [],
      gpuType: [33m1015[39m,
      version: [33m0[39m
    },
    normal: BufferAttribute {
      isBufferAttribute: [33mtrue[39m,
      name: [32m''[39m,
      array: [36m[Float32Array][39m,
      itemSize: [33m3[39m,
      count: [33m24[39m,
      normalized: [33mfalse[39m,
      usage: [33m35044[39m,
      _updateRange: [36m[Object][39m,
      updateRanges: [],
      gpuType: [33m1015[39m,
      version: [33m0[39m
    },
    uv: BufferAttribute {
      isBufferAttribute: [33mtrue[39m,
      name: [32m''[39m,
      array: [36m[Float32Array][39m,
      itemSize: [33m2[39m,
      count: [33m24[39m,
      normalized: [33mfalse[39m,
      usage: [33m35044[39m,
      _updateRange: [36m[Object][39m,
      updateRanges: [],
      gpuType: [33m1015[39m,
      version: [33m0[39m
    }
  },
  morphAttributes: {},
  morphTargetsRelative: [33mfalse[39m,
  groups: [],
  boundingBox: [1mnull[22m,
  boundingSphere: [1mnull[22m,
  drawRange: { start: [33m0[39m, count: [33mInfinity[39m },
  userData: {}
}
Chunk loaded at -1, 0 with LOD 0

[90mstdout[2m | src/world/ChunkManager.test.ts[2m > [22m[2mChunkManager[2m > [22m[2mshould load chunks around player position[22m[39m
Loading chunk at 0, -1 with LOD 0
Loading chunk at 0, 0 with LOD 0
Chunk generated: Chunk {
  data: Uint8Array(131072) [
    [33m1[39m, [33m1[39m, [33m1[39m, [33m1[39m, [33m1[39m, [33m1[39m, [33m1[39m, [33m1[39m, [33m1[39m, [33m1[39m, [33m1[39m, [33m1[39m,
    [33m1[39m, [33m1[39m, [33m1[39m, [33m1[39m, [33m1[39m, [33m1[39m, [33m1[39m, [33m1[39m, [33m1[39m, [33m1[39m, [33m1[39m, [33m1[39m,
    [33m1[39m, [33m1[39m, [33m1[39m, [33m1[39m, [33m1[39m, [33m1[39m, [33m1[39m, [33m1[39m, [33m1[39m, [33m1[39m, [33m1[39m, [33m1[39m,
    [33m1[39m, [33m1[39m, [33m1[39m, [33m1[39m, [33m1[39m, [33m1[39m, [33m1[39m, [33m1[39m, [33m1[39m, [33m1[39m, [33m1[39m, [33m1[39m,
    [33m1[39m, [33m1[39m, [33m1[39m, [33m1[39m, [33m1[39m, [33m1[39m, [33m1[39m, [33m1[39m, [33m1[39m, [33m1[39m, [33m1[39m, [33m1[39m,
    [33m1[39m, [33m1[39m, [33m1[39m, [33m1[39m, [33m1[39m, [33m1[39m, [33m1[39m, [33m1[39m, [33m1[39m, [33m1[39m, [33m1[39m, [33m1[39m,
    [33m1[39m, [33m1[39m, [33m1[39m, [33m1[39m, [33m1[39m, [33m1[39m, [33m1[39m, [33m1[39m, [33m1[39m, [33m1[39m, [33m1[39m, [33m1[39m,
    [33m1[39m, [33m1[39m, [33m1[39m, [33m1[39m, [33m1[39m, [33m1[39m, [33m1[39m, [33m1[39m, [33m1[39m, [33m1[39m, [33m1[39m, [33m1[39m,
    [33m1[39m, [33m1[39m, [33m1[39m, [33m1[39m,
    ... 130972 more items
  ],
  compressedData: Uint8Array(131072) [
    [33m1[39m, [33m1[39m, [33m1[39m, [33m1[39m, [33m1[39m, [33m1[39m, [33m1[39m, [33m1[39m, [33m1[39m, [33m1[39m, [33m1[39m, [33m1[39m,
    [33m1[39m, [33m1[39m, [33m1[39m, [33m1[39m, [33m1[39m, [33m1[39m, [33m1[39m, [33m1[39m, [33m1[39m, [33m1[39m, [33m1[39m, [33m1[39m,
    [33m1[39m, [33m1[39m, [33m1[39m, [33m1[39m, [33m1[39m, [33m1[39m, [33m1[39m, [33m1[39m, [33m1[39m, [33m1[39m, [33m1[39m, [33m1[39m,
    [33m1[39m, [33m1[39m, [33m1[39m, [33m1[39m, [33m1[39m, [33m1[39m, [33m1[39m, [33m1[39m, [33m1[39m, [33m1[39m, [33m1[39m, [33m1[39m,
    [33m1[39m, [33m1[39m, [33m1[39m, [33m1[39m, [33m1[39m, [33m1[39m, [33m1[39m, [33m1[39m, [33m1[39m, [33m1[39m, [33m1[39m, [33m1[39m,
    [33m1[39m, [33m1[39m, [33m1[39m, [33m1[39m, [33m1[39m, [33m1[39m, [33m1[39m, [33m1[39m, [33m1[39m, [33m1[39m, [33m1[39m, [33m1[39m,
    [33m1[39m, [33m1[39m, [33m1[39m, [33m1[39m, [33m1[39m, [33m1[39m, [33m1[39m, [33m1[39m, [33m1[39m, [33m1[39m, [33m1[39m, [33m1[39m,
    [33m1[39m, [33m1[39m, [33m1[39m, [33m1[39m, [33m1[39m, [33m1[39m, [33m1[39m, [33m1[39m, [33m1[39m, [33m1[39m, [33m1[39m, [33m1[39m,
    [33m1[39m, [33m1[39m, [33m1[39m, [33m1[39m,
    ... 130972 more items
  ],
  heightmap: Uint8Array(1024) [
    [33m0[39m, [33m0[39m, [33m0[39m, [33m0[39m, [33m0[39m, [33m0[39m, [33m0[39m, [33m0[39m, [33m0[39m, [33m0[39m, [33m0[39m, [33m0[39m,
    [33m0[39m, [33m0[39m, [33m0[39m, [33m0[39m, [33m0[39m, [33m0[39m, [33m0[39m, [33m0[39m, [33m0[39m, [33m0[39m, [33m0[39m, [33m0[39m,
    [33m0[39m, [33m0[39m, [33m0[39m, [33m0[39m, [33m0[39m, [33m0[39m, [33m0[39m, [33m0[39m, [33m0[39m, [33m0[39m, [33m0[39m, [33m0[39m,
    [33m0[39m, [33m0[39m, [33m0[39m, [33m0[39m, [33m0[39m, [33m0[39m, [33m0[39m, [33m0[39m, [33m0[39m, [33m0[39m, [33m0[39m, [33m0[39m,
    [33m0[39m, [33m0[39m, [33m0[39m, [33m0[39m, [33m0[39m, [33m0[39m, [33m0[39m, [33m0[39m, [33m0[39m, [33m0[39m, [33m0[39m, [33m0[39m,
    [33m0[39m, [33m0[39m, [33m0[39m, [33m0[39m, [33m0[39m, [33m0[39m, [33m0[39m, [33m0[39m, [33m0[39m, [33m0[39m, [33m0[39m, [33m0[39m,
    [33m0[39m, [33m0[39m, [33m0[39m, [33m0[39m, [33m0[39m, [33m0[39m, [33m0[39m, [33m0[39m, [33m0[39m, [33m0[39m, [33m0[39m, [33m0[39m,
    [33m0[39m, [33m0[39m, [33m0[39m, [33m0[39m, [33m0[39m, [33m0[39m, [33m0[39m, [33m0[39m, [33m0[39m, [33m0[39m, [33m0[39m, [33m0[39m,
    [33m0[39m, [33m0[39m, [33m0[39m, [33m0[39m,
    ... 924 more items
  ],
  x: [33m0[39m,
  z: [33m-1[39m,
  lodLevel: [33m0[39m
}
Chunk generated: Chunk {
  data: Uint8Array(131072) [
    [33m1[39m, [33m1[39m, [33m1[39m, [33m1[39m, [33m1[39m, [33m1[39m, [33m1[39m, [33m1[39m, [33m1[39m, [33m1[39m, [33m1[39m, [33m1[39m,
    [33m1[39m, [33m1[39m, [33m1[39m, [33m1[39m, [33m1[39m, [33m1[39m, [33m1[39m, [33m1[39m, [33m1[39m, [33m1[39m, [33m1[39m, [33m1[39m,
    [33m1[39m, [33m1[39m, [33m1[39m, [33m1[39m, [33m1[39m, [33m1[39m, [33m1[39m, [33m1[39m, [33m1[39m, [33m1[39m, [33m1[39m, [33m1[39m,
    [33m1[39m, [33m1[39m, [33m1[39m, [33m1[39m, [33m1[39m, [33m1[39m, [33m1[39m, [33m1[39m, [33m1[39m, [33m1[39m, [33m1[39m, [33m1[39m,
    [33m1[39m, [33m1[39m, [33m1[39m, [33m1[39m, [33m1[39m, [33m1[39m, [33m1[39m, [33m1[39m, [33m1[39m, [33m1[39m, [33m1[39m, [33m1[39m,
    [33m1[39m, [33m1[39m, [33m1[39m, [33m1[39m, [33m1[39m, [33m1[39m, [33m1[39m, [33m1[39m, [33m1[39m, [33m1[39m, [33m1[39m, [33m1[39m,
    [33m1[39m, [33m1[39m, [33m1[39m, [33m1[39m, [33m1[39m, [33m1[39m, [33m1[39m, [33m1[39m, [33m1[39m, [33m1[39m, [33m1[39m, [33m1[39m,
    [33m1[39m, [33m1[39m, [33m1[39m, [33m1[39m, [33m1[39m, [33m1[39m, [33m1[39m, [33m1[39m, [33m1[39m, [33m1[39m, [33m1[39m, [33m1[39m,
    [33m1[39m, [33m1[39m, [33m1[39m, [33m1[39m,
    ... 130972 more items
  ],
  compressedData: Uint8Array(131072) [
    [33m1[39m, [33m1[39m, [33m1[39m, [33m1[39m, [33m1[39m, [33m1[39m, [33m1[39m, [33m1[39m, [33m1[39m, [33m1[39m, [33m1[39m, [33m1[39m,
    [33m1[39m, [33m1[39m, [33m1[39m, [33m1[39m, [33m1[39m, [33m1[39m, [33m1[39m, [33m1[39m, [33m1[39m, [33m1[39m, [33m1[39m, [33m1[39m,
    [33m1[39m, [33m1[39m, [33m1[39m, [33m1[39m, [33m1[39m, [33m1[39m, [33m1[39m, [33m1[39m, [33m1[39m, [33m1[39m, [33m1[39m, [33m1[39m,
    [33m1[39m, [33m1[39m, [33m1[39m, [33m1[39m, [33m1[39m, [33m1[39m, [33m1[39m, [33m1[39m, [33m1[39m, [33m1[39m, [33m1[39m, [33m1[39m,
    [33m1[39m, [33m1[39m, [33m1[39m, [33m1[39m, [33m1[39m, [33m1[39m, [33m1[39m, [33m1[39m, [33m1[39m, [33m1[39m, [33m1[39m, [33m1[39m,
    [33m1[39m, [33m1[39m, [33m1[39m, [33m1[39m, [33m1[39m, [33m1[39m, [33m1[39m, [33m1[39m, [33m1[39m, [33m1[39m, [33m1[39m, [33m1[39m,
    [33m1[39m, [33m1[39m, [33m1[39m, [33m1[39m, [33m1[39m, [33m1[39m, [33m1[39m, [33m1[39m, [33m1[39m, [33m1[39m, [33m1[39m, [33m1[39m,
    [33m1[39m, [33m1[39m, [33m1[39m, [33m1[39m, [33m1[39m, [33m1[39m, [33m1[39m, [33m1[39m, [33m1[39m, [33m1[39m, [33m1[39m, [33m1[39m,
    [33m1[39m, [33m1[39m, [33m1[39m, [33m1[39m,
    ... 130972 more items
  ],
  heightmap: Uint8Array(1024) [
    [33m0[39m, [33m0[39m, [33m0[39m, [33m0[39m, [33m0[39m, [33m0[39m, [33m0[39m, [33m0[39m, [33m0[39m, [33m0[39m, [33m0[39m, [33m0[39m,
    [33m0[39m, [33m0[39m, [33m0[39m, [33m0[39m, [33m0[39m, [33m0[39m, [33m0[39m, [33m0[39m, [33m0[39m, [33m0[39m, [33m0[39m, [33m0[39m,
    [33m0[39m, [33m0[39m, [33m0[39m, [33m0[39m, [33m0[39m, [33m0[39m, [33m0[39m, [33m0[39m, [33m0[39m, [33m0[39m, [33m0[39m, [33m0[39m,
    [33m0[39m, [33m0[39m, [33m0[39m, [33m0[39m, [33m0[39m, [33m0[39m, [33m0[39m, [33m0[39m, [33m0[39m, [33m0[39m, [33m0[39m, [33m0[39m,
    [33m0[39m, [33m0[39m, [33m0[39m, [33m0[39m, [33m0[39m, [33m0[39m, [33m0[39m, [33m0[39m, [33m0[39m, [33m0[39m, [33m0[39m, [33m0[39m,
    [33m0[39m, [33m0[39m, [33m0[39m, [33m0[39m, [33m0[39m, [33m0[39m, [33m0[39m, [33m0[39m, [33m0[39m, [33m0[39m, [33m0[39m, [33m0[39m,
    [33m0[39m, [33m0[39m, [33m0[39m, [33m0[39m, [33m0[39m, [33m0[39m, [33m0[39m, [33m0[39m, [33m0[39m, [33m0[39m, [33m0[39m, [33m0[39m,
    [33m0[39m, [33m0[39m, [33m0[39m, [33m0[39m, [33m0[39m, [33m0[39m, [33m0[39m, [33m0[39m, [33m0[39m, [33m0[39m, [33m0[39m, [33m0[39m,
    [33m0[39m, [33m0[39m, [33m0[39m, [33m0[39m,
    ... 924 more items
  ],
  x: [33m0[39m,
  z: [33m0[39m,
  lodLevel: [33m0[39m
}
Mesh generated: BufferGeometry {
  isBufferGeometry: [33mtrue[39m,
  uuid: [32m'd0e93558-9980-42aa-9b86-3efc3d4dd1c8'[39m,
  name: [32m''[39m,
  type: [32m'BufferGeometry'[39m,
  index: BufferAttribute {
    isBufferAttribute: [33mtrue[39m,
    name: [32m''[39m,
    array: Uint32Array(36) [
       [33m0[39m,  [33m1[39m,  [33m2[39m,  [33m0[39m,  [33m2[39m,  [33m3[39m,  [33m4[39m,  [33m5[39m,  [33m6[39m,
       [33m4[39m,  [33m6[39m,  [33m7[39m,  [33m8[39m,  [33m9[39m, [33m10[39m,  [33m8[39m, [33m10[39m, [33m11[39m,
      [33m12[39m, [33m13[39m, [33m14[39m, [33m12[39m, [33m14[39m, [33m15[39m, [33m16[39m, [33m17[39m, [33m18[39m,
      [33m16[39m, [33m18[39m, [33m19[39m, [33m20[39m, [33m21[39m, [33m22[39m, [33m20[39m, [33m22[39m, [33m23[39m
    ],
    itemSize: [33m1[39m,
    count: [33m36[39m,
    normalized: [33mfalse[39m,
    usage: [33m35044[39m,
    _updateRange: { offset: [33m0[39m, count: [33m-1[39m },
    updateRanges: [],
    gpuType: [33m1015[39m,
    version: [33m0[39m
  },
  attributes: {
    position: BufferAttribute {
      isBufferAttribute: [33mtrue[39m,
      name: [32m''[39m,
      array: [36m[Float32Array][39m,
      itemSize: [33m3[39m,
      count: [33m24[39m,
      normalized: [33mfalse[39m,
      usage: [33m35044[39m,
      _updateRange: [36m[Object][39m,
      updateRanges: [],
      gpuType: [33m1015[39m,
      version: [33m0[39m
    },
    normal: BufferAttribute {
      isBufferAttribute: [33mtrue[39m,
      name: [32m''[39m,
      array: [36m[Float32Array][39m,
      itemSize: [33m3[39m,
      count: [33m24[39m,
      normalized: [33mfalse[39m,
      usage: [33m35044[39m,
      _updateRange: [36m[Object][39m,
      updateRanges: [],
      gpuType: [33m1015[39m,
      version: [33m0[39m
    },
    uv: BufferAttribute {
      isBufferAttribute: [33mtrue[39m,
      name: [32m''[39m,
      array: [36m[Float32Array][39m,
      itemSize: [33m2[39m,
      count: [33m24[39m,
      normalized: [33mfalse[39m,
      usage: [33m35044[39m,
      _updateRange: [36m[Object][39m,
      updateRanges: [],
      gpuType: [33m1015[39m,
      version: [33m0[39m
    }
  },
  morphAttributes: {},
  morphTargetsRelative: [33mfalse[39m,
  groups: [],
  boundingBox: [1mnull[22m,
  boundingSphere: [1mnull[22m,
  drawRange: { start: [33m0[39m, count: [33mInfinity[39m },
  userData: {}
}
Chunk loaded at 0, -1 with LOD 0
Mesh generated: BufferGeometry {
  isBufferGeometry: [33mtrue[39m,
  uuid: [32m'3a1750a9-dbb5-438f-a7f7-f6b2a441ecef'[39m,
  name: [32m''[39m,
  type: [32m'BufferGeometry'[39m,
  index: BufferAttribute {
    isBufferAttribute: [33mtrue[39m,
    name: [32m''[39m,
    array: Uint32Array(36) [
       [33m0[39m,  [33m1[39m,  [33m2[39m,  [33m0[39m,  [33m2[39m,  [33m3[39m,  [33m4[39m,  [33m5[39m,  [33m6[39m,
       [33m4[39m,  [33m6[39m,  [33m7[39m,  [33m8[39m,  [33m9[39m, [33m10[39m,  [33m8[39m, [33m10[39m, [33m11[39m,
      [33m12[39m, [33m13[39m, [33m14[39m, [33m12[39m, [33m14[39m, [33m15[39m, [33m16[39m, [33m17[39m, [33m18[39m,
      [33m16[39m, [33m18[39m, [33m19[39m, [33m20[39m, [33m21[39m, [33m22[39m, [33m20[39m, [33m22[39m, [33m23[39m
    ],
    itemSize: [33m1[39m,
    count: [33m36[39m,
    normalized: [33mfalse[39m,
    usage: [33m35044[39m,
    _updateRange: { offset: [33m0[39m, count: [33m-1[39m },
    updateRanges: [],
    gpuType: [33m1015[39m,
    version: [33m0[39m
  },
  attributes: {
    position: BufferAttribute {
      isBufferAttribute: [33mtrue[39m,
      name: [32m''[39m,
      array: [36m[Float32Array][39m,
      itemSize: [33m3[39m,
      count: [33m24[39m,
      normalized: [33mfalse[39m,
      usage: [33m35044[39m,
      _updateRange: [36m[Object][39m,
      updateRanges: [],
      gpuType: [33m1015[39m,
      version: [33m0[39m
    },
    normal: BufferAttribute {
      isBufferAttribute: [33mtrue[39m,
      name: [32m''[39m,
      array: [36m[Float32Array][39m,
      itemSize: [33m3[39m,
      count: [33m24[39m,
      normalized: [33mfalse[39m,
      usage: [33m35044[39m,
      _updateRange: [36m[Object][39m,
      updateRanges: [],
      gpuType: [33m1015[39m,
      version: [33m0[39m
    },
    uv: BufferAttribute {
      isBufferAttribute: [33mtrue[39m,
      name: [32m''[39m,
      array: [36m[Float32Array][39m,
      itemSize: [33m2[39m,
      count: [33m24[39m,
      normalized: [33mfalse[39m,
      usage: [33m35044[39m,
      _updateRange: [36m[Object][39m,
      updateRanges: [],
      gpuType: [33m1015[39m,
      version: [33m0[39m
    }
  },
  morphAttributes: {},
  morphTargetsRelative: [33mfalse[39m,
  groups: [],
  boundingBox: [1mnull[22m,
  boundingSphere: [1mnull[22m,
  drawRange: { start: [33m0[39m, count: [33mInfinity[39m },
  userData: {}
}
Chunk loaded at 0, 0 with LOD 0

[90mstdout[2m | src/world/ChunkManager.test.ts[2m > [22m[2mChunkManager[2m > [22m[2mshould load chunks around player position[22m[39m
Loading chunk at -2, 0 with LOD 0
Loading chunk at -1, 1 with LOD 0
Chunk generated: Chunk {
  data: Uint8Array(131072) [
    [33m1[39m, [33m1[39m, [33m1[39m, [33m1[39m, [33m1[39m, [33m1[39m, [33m1[39m, [33m1[39m, [33m1[39m, [33m1[39m, [33m1[39m, [33m1[39m,
    [33m1[39m, [33m1[39m, [33m1[39m, [33m1[39m, [33m1[39m, [33m1[39m, [33m1[39m, [33m1[39m, [33m1[39m, [33m1[39m, [33m1[39m, [33m1[39m,
    [33m1[39m, [33m1[39m, [33m1[39m, [33m1[39m, [33m1[39m, [33m1[39m, [33m1[39m, [33m1[39m, [33m1[39m, [33m1[39m, [33m1[39m, [33m1[39m,
    [33m1[39m, [33m1[39m, [33m1[39m, [33m1[39m, [33m1[39m, [33m1[39m, [33m1[39m, [33m1[39m, [33m1[39m, [33m1[39m, [33m1[39m, [33m1[39m,
    [33m1[39m, [33m1[39m, [33m1[39m, [33m1[39m, [33m1[39m, [33m1[39m, [33m1[39m, [33m1[39m, [33m1[39m, [33m1[39m, [33m1[39m, [33m1[39m,
    [33m1[39m, [33m1[39m, [33m1[39m, [33m1[39m, [33m1[39m, [33m1[39m, [33m1[39m, [33m1[39m, [33m1[39m, [33m1[39m, [33m1[39m, [33m1[39m,
    [33m1[39m, [33m1[39m, [33m1[39m, [33m1[39m, [33m1[39m, [33m1[39m, [33m1[39m, [33m1[39m, [33m1[39m, [33m1[39m, [33m1[39m, [33m1[39m,
    [33m1[39m, [33m1[39m, [33m1[39m, [33m1[39m, [33m1[39m, [33m1[39m, [33m1[39m, [33m1[39m, [33m1[39m, [33m1[39m, [33m1[39m, [33m1[39m,
    [33m1[39m, [33m1[39m, [33m1[39m, [33m1[39m,
    ... 130972 more items
  ],
  compressedData: Uint8Array(131072) [
    [33m1[39m, [33m1[39m, [33m1[39m, [33m1[39m, [33m1[39m, [33m1[39m, [33m1[39m, [33m1[39m, [33m1[39m, [33m1[39m, [33m1[39m, [33m1[39m,
    [33m1[39m, [33m1[39m, [33m1[39m, [33m1[39m, [33m1[39m, [33m1[39m, [33m1[39m, [33m1[39m, [33m1[39m, [33m1[39m, [33m1[39m, [33m1[39m,
    [33m1[39m, [33m1[39m, [33m1[39m, [33m1[39m, [33m1[39m, [33m1[39m, [33m1[39m, [33m1[39m, [33m1[39m, [33m1[39m, [33m1[39m, [33m1[39m,
    [33m1[39m, [33m1[39m, [33m1[39m, [33m1[39m, [33m1[39m, [33m1[39m, [33m1[39m, [33m1[39m, [33m1[39m, [33m1[39m, [33m1[39m, [33m1[39m,
    [33m1[39m, [33m1[39m, [33m1[39m, [33m1[39m, [33m1[39m, [33m1[39m, [33m1[39m, [33m1[39m, [33m1[39m, [33m1[39m, [33m1[39m, [33m1[39m,
    [33m1[39m, [33m1[39m, [33m1[39m, [33m1[39m, [33m1[39m, [33m1[39m, [33m1[39m, [33m1[39m, [33m1[39m, [33m1[39m, [33m1[39m, [33m1[39m,
    [33m1[39m, [33m1[39m, [33m1[39m, [33m1[39m, [33m1[39m, [33m1[39m, [33m1[39m, [33m1[39m, [33m1[39m, [33m1[39m, [33m1[39m, [33m1[39m,
    [33m1[39m, [33m1[39m, [33m1[39m, [33m1[39m, [33m1[39m, [33m1[39m, [33m1[39m, [33m1[39m, [33m1[39m, [33m1[39m, [33m1[39m, [33m1[39m,
    [33m1[39m, [33m1[39m, [33m1[39m, [33m1[39m,
    ... 130972 more items
  ],
  heightmap: Uint8Array(1024) [
    [33m0[39m, [33m0[39m, [33m0[39m, [33m0[39m, [33m0[39m, [33m0[39m, [33m0[39m, [33m0[39m, [33m0[39m, [33m0[39m, [33m0[39m, [33m0[39m,
    [33m0[39m, [33m0[39m, [33m0[39m, [33m0[39m, [33m0[39m, [33m0[39m, [33m0[39m, [33m0[39m, [33m0[39m, [33m0[39m, [33m0[39m, [33m0[39m,
    [33m0[39m, [33m0[39m, [33m0[39m, [33m0[39m, [33m0[39m, [33m0[39m, [33m0[39m, [33m0[39m, [33m0[39m, [33m0[39m, [33m0[39m, [33m0[39m,
    [33m0[39m, [33m0[39m, [33m0[39m, [33m0[39m, [33m0[39m, [33m0[39m, [33m0[39m, [33m0[39m, [33m0[39m, [33m0[39m, [33m0[39m, [33m0[39m,
    [33m0[39m, [33m0[39m, [33m0[39m, [33m0[39m, [33m0[39m, [33m0[39m, [33m0[39m, [33m0[39m, [33m0[39m, [33m0[39m, [33m0[39m, [33m0[39m,
    [33m0[39m, [33m0[39m, [33m0[39m, [33m0[39m, [33m0[39m, [33m0[39m, [33m0[39m, [33m0[39m, [33m0[39m, [33m0[39m, [33m0[39m, [33m0[39m,
    [33m0[39m, [33m0[39m, [33m0[39m, [33m0[39m, [33m0[39m, [33m0[39m, [33m0[39m, [33m0[39m, [33m0[39m, [33m0[39m, [33m0[39m, [33m0[39m,
    [33m0[39m, [33m0[39m, [33m0[39m, [33m0[39m, [33m0[39m, [33m0[39m, [33m0[39m, [33m0[39m, [33m0[39m, [33m0[39m, [33m0[39m, [33m0[39m,
    [33m0[39m, [33m0[39m, [33m0[39m, [33m0[39m,
    ... 924 more items
  ],
  x: [33m-2[39m,
  z: [33m0[39m,
  lodLevel: [33m0[39m
}
Chunk generated: Chunk {
  data: Uint8Array(131072) [
    [33m1[39m, [33m1[39m, [33m1[39m, [33m1[39m, [33m1[39m, [33m1[39m, [33m1[39m, [33m1[39m, [33m1[39m, [33m1[39m, [33m1[39m, [33m1[39m,
    [33m1[39m, [33m1[39m, [33m1[39m, [33m1[39m, [33m1[39m, [33m1[39m, [33m1[39m, [33m1[39m, [33m1[39m, [33m1[39m, [33m1[39m, [33m1[39m,
    [33m1[39m, [33m1[39m, [33m1[39m, [33m1[39m, [33m1[39m, [33m1[39m, [33m1[39m, [33m1[39m, [33m1[39m, [33m1[39m, [33m1[39m, [33m1[39m,
    [33m1[39m, [33m1[39m, [33m1[39m, [33m1[39m, [33m1[39m, [33m1[39m, [33m1[39m, [33m1[39m, [33m1[39m, [33m1[39m, [33m1[39m, [33m1[39m,
    [33m1[39m, [33m1[39m, [33m1[39m, [33m1[39m, [33m1[39m, [33m1[39m, [33m1[39m, [33m1[39m, [33m1[39m, [33m1[39m, [33m1[39m, [33m1[39m,
    [33m1[39m, [33m1[39m, [33m1[39m, [33m1[39m, [33m1[39m, [33m1[39m, [33m1[39m, [33m1[39m, [33m1[39m, [33m1[39m, [33m1[39m, [33m1[39m,
    [33m1[39m, [33m1[39m, [33m1[39m, [33m1[39m, [33m1[39m, [33m1[39m, [33m1[39m, [33m1[39m, [33m1[39m, [33m1[39m, [33m1[39m, [33m1[39m,
    [33m1[39m, [33m1[39m, [33m1[39m, [33m1[39m, [33m1[39m, [33m1[39m, [33m1[39m, [33m1[39m, [33m1[39m, [33m1[39m, [33m1[39m, [33m1[39m,
    [33m1[39m, [33m1[39m, [33m1[39m, [33m1[39m,
    ... 130972 more items
  ],
  compressedData: Uint8Array(131072) [
    [33m1[39m, [33m1[39m, [33m1[39m, [33m1[39m, [33m1[39m, [33m1[39m, [33m1[39m, [33m1[39m, [33m1[39m, [33m1[39m, [33m1[39m, [33m1[39m,
    [33m1[39m, [33m1[39m, [33m1[39m, [33m1[39m, [33m1[39m, [33m1[39m, [33m1[39m, [33m1[39m, [33m1[39m, [33m1[39m, [33m1[39m, [33m1[39m,
    [33m1[39m, [33m1[39m, [33m1[39m, [33m1[39m, [33m1[39m, [33m1[39m, [33m1[39m, [33m1[39m, [33m1[39m, [33m1[39m, [33m1[39m, [33m1[39m,
    [33m1[39m, [33m1[39m, [33m1[39m, [33m1[39m, [33m1[39m, [33m1[39m, [33m1[39m, [33m1[39m, [33m1[39m, [33m1[39m, [33m1[39m, [33m1[39m,
    [33m1[39m, [33m1[39m, [33m1[39m, [33m1[39m, [33m1[39m, [33m1[39m, [33m1[39m, [33m1[39m, [33m1[39m, [33m1[39m, [33m1[39m, [33m1[39m,
    [33m1[39m, [33m1[39m, [33m1[39m, [33m1[39m, [33m1[39m, [33m1[39m, [33m1[39m, [33m1[39m, [33m1[39m, [33m1[39m, [33m1[39m, [33m1[39m,
    [33m1[39m, [33m1[39m, [33m1[39m, [33m1[39m, [33m1[39m, [33m1[39m, [33m1[39m, [33m1[39m, [33m1[39m, [33m1[39m, [33m1[39m, [33m1[39m,
    [33m1[39m, [33m1[39m, [33m1[39m, [33m1[39m, [33m1[39m, [33m1[39m, [33m1[39m, [33m1[39m, [33m1[39m, [33m1[39m, [33m1[39m, [33m1[39m,
    [33m1[39m, [33m1[39m, [33m1[39m, [33m1[39m,
    ... 130972 more items
  ],
  heightmap: Uint8Array(1024) [
    [33m0[39m, [33m0[39m, [33m0[39m, [33m0[39m, [33m0[39m, [33m0[39m, [33m0[39m, [33m0[39m, [33m0[39m, [33m0[39m, [33m0[39m, [33m0[39m,
    [33m0[39m, [33m0[39m, [33m0[39m, [33m0[39m, [33m0[39m, [33m0[39m, [33m0[39m, [33m0[39m, [33m0[39m, [33m0[39m, [33m0[39m, [33m0[39m,
    [33m0[39m, [33m0[39m, [33m0[39m, [33m0[39m, [33m0[39m, [33m0[39m, [33m0[39m, [33m0[39m, [33m0[39m, [33m0[39m, [33m0[39m, [33m0[39m,
    [33m0[39m, [33m0[39m, [33m0[39m, [33m0[39m, [33m0[39m, [33m0[39m, [33m0[39m, [33m0[39m, [33m0[39m, [33m0[39m, [33m0[39m, [33m0[39m,
    [33m0[39m, [33m0[39m, [33m0[39m, [33m0[39m, [33m0[39m, [33m0[39m, [33m0[39m, [33m0[39m, [33m0[39m, [33m0[39m, [33m0[39m, [33m0[39m,
    [33m0[39m, [33m0[39m, [33m0[39m, [33m0[39m, [33m0[39m, [33m0[39m, [33m0[39m, [33m0[39m, [33m0[39m, [33m0[39m, [33m0[39m, [33m0[39m,
    [33m0[39m, [33m0[39m, [33m0[39m, [33m0[39m, [33m0[39m, [33m0[39m, [33m0[39m, [33m0[39m, [33m0[39m, [33m0[39m, [33m0[39m, [33m0[39m,
    [33m0[39m, [33m0[39m, [33m0[39m, [33m0[39m, [33m0[39m, [33m0[39m, [33m0[39m, [33m0[39m, [33m0[39m, [33m0[39m, [33m0[39m, [33m0[39m,
    [33m0[39m, [33m0[39m, [33m0[39m, [33m0[39m,
    ... 924 more items
  ],
  x: [33m-1[39m,
  z: [33m1[39m,
  lodLevel: [33m0[39m
}
Mesh generated: BufferGeometry {
  isBufferGeometry: [33mtrue[39m,
  uuid: [32m'3ea5f613-a2fe-4a0a-96fb-8ed20bd7dd5d'[39m,
  name: [32m''[39m,
  type: [32m'BufferGeometry'[39m,
  index: BufferAttribute {
    isBufferAttribute: [33mtrue[39m,
    name: [32m''[39m,
    array: Uint32Array(36) [
       [33m0[39m,  [33m1[39m,  [33m2[39m,  [33m0[39m,  [33m2[39m,  [33m3[39m,  [33m4[39m,  [33m5[39m,  [33m6[39m,
       [33m4[39m,  [33m6[39m,  [33m7[39m,  [33m8[39m,  [33m9[39m, [33m10[39m,  [33m8[39m, [33m10[39m, [33m11[39m,
      [33m12[39m, [33m13[39m, [33m14[39m, [33m12[39m, [33m14[39m, [33m15[39m, [33m16[39m, [33m17[39m, [33m18[39m,
      [33m16[39m, [33m18[39m, [33m19[39m, [33m20[39m, [33m21[39m, [33m22[39m, [33m20[39m, [33m22[39m, [33m23[39m
    ],
    itemSize: [33m1[39m,
    count: [33m36[39m,
    normalized: [33mfalse[39m,
    usage: [33m35044[39m,
    _updateRange: { offset: [33m0[39m, count: [33m-1[39m },
    updateRanges: [],
    gpuType: [33m1015[39m,
    version: [33m0[39m
  },
  attributes: {
    position: BufferAttribute {
      isBufferAttribute: [33mtrue[39m,
      name: [32m''[39m,
      array: [36m[Float32Array][39m,
      itemSize: [33m3[39m,
      count: [33m24[39m,
      normalized: [33mfalse[39m,
      usage: [33m35044[39m,
      _updateRange: [36m[Object][39m,
      updateRanges: [],
      gpuType: [33m1015[39m,
      version: [33m0[39m
    },
    normal: BufferAttribute {
      isBufferAttribute: [33mtrue[39m,
      name: [32m''[39m,
      array: [36m[Float32Array][39m,
      itemSize: [33m3[39m,
      count: [33m24[39m,
      normalized: [33mfalse[39m,
      usage: [33m35044[39m,
      _updateRange: [36m[Object][39m,
      updateRanges: [],
      gpuType: [33m1015[39m,
      version: [33m0[39m
    },
    uv: BufferAttribute {
      isBufferAttribute: [33mtrue[39m,
      name: [32m''[39m,
      array: [36m[Float32Array][39m,
      itemSize: [33m2[39m,
      count: [33m24[39m,
      normalized: [33mfalse[39m,
      usage: [33m35044[39m,
      _updateRange: [36m[Object][39m,
      updateRanges: [],
      gpuType: [33m1015[39m,
      version: [33m0[39m
    }
  },
  morphAttributes: {},
  morphTargetsRelative: [33mfalse[39m,
  groups: [],
  boundingBox: [1mnull[22m,
  boundingSphere: [1mnull[22m,
  drawRange: { start: [33m0[39m, count: [33mInfinity[39m },
  userData: {}
}
Chunk loaded at -2, 0 with LOD 0
Mesh generated: BufferGeometry {
  isBufferGeometry: [33mtrue[39m,
  uuid: [32m'd94b8163-418d-469e-920c-9e94929590c3'[39m,
  name: [32m''[39m,
  type: [32m'BufferGeometry'[39m,
  index: BufferAttribute {
    isBufferAttribute: [33mtrue[39m,
    name: [32m''[39m,
    array: Uint32Array(36) [
       [33m0[39m,  [33m1[39m,  [33m2[39m,  [33m0[39m,  [33m2[39m,  [33m3[39m,  [33m4[39m,  [33m5[39m,  [33m6[39m,
       [33m4[39m,  [33m6[39m,  [33m7[39m,  [33m8[39m,  [33m9[39m, [33m10[39m,  [33m8[39m, [33m10[39m, [33m11[39m,
      [33m12[39m, [33m13[39m, [33m14[39m, [33m12[39m, [33m14[39m, [33m15[39m, [33m16[39m, [33m17[39m, [33m18[39m,
      [33m16[39m, [33m18[39m, [33m19[39m, [33m20[39m, [33m21[39m, [33m22[39m, [33m20[39m, [33m22[39m, [33m23[39m
    ],
    itemSize: [33m1[39m,
    count: [33m36[39m,
    normalized: [33mfalse[39m,
    usage: [33m35044[39m,
    _updateRange: { offset: [33m0[39m, count: [33m-1[39m },
    updateRanges: [],
    gpuType: [33m1015[39m,
    version: [33m0[39m
  },
  attributes: {
    position: BufferAttribute {
      isBufferAttribute: [33mtrue[39m,
      name: [32m''[39m,
      array: [36m[Float32Array][39m,
      itemSize: [33m3[39m,
      count: [33m24[39m,
      normalized: [33mfalse[39m,
      usage: [33m35044[39m,
      _updateRange: [36m[Object][39m,
      updateRanges: [],
      gpuType: [33m1015[39m,
      version: [33m0[39m
    },
    normal: BufferAttribute {
      isBufferAttribute: [33mtrue[39m,
      name: [32m''[39m,
      array: [36m[Float32Array][39m,
      itemSize: [33m3[39m,
      count: [33m24[39m,
      normalized: [33mfalse[39m,
      usage: [33m35044[39m,
      _updateRange: [36m[Object][39m,
      updateRanges: [],
      gpuType: [33m1015[39m,
      version: [33m0[39m
    },
    uv: BufferAttribute {
      isBufferAttribute: [33mtrue[39m,
      name: [32m''[39m,
      array: [36m[Float32Array][39m,
      itemSize: [33m2[39m,
      count: [33m24[39m,
      normalized: [33mfalse[39m,
      usage: [33m35044[39m,
      _updateRange: [36m[Object][39m,
      updateRanges: [],
      gpuType: [33m1015[39m,
      version: [33m0[39m
    }
  },
  morphAttributes: {},
  morphTargetsRelative: [33mfalse[39m,
  groups: [],
  boundingBox: [1mnull[22m,
  boundingSphere: [1mnull[22m,
  drawRange: { start: [33m0[39m, count: [33mInfinity[39m },
  userData: {}
}
Chunk loaded at -1, 1 with LOD 0

[90mstdout[2m | src/world/ChunkManager.test.ts[2m > [22m[2mChunkManager[2m > [22m[2mshould load chunks around player position[22m[39m
Loading chunk at 0, -2 with LOD 0
Loading chunk at 0, 1 with LOD 0
Chunk generated: Chunk {
  data: Uint8Array(131072) [
    [33m1[39m, [33m1[39m, [33m1[39m, [33m1[39m, [33m1[39m, [33m1[39m, [33m1[39m, [33m1[39m, [33m1[39m, [33m1[39m, [33m1[39m, [33m1[39m,
    [33m1[39m, [33m1[39m, [33m1[39m, [33m1[39m, [33m1[39m, [33m1[39m, [33m1[39m, [33m1[39m, [33m1[39m, [33m1[39m, [33m1[39m, [33m1[39m,
    [33m1[39m, [33m1[39m, [33m1[39m, [33m1[39m, [33m1[39m, [33m1[39m, [33m1[39m, [33m1[39m, [33m1[39m, [33m1[39m, [33m1[39m, [33m1[39m,
    [33m1[39m, [33m1[39m, [33m1[39m, [33m1[39m, [33m1[39m, [33m1[39m, [33m1[39m, [33m1[39m, [33m1[39m, [33m1[39m, [33m1[39m, [33m1[39m,
    [33m1[39m, [33m1[39m, [33m1[39m, [33m1[39m, [33m1[39m, [33m1[39m, [33m1[39m, [33m1[39m, [33m1[39m, [33m1[39m, [33m1[39m, [33m1[39m,
    [33m1[39m, [33m1[39m, [33m1[39m, [33m1[39m, [33m1[39m, [33m1[39m, [33m1[39m, [33m1[39m, [33m1[39m, [33m1[39m, [33m1[39m, [33m1[39m,
    [33m1[39m, [33m1[39m, [33m1[39m, [33m1[39m, [33m1[39m, [33m1[39m, [33m1[39m, [33m1[39m, [33m1[39m, [33m1[39m, [33m1[39m, [33m1[39m,
    [33m1[39m, [33m1[39m, [33m1[39m, [33m1[39m, [33m1[39m, [33m1[39m, [33m1[39m, [33m1[39m, [33m1[39m, [33m1[39m, [33m1[39m, [33m1[39m,
    [33m1[39m, [33m1[39m, [33m1[39m, [33m1[39m,
    ... 130972 more items
  ],
  compressedData: Uint8Array(131072) [
    [33m1[39m, [33m1[39m, [33m1[39m, [33m1[39m, [33m1[39m, [33m1[39m, [33m1[39m, [33m1[39m, [33m1[39m, [33m1[39m, [33m1[39m, [33m1[39m,
    [33m1[39m, [33m1[39m, [33m1[39m, [33m1[39m, [33m1[39m, [33m1[39m, [33m1[39m, [33m1[39m, [33m1[39m, [33m1[39m, [33m1[39m, [33m1[39m,
    [33m1[39m, [33m1[39m, [33m1[39m, [33m1[39m, [33m1[39m, [33m1[39m, [33m1[39m, [33m1[39m, [33m1[39m, [33m1[39m, [33m1[39m, [33m1[39m,
    [33m1[39m, [33m1[39m, [33m1[39m, [33m1[39m, [33m1[39m, [33m1[39m, [33m1[39m, [33m1[39m, [33m1[39m, [33m1[39m, [33m1[39m, [33m1[39m,
    [33m1[39m, [33m1[39m, [33m1[39m, [33m1[39m, [33m1[39m, [33m1[39m, [33m1[39m, [33m1[39m, [33m1[39m, [33m1[39m, [33m1[39m, [33m1[39m,
    [33m1[39m, [33m1[39m, [33m1[39m, [33m1[39m, [33m1[39m, [33m1[39m, [33m1[39m, [33m1[39m, [33m1[39m, [33m1[39m, [33m1[39m, [33m1[39m,
    [33m1[39m, [33m1[39m, [33m1[39m, [33m1[39m, [33m1[39m, [33m1[39m, [33m1[39m, [33m1[39m, [33m1[39m, [33m1[39m, [33m1[39m, [33m1[39m,
    [33m1[39m, [33m1[39m, [33m1[39m, [33m1[39m, [33m1[39m, [33m1[39m, [33m1[39m, [33m1[39m, [33m1[39m, [33m1[39m, [33m1[39m, [33m1[39m,
    [33m1[39m, [33m1[39m, [33m1[39m, [33m1[39m,
    ... 130972 more items
  ],
  heightmap: Uint8Array(1024) [
    [33m0[39m, [33m0[39m, [33m0[39m, [33m0[39m, [33m0[39m, [33m0[39m, [33m0[39m, [33m0[39m, [33m0[39m, [33m0[39m, [33m0[39m, [33m0[39m,
    [33m0[39m, [33m0[39m, [33m0[39m, [33m0[39m, [33m0[39m, [33m0[39m, [33m0[39m, [33m0[39m, [33m0[39m, [33m0[39m, [33m0[39m, [33m0[39m,
    [33m0[39m, [33m0[39m, [33m0[39m, [33m0[39m, [33m0[39m, [33m0[39m, [33m0[39m, [33m0[39m, [33m0[39m, [33m0[39m, [33m0[39m, [33m0[39m,
    [33m0[39m, [33m0[39m, [33m0[39m, [33m0[39m, [33m0[39m, [33m0[39m, [33m0[39m, [33m0[39m, [33m0[39m, [33m0[39m, [33m0[39m, [33m0[39m,
    [33m0[39m, [33m0[39m, [33m0[39m, [33m0[39m, [33m0[39m, [33m0[39m, [33m0[39m, [33m0[39m, [33m0[39m, [33m0[39m, [33m0[39m, [33m0[39m,
    [33m0[39m, [33m0[39m, [33m0[39m, [33m0[39m, [33m0[39m, [33m0[39m, [33m0[39m, [33m0[39m, [33m0[39m, [33m0[39m, [33m0[39m, [33m0[39m,
    [33m0[39m, [33m0[39m, [33m0[39m, [33m0[39m, [33m0[39m, [33m0[39m, [33m0[39m, [33m0[39m, [33m0[39m, [33m0[39m, [33m0[39m, [33m0[39m,
    [33m0[39m, [33m0[39m, [33m0[39m, [33m0[39m, [33m0[39m, [33m0[39m, [33m0[39m, [33m0[39m, [33m0[39m, [33m0[39m, [33m0[39m, [33m0[39m,
    [33m0[39m, [33m0[39m, [33m0[39m, [33m0[39m,
    ... 924 more items
  ],
  x: [33m0[39m,
  z: [33m-2[39m,
  lodLevel: [33m0[39m
}
Chunk generated: Chunk {
  data: Uint8Array(131072) [
    [33m1[39m, [33m1[39m, [33m1[39m, [33m1[39m, [33m1[39m, [33m1[39m, [33m1[39m, [33m1[39m, [33m1[39m, [33m1[39m, [33m1[39m, [33m1[39m,
    [33m1[39m, [33m1[39m, [33m1[39m, [33m1[39m, [33m1[39m, [33m1[39m, [33m1[39m, [33m1[39m, [33m1[39m, [33m1[39m, [33m1[39m, [33m1[39m,
    [33m1[39m, [33m1[39m, [33m1[39m, [33m1[39m, [33m1[39m, [33m1[39m, [33m1[39m, [33m1[39m, [33m1[39m, [33m1[39m, [33m1[39m, [33m1[39m,
    [33m1[39m, [33m1[39m, [33m1[39m, [33m1[39m, [33m1[39m, [33m1[39m, [33m1[39m, [33m1[39m, [33m1[39m, [33m1[39m, [33m1[39m, [33m1[39m,
    [33m1[39m, [33m1[39m, [33m1[39m, [33m1[39m, [33m1[39m, [33m1[39m, [33m1[39m, [33m1[39m, [33m1[39m, [33m1[39m, [33m1[39m, [33m1[39m,
    [33m1[39m, [33m1[39m, [33m1[39m, [33m1[39m, [33m1[39m, [33m1[39m, [33m1[39m, [33m1[39m, [33m1[39m, [33m1[39m, [33m1[39m, [33m1[39m,
    [33m1[39m, [33m1[39m, [33m1[39m, [33m1[39m, [33m1[39m, [33m1[39m, [33m1[39m, [33m1[39m, [33m1[39m, [33m1[39m, [33m1[39m, [33m1[39m,
    [33m1[39m, [33m1[39m, [33m1[39m, [33m1[39m, [33m1[39m, [33m1[39m, [33m1[39m, [33m1[39m, [33m1[39m, [33m1[39m, [33m1[39m, [33m1[39m,
    [33m1[39m, [33m1[39m, [33m1[39m, [33m1[39m,
    ... 130972 more items
  ],
  compressedData: Uint8Array(131072) [
    [33m1[39m, [33m1[39m, [33m1[39m, [33m1[39m, [33m1[39m, [33m1[39m, [33m1[39m, [33m1[39m, [33m1[39m, [33m1[39m, [33m1[39m, [33m1[39m,
    [33m1[39m, [33m1[39m, [33m1[39m, [33m1[39m, [33m1[39m, [33m1[39m, [33m1[39m, [33m1[39m, [33m1[39m, [33m1[39m, [33m1[39m, [33m1[39m,
    [33m1[39m, [33m1[39m, [33m1[39m, [33m1[39m, [33m1[39m, [33m1[39m, [33m1[39m, [33m1[39m, [33m1[39m, [33m1[39m, [33m1[39m, [33m1[39m,
    [33m1[39m, [33m1[39m, [33m1[39m, [33m1[39m, [33m1[39m, [33m1[39m, [33m1[39m, [33m1[39m, [33m1[39m, [33m1[39m, [33m1[39m, [33m1[39m,
    [33m1[39m, [33m1[39m, [33m1[39m, [33m1[39m, [33m1[39m, [33m1[39m, [33m1[39m, [33m1[39m, [33m1[39m, [33m1[39m, [33m1[39m, [33m1[39m,
    [33m1[39m, [33m1[39m, [33m1[39m, [33m1[39m, [33m1[39m, [33m1[39m, [33m1[39m, [33m1[39m, [33m1[39m, [33m1[39m, [33m1[39m, [33m1[39m,
    [33m1[39m, [33m1[39m, [33m1[39m, [33m1[39m, [33m1[39m, [33m1[39m, [33m1[39m, [33m1[39m, [33m1[39m, [33m1[39m, [33m1[39m, [33m1[39m,
    [33m1[39m, [33m1[39m, [33m1[39m, [33m1[39m, [33m1[39m, [33m1[39m, [33m1[39m, [33m1[39m, [33m1[39m, [33m1[39m, [33m1[39m, [33m1[39m,
    [33m1[39m, [33m1[39m, [33m1[39m, [33m1[39m,
    ... 130972 more items
  ],
  heightmap: Uint8Array(1024) [
    [33m0[39m, [33m0[39m, [33m0[39m, [33m0[39m, [33m0[39m, [33m0[39m, [33m0[39m, [33m0[39m, [33m0[39m, [33m0[39m, [33m0[39m, [33m0[39m,
    [33m0[39m, [33m0[39m, [33m0[39m, [33m0[39m, [33m0[39m, [33m0[39m, [33m0[39m, [33m0[39m, [33m0[39m, [33m0[39m, [33m0[39m, [33m0[39m,
    [33m0[39m, [33m0[39m, [33m0[39m, [33m0[39m, [33m0[39m, [33m0[39m, [33m0[39m, [33m0[39m, [33m0[39m, [33m0[39m, [33m0[39m, [33m0[39m,
    [33m0[39m, [33m0[39m, [33m0[39m, [33m0[39m, [33m0[39m, [33m0[39m, [33m0[39m, [33m0[39m, [33m0[39m, [33m0[39m, [33m0[39m, [33m0[39m,
    [33m0[39m, [33m0[39m, [33m0[39m, [33m0[39m, [33m0[39m, [33m0[39m, [33m0[39m, [33m0[39m, [33m0[39m, [33m0[39m, [33m0[39m, [33m0[39m,
    [33m0[39m, [33m0[39m, [33m0[39m, [33m0[39m, [33m0[39m, [33m0[39m, [33m0[39m, [33m0[39m, [33m0[39m, [33m0[39m, [33m0[39m, [33m0[39m,
    [33m0[39m, [33m0[39m, [33m0[39m, [33m0[39m, [33m0[39m, [33m0[39m, [33m0[39m, [33m0[39m, [33m0[39m, [33m0[39m, [33m0[39m, [33m0[39m,
    [33m0[39m, [33m0[39m, [33m0[39m, [33m0[39m, [33m0[39m, [33m0[39m, [33m0[39m, [33m0[39m, [33m0[39m, [33m0[39m, [33m0[39m, [33m0[39m,
    [33m0[39m, [33m0[39m, [33m0[39m, [33m0[39m,
    ... 924 more items
  ],
  x: [33m0[39m,
  z: [33m1[39m,
  lodLevel: [33m0[39m
}
Mesh generated: BufferGeometry {
  isBufferGeometry: [33mtrue[39m,
  uuid: [32m'a52d52ce-6473-4d8c-8f01-86cad4cb31ac'[39m,
  name: [32m''[39m,
  type: [32m'BufferGeometry'[39m,
  index: BufferAttribute {
    isBufferAttribute: [33mtrue[39m,
    name: [32m''[39m,
    array: Uint32Array(36) [
       [33m0[39m,  [33m1[39m,  [33m2[39m,  [33m0[39m,  [33m2[39m,  [33m3[39m,  [33m4[39m,  [33m5[39m,  [33m6[39m,
       [33m4[39m,  [33m6[39m,  [33m7[39m,  [33m8[39m,  [33m9[39m, [33m10[39m,  [33m8[39m, [33m10[39m, [33m11[39m,
      [33m12[39m, [33m13[39m, [33m14[39m, [33m12[39m, [33m14[39m, [33m15[39m, [33m16[39m, [33m17[39m, [33m18[39m,
      [33m16[39m, [33m18[39m, [33m19[39m, [33m20[39m, [33m21[39m, [33m22[39m, [33m20[39m, [33m22[39m, [33m23[39m
    ],
    itemSize: [33m1[39m,
    count: [33m36[39m,
    normalized: [33mfalse[39m,
    usage: [33m35044[39m,
    _updateRange: { offset: [33m0[39m, count: [33m-1[39m },
    updateRanges: [],
    gpuType: [33m1015[39m,
    version: [33m0[39m
  },
  attributes: {
    position: BufferAttribute {
      isBufferAttribute: [33mtrue[39m,
      name: [32m''[39m,
      array: [36m[Float32Array][39m,
      itemSize: [33m3[39m,
      count: [33m24[39m,
      normalized: [33mfalse[39m,
      usage: [33m35044[39m,
      _updateRange: [36m[Object][39m,
      updateRanges: [],
      gpuType: [33m1015[39m,
      version: [33m0[39m
    },
    normal: BufferAttribute {
      isBufferAttribute: [33mtrue[39m,
      name: [32m''[39m,
      array: [36m[Float32Array][39m,
      itemSize: [33m3[39m,
      count: [33m24[39m,
      normalized: [33mfalse[39m,
      usage: [33m35044[39m,
      _updateRange: [36m[Object][39m,
      updateRanges: [],
      gpuType: [33m1015[39m,
      version: [33m0[39m
    },
    uv: BufferAttribute {
      isBufferAttribute: [33mtrue[39m,
      name: [32m''[39m,
      array: [36m[Float32Array][39m,
      itemSize: [33m2[39m,
      count: [33m24[39m,
      normalized: [33mfalse[39m,
      usage: [33m35044[39m,
      _updateRange: [36m[Object][39m,
      updateRanges: [],
      gpuType: [33m1015[39m,
      version: [33m0[39m
    }
  },
  morphAttributes: {},
  morphTargetsRelative: [33mfalse[39m,
  groups: [],
  boundingBox: [1mnull[22m,
  boundingSphere: [1mnull[22m,
  drawRange: { start: [33m0[39m, count: [33mInfinity[39m },
  userData: {}
}
Chunk loaded at 0, -2 with LOD 0
Mesh generated: BufferGeometry {
  isBufferGeometry: [33mtrue[39m,
  uuid: [32m'c9898283-e2d7-41de-958b-8696f010f230'[39m,
  name: [32m''[39m,
  type: [32m'BufferGeometry'[39m,
  index: BufferAttribute {
    isBufferAttribute: [33mtrue[39m,
    name: [32m''[39m,
    array: Uint32Array(36) [
       [33m0[39m,  [33m1[39m,  [33m2[39m,  [33m0[39m,  [33m2[39m,  [33m3[39m,  [33m4[39m,  [33m5[39m,  [33m6[39m,
       [33m4[39m,  [33m6[39m,  [33m7[39m,  [33m8[39m,  [33m9[39m, [33m10[39m,  [33m8[39m, [33m10[39m, [33m11[39m,
      [33m12[39m, [33m13[39m, [33m14[39m, [33m12[39m, [33m14[39m, [33m15[39m, [33m16[39m, [33m17[39m, [33m18[39m,
      [33m16[39m, [33m18[39m, [33m19[39m, [33m20[39m, [33m21[39m, [33m22[39m, [33m20[39m, [33m22[39m, [33m23[39m
    ],
    itemSize: [33m1[39m,
    count: [33m36[39m,
    normalized: [33mfalse[39m,
    usage: [33m35044[39m,
    _updateRange: { offset: [33m0[39m, count: [33m-1[39m },
    updateRanges: [],
    gpuType: [33m1015[39m,
    version: [33m0[39m
  },
  attributes: {
    position: BufferAttribute {
      isBufferAttribute: [33mtrue[39m,
      name: [32m''[39m,
      array: [36m[Float32Array][39m,
      itemSize: [33m3[39m,
      count: [33m24[39m,
      normalized: [33mfalse[39m,
      usage: [33m35044[39m,
      _updateRange: [36m[Object][39m,
      updateRanges: [],
      gpuType: [33m1015[39m,
      version: [33m0[39m
    },
    normal: BufferAttribute {
      isBufferAttribute: [33mtrue[39m,
      name: [32m''[39m,
      array: [36m[Float32Array][39m,
      itemSize: [33m3[39m,
      count: [33m24[39m,
      normalized: [33mfalse[39m,
      usage: [33m35044[39m,
      _updateRange: [36m[Object][39m,
      updateRanges: [],
      gpuType: [33m1015[39m,
      version: [33m0[39m
    },
    uv: BufferAttribute {
      isBufferAttribute: [33mtrue[39m,
      name: [32m''[39m,
      array: [36m[Float32Array][39m,
      itemSize: [33m2[39m,
      count: [33m24[39m,
      normalized: [33mfalse[39m,
      usage: [33m35044[39m,
      _updateRange: [36m[Object][39m,
      updateRanges: [],
      gpuType: [33m1015[39m,
      version: [33m0[39m
    }
  },
  morphAttributes: {},
  morphTargetsRelative: [33mfalse[39m,
  groups: [],
  boundingBox: [1mnull[22m,
  boundingSphere: [1mnull[22m,
  drawRange: { start: [33m0[39m, count: [33mInfinity[39m },
  userData: {}
}
Chunk loaded at 0, 1 with LOD 0

[90mstdout[2m | src/world/ChunkManager.test.ts[2m > [22m[2mChunkManager[2m > [22m[2mshould unload chunks that are too far from player[22m[39m
Loading chunk at -1, -1 with LOD 0
Loading chunk at -1, 0 with LOD 0
Chunk generated: Chunk {
  data: Uint8Array(131072) [
    [33m1[39m, [33m1[39m, [33m1[39m, [33m1[39m, [33m1[39m, [33m1[39m, [33m1[39m, [33m1[39m, [33m1[39m, [33m1[39m, [33m1[39m, [33m1[39m,
    [33m1[39m, [33m1[39m, [33m1[39m, [33m1[39m, [33m1[39m, [33m1[39m, [33m1[39m, [33m1[39m, [33m1[39m, [33m1[39m, [33m1[39m, [33m1[39m,
    [33m1[39m, [33m1[39m, [33m1[39m, [33m1[39m, [33m1[39m, [33m1[39m, [33m1[39m, [33m1[39m, [33m1[39m, [33m1[39m, [33m1[39m, [33m1[39m,
    [33m1[39m, [33m1[39m, [33m1[39m, [33m1[39m, [33m1[39m, [33m1[39m, [33m1[39m, [33m1[39m, [33m1[39m, [33m1[39m, [33m1[39m, [33m1[39m,
    [33m1[39m, [33m1[39m, [33m1[39m, [33m1[39m, [33m1[39m, [33m1[39m, [33m1[39m, [33m1[39m, [33m1[39m, [33m1[39m, [33m1[39m, [33m1[39m,
    [33m1[39m, [33m1[39m, [33m1[39m, [33m1[39m, [33m1[39m, [33m1[39m, [33m1[39m, [33m1[39m, [33m1[39m, [33m1[39m, [33m1[39m, [33m1[39m,
    [33m1[39m, [33m1[39m, [33m1[39m, [33m1[39m, [33m1[39m, [33m1[39m, [33m1[39m, [33m1[39m, [33m1[39m, [33m1[39m, [33m1[39m, [33m1[39m,
    [33m1[39m, [33m1[39m, [33m1[39m, [33m1[39m, [33m1[39m, [33m1[39m, [33m1[39m, [33m1[39m, [33m1[39m, [33m1[39m, [33m1[39m, [33m1[39m,
    [33m1[39m, [33m1[39m, [33m1[39m, [33m1[39m,
    ... 130972 more items
  ],
  compressedData: Uint8Array(131072) [
    [33m1[39m, [33m1[39m, [33m1[39m, [33m1[39m, [33m1[39m, [33m1[39m, [33m1[39m, [33m1[39m, [33m1[39m, [33m1[39m, [33m1[39m, [33m1[39m,
    [33m1[39m, [33m1[39m, [33m1[39m, [33m1[39m, [33m1[39m, [33m1[39m, [33m1[39m, [33m1[39m, [33m1[39m, [33m1[39m, [33m1[39m, [33m1[39m,
    [33m1[39m, [33m1[39m, [33m1[39m, [33m1[39m, [33m1[39m, [33m1[39m, [33m1[39m, [33m1[39m, [33m1[39m, [33m1[39m, [33m1[39m, [33m1[39m,
    [33m1[39m, [33m1[39m, [33m1[39m, [33m1[39m, [33m1[39m, [33m1[39m, [33m1[39m, [33m1[39m, [33m1[39m, [33m1[39m, [33m1[39m, [33m1[39m,
    [33m1[39m, [33m1[39m, [33m1[39m, [33m1[39m, [33m1[39m, [33m1[39m, [33m1[39m, [33m1[39m, [33m1[39m, [33m1[39m, [33m1[39m, [33m1[39m,
    [33m1[39m, [33m1[39m, [33m1[39m, [33m1[39m, [33m1[39m, [33m1[39m, [33m1[39m, [33m1[39m, [33m1[39m, [33m1[39m, [33m1[39m, [33m1[39m,
    [33m1[39m, [33m1[39m, [33m1[39m, [33m1[39m, [33m1[39m, [33m1[39m, [33m1[39m, [33m1[39m, [33m1[39m, [33m1[39m, [33m1[39m, [33m1[39m,
    [33m1[39m, [33m1[39m, [33m1[39m, [33m1[39m, [33m1[39m, [33m1[39m, [33m1[39m, [33m1[39m, [33m1[39m, [33m1[39m, [33m1[39m, [33m1[39m,
    [33m1[39m, [33m1[39m, [33m1[39m, [33m1[39m,
    ... 130972 more items
  ],
  heightmap: Uint8Array(1024) [
    [33m0[39m, [33m0[39m, [33m0[39m, [33m0[39m, [33m0[39m, [33m0[39m, [33m0[39m, [33m0[39m, [33m0[39m, [33m0[39m, [33m0[39m, [33m0[39m,
    [33m0[39m, [33m0[39m, [33m0[39m, [33m0[39m, [33m0[39m, [33m0[39m, [33m0[39m, [33m0[39m, [33m0[39m, [33m0[39m, [33m0[39m, [33m0[39m,
    [33m0[39m, [33m0[39m, [33m0[39m, [33m0[39m, [33m0[39m, [33m0[39m, [33m0[39m, [33m0[39m, [33m0[39m, [33m0[39m, [33m0[39m, [33m0[39m,
    [33m0[39m, [33m0[39m, [33m0[39m, [33m0[39m, [33m0[39m, [33m0[39m, [33m0[39m, [33m0[39m, [33m0[39m, [33m0[39m, [33m0[39m, [33m0[39m,
    [33m0[39m, [33m0[39m, [33m0[39m, [33m0[39m, [33m0[39m, [33m0[39m, [33m0[39m, [33m0[39m, [33m0[39m, [33m0[39m, [33m0[39m, [33m0[39m,
    [33m0[39m, [33m0[39m, [33m0[39m, [33m0[39m, [33m0[39m, [33m0[39m, [33m0[39m, [33m0[39m, [33m0[39m, [33m0[39m, [33m0[39m, [33m0[39m,
    [33m0[39m, [33m0[39m, [33m0[39m, [33m0[39m, [33m0[39m, [33m0[39m, [33m0[39m, [33m0[39m, [33m0[39m, [33m0[39m, [33m0[39m, [33m0[39m,
    [33m0[39m, [33m0[39m, [33m0[39m, [33m0[39m, [33m0[39m, [33m0[39m, [33m0[39m, [33m0[39m, [33m0[39m, [33m0[39m, [33m0[39m, [33m0[39m,
    [33m0[39m, [33m0[39m, [33m0[39m, [33m0[39m,
    ... 924 more items
  ],
  x: [33m-1[39m,
  z: [33m-1[39m,
  lodLevel: [33m0[39m
}
Chunk generated: Chunk {
  data: Uint8Array(131072) [
    [33m1[39m, [33m1[39m, [33m1[39m, [33m1[39m, [33m1[39m, [33m1[39m, [33m1[39m, [33m1[39m, [33m1[39m, [33m1[39m, [33m1[39m, [33m1[39m,
    [33m1[39m, [33m1[39m, [33m1[39m, [33m1[39m, [33m1[39m, [33m1[39m, [33m1[39m, [33m1[39m, [33m1[39m, [33m1[39m, [33m1[39m, [33m1[39m,
    [33m1[39m, [33m1[39m, [33m1[39m, [33m1[39m, [33m1[39m, [33m1[39m, [33m1[39m, [33m1[39m, [33m1[39m, [33m1[39m, [33m1[39m, [33m1[39m,
    [33m1[39m, [33m1[39m, [33m1[39m, [33m1[39m, [33m1[39m, [33m1[39m, [33m1[39m, [33m1[39m, [33m1[39m, [33m1[39m, [33m1[39m, [33m1[39m,
    [33m1[39m, [33m1[39m, [33m1[39m, [33m1[39m, [33m1[39m, [33m1[39m, [33m1[39m, [33m1[39m, [33m1[39m, [33m1[39m, [33m1[39m, [33m1[39m,
    [33m1[39m, [33m1[39m, [33m1[39m, [33m1[39m, [33m1[39m, [33m1[39m, [33m1[39m, [33m1[39m, [33m1[39m, [33m1[39m, [33m1[39m, [33m1[39m,
    [33m1[39m, [33m1[39m, [33m1[39m, [33m1[39m, [33m1[39m, [33m1[39m, [33m1[39m, [33m1[39m, [33m1[39m, [33m1[39m, [33m1[39m, [33m1[39m,
    [33m1[39m, [33m1[39m, [33m1[39m, [33m1[39m, [33m1[39m, [33m1[39m, [33m1[39m, [33m1[39m, [33m1[39m, [33m1[39m, [33m1[39m, [33m1[39m,
    [33m1[39m, [33m1[39m, [33m1[39m, [33m1[39m,
    ... 130972 more items
  ],
  compressedData: Uint8Array(131072) [
    [33m1[39m, [33m1[39m, [33m1[39m, [33m1[39m, [33m1[39m, [33m1[39m, [33m1[39m, [33m1[39m, [33m1[39m, [33m1[39m, [33m1[39m, [33m1[39m,
    [33m1[39m, [33m1[39m, [33m1[39m, [33m1[39m, [33m1[39m, [33m1[39m, [33m1[39m, [33m1[39m, [33m1[39m, [33m1[39m, [33m1[39m, [33m1[39m,
    [33m1[39m, [33m1[39m, [33m1[39m, [33m1[39m, [33m1[39m, [33m1[39m, [33m1[39m, [33m1[39m, [33m1[39m, [33m1[39m, [33m1[39m, [33m1[39m,
    [33m1[39m, [33m1[39m, [33m1[39m, [33m1[39m, [33m1[39m, [33m1[39m, [33m1[39m, [33m1[39m, [33m1[39m, [33m1[39m, [33m1[39m, [33m1[39m,
    [33m1[39m, [33m1[39m, [33m1[39m, [33m1[39m, [33m1[39m, [33m1[39m, [33m1[39m, [33m1[39m, [33m1[39m, [33m1[39m, [33m1[39m, [33m1[39m,
    [33m1[39m, [33m1[39m, [33m1[39m, [33m1[39m, [33m1[39m, [33m1[39m, [33m1[39m, [33m1[39m, [33m1[39m, [33m1[39m, [33m1[39m, [33m1[39m,
    [33m1[39m, [33m1[39m, [33m1[39m, [33m1[39m, [33m1[39m, [33m1[39m, [33m1[39m, [33m1[39m, [33m1[39m, [33m1[39m, [33m1[39m, [33m1[39m,
    [33m1[39m, [33m1[39m, [33m1[39m, [33m1[39m, [33m1[39m, [33m1[39m, [33m1[39m, [33m1[39m, [33m1[39m, [33m1[39m, [33m1[39m, [33m1[39m,
    [33m1[39m, [33m1[39m, [33m1[39m, [33m1[39m,
    ... 130972 more items
  ],
  heightmap: Uint8Array(1024) [
    [33m0[39m, [33m0[39m, [33m0[39m, [33m0[39m, [33m0[39m, [33m0[39m, [33m0[39m, [33m0[39m, [33m0[39m, [33m0[39m, [33m0[39m, [33m0[39m,
    [33m0[39m, [33m0[39m, [33m0[39m, [33m0[39m, [33m0[39m, [33m0[39m, [33m0[39m, [33m0[39m, [33m0[39m, [33m0[39m, [33m0[39m, [33m0[39m,
    [33m0[39m, [33m0[39m, [33m0[39m, [33m0[39m, [33m0[39m, [33m0[39m, [33m0[39m, [33m0[39m, [33m0[39m, [33m0[39m, [33m0[39m, [33m0[39m,
    [33m0[39m, [33m0[39m, [33m0[39m, [33m0[39m, [33m0[39m, [33m0[39m, [33m0[39m, [33m0[39m, [33m0[39m, [33m0[39m, [33m0[39m, [33m0[39m,
    [33m0[39m, [33m0[39m, [33m0[39m, [33m0[39m, [33m0[39m, [33m0[39m, [33m0[39m, [33m0[39m, [33m0[39m, [33m0[39m, [33m0[39m, [33m0[39m,
    [33m0[39m, [33m0[39m, [33m0[39m, [33m0[39m, [33m0[39m, [33m0[39m, [33m0[39m, [33m0[39m, [33m0[39m, [33m0[39m, [33m0[39m, [33m0[39m,
    [33m0[39m, [33m0[39m, [33m0[39m, [33m0[39m, [33m0[39m, [33m0[39m, [33m0[39m, [33m0[39m, [33m0[39m, [33m0[39m, [33m0[39m, [33m0[39m,
    [33m0[39m, [33m0[39m, [33m0[39m, [33m0[39m, [33m0[39m, [33m0[39m, [33m0[39m, [33m0[39m, [33m0[39m, [33m0[39m, [33m0[39m, [33m0[39m,
    [33m0[39m, [33m0[39m, [33m0[39m, [33m0[39m,
    ... 924 more items
  ],
  x: [33m-1[39m,
  z: [33m0[39m,
  lodLevel: [33m0[39m
}
Mesh generated: BufferGeometry {
  isBufferGeometry: [33mtrue[39m,
  uuid: [32m'548eef84-e622-4bc9-91c5-cbc4feeeff72'[39m,
  name: [32m''[39m,
  type: [32m'BufferGeometry'[39m,
  index: BufferAttribute {
    isBufferAttribute: [33mtrue[39m,
    name: [32m''[39m,
    array: Uint32Array(36) [
       [33m0[39m,  [33m1[39m,  [33m2[39m,  [33m0[39m,  [33m2[39m,  [33m3[39m,  [33m4[39m,  [33m5[39m,  [33m6[39m,
       [33m4[39m,  [33m6[39m,  [33m7[39m,  [33m8[39m,  [33m9[39m, [33m10[39m,  [33m8[39m, [33m10[39m, [33m11[39m,
      [33m12[39m, [33m13[39m, [33m14[39m, [33m12[39m, [33m14[39m, [33m15[39m, [33m16[39m, [33m17[39m, [33m18[39m,
      [33m16[39m, [33m18[39m, [33m19[39m, [33m20[39m, [33m21[39m, [33m22[39m, [33m20[39m, [33m22[39m, [33m23[39m
    ],
    itemSize: [33m1[39m,
    count: [33m36[39m,
    normalized: [33mfalse[39m,
    usage: [33m35044[39m,
    _updateRange: { offset: [33m0[39m, count: [33m-1[39m },
    updateRanges: [],
    gpuType: [33m1015[39m,
    version: [33m0[39m
  },
  attributes: {
    position: BufferAttribute {
      isBufferAttribute: [33mtrue[39m,
      name: [32m''[39m,
      array: [36m[Float32Array][39m,
      itemSize: [33m3[39m,
      count: [33m24[39m,
      normalized: [33mfalse[39m,
      usage: [33m35044[39m,
      _updateRange: [36m[Object][39m,
      updateRanges: [],
      gpuType: [33m1015[39m,
      version: [33m0[39m
    },
    normal: BufferAttribute {
      isBufferAttribute: [33mtrue[39m,
      name: [32m''[39m,
      array: [36m[Float32Array][39m,
      itemSize: [33m3[39m,
      count: [33m24[39m,
      normalized: [33mfalse[39m,
      usage: [33m35044[39m,
      _updateRange: [36m[Object][39m,
      updateRanges: [],
      gpuType: [33m1015[39m,
      version: [33m0[39m
    },
    uv: BufferAttribute {
      isBufferAttribute: [33mtrue[39m,
      name: [32m''[39m,
      array: [36m[Float32Array][39m,
      itemSize: [33m2[39m,
      count: [33m24[39m,
      normalized: [33mfalse[39m,
      usage: [33m35044[39m,
      _updateRange: [36m[Object][39m,
      updateRanges: [],
      gpuType: [33m1015[39m,
      version: [33m0[39m
    }
  },
  morphAttributes: {},
  morphTargetsRelative: [33mfalse[39m,
  groups: [],
  boundingBox: [1mnull[22m,
  boundingSphere: [1mnull[22m,
  drawRange: { start: [33m0[39m, count: [33mInfinity[39m },
  userData: {}
}
Chunk loaded at -1, -1 with LOD 0
Mesh generated: BufferGeometry {
  isBufferGeometry: [33mtrue[39m,
  uuid: [32m'25b73225-23e1-48c5-affb-3d77412f6112'[39m,
  name: [32m''[39m,
  type: [32m'BufferGeometry'[39m,
  index: BufferAttribute {
    isBufferAttribute: [33mtrue[39m,
    name: [32m''[39m,
    array: Uint32Array(36) [
       [33m0[39m,  [33m1[39m,  [33m2[39m,  [33m0[39m,  [33m2[39m,  [33m3[39m,  [33m4[39m,  [33m5[39m,  [33m6[39m,
       [33m4[39m,  [33m6[39m,  [33m7[39m,  [33m8[39m,  [33m9[39m, [33m10[39m,  [33m8[39m, [33m10[39m, [33m11[39m,
      [33m12[39m, [33m13[39m, [33m14[39m, [33m12[39m, [33m14[39m, [33m15[39m, [33m16[39m, [33m17[39m, [33m18[39m,
      [33m16[39m, [33m18[39m, [33m19[39m, [33m20[39m, [33m21[39m, [33m22[39m, [33m20[39m, [33m22[39m, [33m23[39m
    ],
    itemSize: [33m1[39m,
    count: [33m36[39m,
    normalized: [33mfalse[39m,
    usage: [33m35044[39m,
    _updateRange: { offset: [33m0[39m, count: [33m-1[39m },
    updateRanges: [],
    gpuType: [33m1015[39m,
    version: [33m0[39m
  },
  attributes: {
    position: BufferAttribute {
      isBufferAttribute: [33mtrue[39m,
      name: [32m''[39m,
      array: [36m[Float32Array][39m,
      itemSize: [33m3[39m,
      count: [33m24[39m,
      normalized: [33mfalse[39m,
      usage: [33m35044[39m,
      _updateRange: [36m[Object][39m,
      updateRanges: [],
      gpuType: [33m1015[39m,
      version: [33m0[39m
    },
    normal: BufferAttribute {
      isBufferAttribute: [33mtrue[39m,
      name: [32m''[39m,
      array: [36m[Float32Array][39m,
      itemSize: [33m3[39m,
      count: [33m24[39m,
      normalized: [33mfalse[39m,
      usage: [33m35044[39m,
      _updateRange: [36m[Object][39m,
      updateRanges: [],
      gpuType: [33m1015[39m,
      version: [33m0[39m
    },
    uv: BufferAttribute {
      isBufferAttribute: [33mtrue[39m,
      name: [32m''[39m,
      array: [36m[Float32Array][39m,
      itemSize: [33m2[39m,
      count: [33m24[39m,
      normalized: [33mfalse[39m,
      usage: [33m35044[39m,
      _updateRange: [36m[Object][39m,
      updateRanges: [],
      gpuType: [33m1015[39m,
      version: [33m0[39m
    }
  },
  morphAttributes: {},
  morphTargetsRelative: [33mfalse[39m,
  groups: [],
  boundingBox: [1mnull[22m,
  boundingSphere: [1mnull[22m,
  drawRange: { start: [33m0[39m, count: [33mInfinity[39m },
  userData: {}
}
Chunk loaded at -1, 0 with LOD 0

[90mstdout[2m | src/world/ChunkManager.test.ts[2m > [22m[2mChunkManager[2m > [22m[2mshould unload chunks that are too far from player[22m[39m
Loading chunk at 0, -1 with LOD 0
Loading chunk at 0, 0 with LOD 0
Chunk generated: Chunk {
  data: Uint8Array(131072) [
    [33m1[39m, [33m1[39m, [33m1[39m, [33m1[39m, [33m1[39m, [33m1[39m, [33m1[39m, [33m1[39m, [33m1[39m, [33m1[39m, [33m1[39m, [33m1[39m,
    [33m1[39m, [33m1[39m, [33m1[39m, [33m1[39m, [33m1[39m, [33m1[39m, [33m1[39m, [33m1[39m, [33m1[39m, [33m1[39m, [33m1[39m, [33m1[39m,
    [33m1[39m, [33m1[39m, [33m1[39m, [33m1[39m, [33m1[39m, [33m1[39m, [33m1[39m, [33m1[39m, [33m1[39m, [33m1[39m, [33m1[39m, [33m1[39m,
    [33m1[39m, [33m1[39m, [33m1[39m, [33m1[39m, [33m1[39m, [33m1[39m, [33m1[39m, [33m1[39m, [33m1[39m, [33m1[39m, [33m1[39m, [33m1[39m,
    [33m1[39m, [33m1[39m, [33m1[39m, [33m1[39m, [33m1[39m, [33m1[39m, [33m1[39m, [33m1[39m, [33m1[39m, [33m1[39m, [33m1[39m, [33m1[39m,
    [33m1[39m, [33m1[39m, [33m1[39m, [33m1[39m, [33m1[39m, [33m1[39m, [33m1[39m, [33m1[39m, [33m1[39m, [33m1[39m, [33m1[39m, [33m1[39m,
    [33m1[39m, [33m1[39m, [33m1[39m, [33m1[39m, [33m1[39m, [33m1[39m, [33m1[39m, [33m1[39m, [33m1[39m, [33m1[39m, [33m1[39m, [33m1[39m,
    [33m1[39m, [33m1[39m, [33m1[39m, [33m1[39m, [33m1[39m, [33m1[39m, [33m1[39m, [33m1[39m, [33m1[39m, [33m1[39m, [33m1[39m, [33m1[39m,
    [33m1[39m, [33m1[39m, [33m1[39m, [33m1[39m,
    ... 130972 more items
  ],
  compressedData: Uint8Array(131072) [
    [33m1[39m, [33m1[39m, [33m1[39m, [33m1[39m, [33m1[39m, [33m1[39m, [33m1[39m, [33m1[39m, [33m1[39m, [33m1[39m, [33m1[39m, [33m1[39m,
    [33m1[39m, [33m1[39m, [33m1[39m, [33m1[39m, [33m1[39m, [33m1[39m, [33m1[39m, [33m1[39m, [33m1[39m, [33m1[39m, [33m1[39m, [33m1[39m,
    [33m1[39m, [33m1[39m, [33m1[39m, [33m1[39m, [33m1[39m, [33m1[39m, [33m1[39m, [33m1[39m, [33m1[39m, [33m1[39m, [33m1[39m, [33m1[39m,
    [33m1[39m, [33m1[39m, [33m1[39m, [33m1[39m, [33m1[39m, [33m1[39m, [33m1[39m, [33m1[39m, [33m1[39m, [33m1[39m, [33m1[39m, [33m1[39m,
    [33m1[39m, [33m1[39m, [33m1[39m, [33m1[39m, [33m1[39m, [33m1[39m, [33m1[39m, [33m1[39m, [33m1[39m, [33m1[39m, [33m1[39m, [33m1[39m,
    [33m1[39m, [33m1[39m, [33m1[39m, [33m1[39m, [33m1[39m, [33m1[39m, [33m1[39m, [33m1[39m, [33m1[39m, [33m1[39m, [33m1[39m, [33m1[39m,
    [33m1[39m, [33m1[39m, [33m1[39m, [33m1[39m, [33m1[39m, [33m1[39m, [33m1[39m, [33m1[39m, [33m1[39m, [33m1[39m, [33m1[39m, [33m1[39m,
    [33m1[39m, [33m1[39m, [33m1[39m, [33m1[39m, [33m1[39m, [33m1[39m, [33m1[39m, [33m1[39m, [33m1[39m, [33m1[39m, [33m1[39m, [33m1[39m,
    [33m1[39m, [33m1[39m, [33m1[39m, [33m1[39m,
    ... 130972 more items
  ],
  heightmap: Uint8Array(1024) [
    [33m0[39m, [33m0[39m, [33m0[39m, [33m0[39m, [33m0[39m, [33m0[39m, [33m0[39m, [33m0[39m, [33m0[39m, [33m0[39m, [33m0[39m, [33m0[39m,
    [33m0[39m, [33m0[39m, [33m0[39m, [33m0[39m, [33m0[39m, [33m0[39m, [33m0[39m, [33m0[39m, [33m0[39m, [33m0[39m, [33m0[39m, [33m0[39m,
    [33m0[39m, [33m0[39m, [33m0[39m, [33m0[39m, [33m0[39m, [33m0[39m, [33m0[39m, [33m0[39m, [33m0[39m, [33m0[39m, [33m0[39m, [33m0[39m,
    [33m0[39m, [33m0[39m, [33m0[39m, [33m0[39m, [33m0[39m, [33m0[39m, [33m0[39m, [33m0[39m, [33m0[39m, [33m0[39m, [33m0[39m, [33m0[39m,
    [33m0[39m, [33m0[39m, [33m0[39m, [33m0[39m, [33m0[39m, [33m0[39m, [33m0[39m, [33m0[39m, [33m0[39m, [33m0[39m, [33m0[39m, [33m0[39m,
    [33m0[39m, [33m0[39m, [33m0[39m, [33m0[39m, [33m0[39m, [33m0[39m, [33m0[39m, [33m0[39m, [33m0[39m, [33m0[39m, [33m0[39m, [33m0[39m,
    [33m0[39m, [33m0[39m, [33m0[39m, [33m0[39m, [33m0[39m, [33m0[39m, [33m0[39m, [33m0[39m, [33m0[39m, [33m0[39m, [33m0[39m, [33m0[39m,
    [33m0[39m, [33m0[39m, [33m0[39m, [33m0[39m, [33m0[39m, [33m0[39m, [33m0[39m, [33m0[39m, [33m0[39m, [33m0[39m, [33m0[39m, [33m0[39m,
    [33m0[39m, [33m0[39m, [33m0[39m, [33m0[39m,
    ... 924 more items
  ],
  x: [33m0[39m,
  z: [33m-1[39m,
  lodLevel: [33m0[39m
}
Chunk generated: Chunk {
  data: Uint8Array(131072) [
    [33m1[39m, [33m1[39m, [33m1[39m, [33m1[39m, [33m1[39m, [33m1[39m, [33m1[39m, [33m1[39m, [33m1[39m, [33m1[39m, [33m1[39m, [33m1[39m,
    [33m1[39m, [33m1[39m, [33m1[39m, [33m1[39m, [33m1[39m, [33m1[39m, [33m1[39m, [33m1[39m, [33m1[39m, [33m1[39m, [33m1[39m, [33m1[39m,
    [33m1[39m, [33m1[39m, [33m1[39m, [33m1[39m, [33m1[39m, [33m1[39m, [33m1[39m, [33m1[39m, [33m1[39m, [33m1[39m, [33m1[39m, [33m1[39m,
    [33m1[39m, [33m1[39m, [33m1[39m, [33m1[39m, [33m1[39m, [33m1[39m, [33m1[39m, [33m1[39m, [33m1[39m, [33m1[39m, [33m1[39m, [33m1[39m,
    [33m1[39m, [33m1[39m, [33m1[39m, [33m1[39m, [33m1[39m, [33m1[39m, [33m1[39m, [33m1[39m, [33m1[39m, [33m1[39m, [33m1[39m, [33m1[39m,
    [33m1[39m, [33m1[39m, [33m1[39m, [33m1[39m, [33m1[39m, [33m1[39m, [33m1[39m, [33m1[39m, [33m1[39m, [33m1[39m, [33m1[39m, [33m1[39m,
    [33m1[39m, [33m1[39m, [33m1[39m, [33m1[39m, [33m1[39m, [33m1[39m, [33m1[39m, [33m1[39m, [33m1[39m, [33m1[39m, [33m1[39m, [33m1[39m,
    [33m1[39m, [33m1[39m, [33m1[39m, [33m1[39m, [33m1[39m, [33m1[39m, [33m1[39m, [33m1[39m, [33m1[39m, [33m1[39m, [33m1[39m, [33m1[39m,
    [33m1[39m, [33m1[39m, [33m1[39m, [33m1[39m,
    ... 130972 more items
  ],
  compressedData: Uint8Array(131072) [
    [33m1[39m, [33m1[39m, [33m1[39m, [33m1[39m, [33m1[39m, [33m1[39m, [33m1[39m, [33m1[39m, [33m1[39m, [33m1[39m, [33m1[39m, [33m1[39m,
    [33m1[39m, [33m1[39m, [33m1[39m, [33m1[39m, [33m1[39m, [33m1[39m, [33m1[39m, [33m1[39m, [33m1[39m, [33m1[39m, [33m1[39m, [33m1[39m,
    [33m1[39m, [33m1[39m, [33m1[39m, [33m1[39m, [33m1[39m, [33m1[39m, [33m1[39m, [33m1[39m, [33m1[39m, [33m1[39m, [33m1[39m, [33m1[39m,
    [33m1[39m, [33m1[39m, [33m1[39m, [33m1[39m, [33m1[39m, [33m1[39m, [33m1[39m, [33m1[39m, [33m1[39m, [33m1[39m, [33m1[39m, [33m1[39m,
    [33m1[39m, [33m1[39m, [33m1[39m, [33m1[39m, [33m1[39m, [33m1[39m, [33m1[39m, [33m1[39m, [33m1[39m, [33m1[39m, [33m1[39m, [33m1[39m,
    [33m1[39m, [33m1[39m, [33m1[39m, [33m1[39m, [33m1[39m, [33m1[39m, [33m1[39m, [33m1[39m, [33m1[39m, [33m1[39m, [33m1[39m, [33m1[39m,
    [33m1[39m, [33m1[39m, [33m1[39m, [33m1[39m, [33m1[39m, [33m1[39m, [33m1[39m, [33m1[39m, [33m1[39m, [33m1[39m, [33m1[39m, [33m1[39m,
    [33m1[39m, [33m1[39m, [33m1[39m, [33m1[39m, [33m1[39m, [33m1[39m, [33m1[39m, [33m1[39m, [33m1[39m, [33m1[39m, [33m1[39m, [33m1[39m,
    [33m1[39m, [33m1[39m, [33m1[39m, [33m1[39m,
    ... 130972 more items
  ],
  heightmap: Uint8Array(1024) [
    [33m0[39m, [33m0[39m, [33m0[39m, [33m0[39m, [33m0[39m, [33m0[39m, [33m0[39m, [33m0[39m, [33m0[39m, [33m0[39m, [33m0[39m, [33m0[39m,
    [33m0[39m, [33m0[39m, [33m0[39m, [33m0[39m, [33m0[39m, [33m0[39m, [33m0[39m, [33m0[39m, [33m0[39m, [33m0[39m, [33m0[39m, [33m0[39m,
    [33m0[39m, [33m0[39m, [33m0[39m, [33m0[39m, [33m0[39m, [33m0[39m, [33m0[39m, [33m0[39m, [33m0[39m, [33m0[39m, [33m0[39m, [33m0[39m,
    [33m0[39m, [33m0[39m, [33m0[39m, [33m0[39m, [33m0[39m, [33m0[39m, [33m0[39m, [33m0[39m, [33m0[39m, [33m0[39m, [33m0[39m, [33m0[39m,
    [33m0[39m, [33m0[39m, [33m0[39m, [33m0[39m, [33m0[39m, [33m0[39m, [33m0[39m, [33m0[39m, [33m0[39m, [33m0[39m, [33m0[39m, [33m0[39m,
    [33m0[39m, [33m0[39m, [33m0[39m, [33m0[39m, [33m0[39m, [33m0[39m, [33m0[39m, [33m0[39m, [33m0[39m, [33m0[39m, [33m0[39m, [33m0[39m,
    [33m0[39m, [33m0[39m, [33m0[39m, [33m0[39m, [33m0[39m, [33m0[39m, [33m0[39m, [33m0[39m, [33m0[39m, [33m0[39m, [33m0[39m, [33m0[39m,
    [33m0[39m, [33m0[39m, [33m0[39m, [33m0[39m, [33m0[39m, [33m0[39m, [33m0[39m, [33m0[39m, [33m0[39m, [33m0[39m, [33m0[39m, [33m0[39m,
    [33m0[39m, [33m0[39m, [33m0[39m, [33m0[39m,
    ... 924 more items
  ],
  x: [33m0[39m,
  z: [33m0[39m,
  lodLevel: [33m0[39m
}
Mesh generated: BufferGeometry {
  isBufferGeometry: [33mtrue[39m,
  uuid: [32m'04d9bd8b-ec02-4104-a448-eabdf8b79245'[39m,
  name: [32m''[39m,
  type: [32m'BufferGeometry'[39m,
  index: BufferAttribute {
    isBufferAttribute: [33mtrue[39m,
    name: [32m''[39m,
    array: Uint32Array(36) [
       [33m0[39m,  [33m1[39m,  [33m2[39m,  [33m0[39m,  [33m2[39m,  [33m3[39m,  [33m4[39m,  [33m5[39m,  [33m6[39m,
       [33m4[39m,  [33m6[39m,  [33m7[39m,  [33m8[39m,  [33m9[39m, [33m10[39m,  [33m8[39m, [33m10[39m, [33m11[39m,
      [33m12[39m, [33m13[39m, [33m14[39m, [33m12[39m, [33m14[39m, [33m15[39m, [33m16[39m, [33m17[39m, [33m18[39m,
      [33m16[39m, [33m18[39m, [33m19[39m, [33m20[39m, [33m21[39m, [33m22[39m, [33m20[39m, [33m22[39m, [33m23[39m
    ],
    itemSize: [33m1[39m,
    count: [33m36[39m,
    normalized: [33mfalse[39m,
    usage: [33m35044[39m,
    _updateRange: { offset: [33m0[39m, count: [33m-1[39m },
    updateRanges: [],
    gpuType: [33m1015[39m,
    version: [33m0[39m
  },
  attributes: {
    position: BufferAttribute {
      isBufferAttribute: [33mtrue[39m,
      name: [32m''[39m,
      array: [36m[Float32Array][39m,
      itemSize: [33m3[39m,
      count: [33m24[39m,
      normalized: [33mfalse[39m,
      usage: [33m35044[39m,
      _updateRange: [36m[Object][39m,
      updateRanges: [],
      gpuType: [33m1015[39m,
      version: [33m0[39m
    },
    normal: BufferAttribute {
      isBufferAttribute: [33mtrue[39m,
      name: [32m''[39m,
      array: [36m[Float32Array][39m,
      itemSize: [33m3[39m,
      count: [33m24[39m,
      normalized: [33mfalse[39m,
      usage: [33m35044[39m,
      _updateRange: [36m[Object][39m,
      updateRanges: [],
      gpuType: [33m1015[39m,
      version: [33m0[39m
    },
    uv: BufferAttribute {
      isBufferAttribute: [33mtrue[39m,
      name: [32m''[39m,
      array: [36m[Float32Array][39m,
      itemSize: [33m2[39m,
      count: [33m24[39m,
      normalized: [33mfalse[39m,
      usage: [33m35044[39m,
      _updateRange: [36m[Object][39m,
      updateRanges: [],
      gpuType: [33m1015[39m,
      version: [33m0[39m
    }
  },
  morphAttributes: {},
  morphTargetsRelative: [33mfalse[39m,
  groups: [],
  boundingBox: [1mnull[22m,
  boundingSphere: [1mnull[22m,
  drawRange: { start: [33m0[39m, count: [33mInfinity[39m },
  userData: {}
}
Chunk loaded at 0, -1 with LOD 0
Mesh generated: BufferGeometry {
  isBufferGeometry: [33mtrue[39m,
  uuid: [32m'e80cf48c-8010-4d89-bc15-b19bc1dfd9f3'[39m,
  name: [32m''[39m,
  type: [32m'BufferGeometry'[39m,
  index: BufferAttribute {
    isBufferAttribute: [33mtrue[39m,
    name: [32m''[39m,
    array: Uint32Array(36) [
       [33m0[39m,  [33m1[39m,  [33m2[39m,  [33m0[39m,  [33m2[39m,  [33m3[39m,  [33m4[39m,  [33m5[39m,  [33m6[39m,
       [33m4[39m,  [33m6[39m,  [33m7[39m,  [33m8[39m,  [33m9[39m, [33m10[39m,  [33m8[39m, [33m10[39m, [33m11[39m,
      [33m12[39m, [33m13[39m, [33m14[39m, [33m12[39m, [33m14[39m, [33m15[39m, [33m16[39m, [33m17[39m, [33m18[39m,
      [33m16[39m, [33m18[39m, [33m19[39m, [33m20[39m, [33m21[39m, [33m22[39m, [33m20[39m, [33m22[39m, [33m23[39m
    ],
    itemSize: [33m1[39m,
    count: [33m36[39m,
    normalized: [33mfalse[39m,
    usage: [33m35044[39m,
    _updateRange: { offset: [33m0[39m, count: [33m-1[39m },
    updateRanges: [],
    gpuType: [33m1015[39m,
    version: [33m0[39m
  },
  attributes: {
    position: BufferAttribute {
      isBufferAttribute: [33mtrue[39m,
      name: [32m''[39m,
      array: [36m[Float32Array][39m,
      itemSize: [33m3[39m,
      count: [33m24[39m,
      normalized: [33mfalse[39m,
      usage: [33m35044[39m,
      _updateRange: [36m[Object][39m,
      updateRanges: [],
      gpuType: [33m1015[39m,
      version: [33m0[39m
    },
    normal: BufferAttribute {
      isBufferAttribute: [33mtrue[39m,
      name: [32m''[39m,
      array: [36m[Float32Array][39m,
      itemSize: [33m3[39m,
      count: [33m24[39m,
      normalized: [33mfalse[39m,
      usage: [33m35044[39m,
      _updateRange: [36m[Object][39m,
      updateRanges: [],
      gpuType: [33m1015[39m,
      version: [33m0[39m
    },
    uv: BufferAttribute {
      isBufferAttribute: [33mtrue[39m,
      name: [32m''[39m,
      array: [36m[Float32Array][39m,
      itemSize: [33m2[39m,
      count: [33m24[39m,
      normalized: [33mfalse[39m,
      usage: [33m35044[39m,
      _updateRange: [36m[Object][39m,
      updateRanges: [],
      gpuType: [33m1015[39m,
      version: [33m0[39m
    }
  },
  morphAttributes: {},
  morphTargetsRelative: [33mfalse[39m,
  groups: [],
  boundingBox: [1mnull[22m,
  boundingSphere: [1mnull[22m,
  drawRange: { start: [33m0[39m, count: [33mInfinity[39m },
  userData: {}
}
Chunk loaded at 0, 0 with LOD 0

 [32mΓ£ô[39m src/world/MesherManager.test.ts [2m ([22m[2m3 tests[22m[2m)[22m[90m 45[2mms[22m[39m
[90mstdout[2m | src/world/ChunkManager.test.ts[2m > [22m[2mChunkManager[2m > [22m[2mshould unload chunks that are too far from player[22m[39m
Loading chunk at -2, 0 with LOD 0
Loading chunk at -1, 1 with LOD 0
Chunk generated: Chunk {
  data: Uint8Array(131072) [
    [33m1[39m, [33m1[39m, [33m1[39m, [33m1[39m, [33m1[39m, [33m1[39m, [33m1[39m, [33m1[39m, [33m1[39m, [33m1[39m, [33m1[39m, [33m1[39m,
    [33m1[39m, [33m1[39m, [33m1[39m, [33m1[39m, [33m1[39m, [33m1[39m, [33m1[39m, [33m1[39m, [33m1[39m, [33m1[39m, [33m1[39m, [33m1[39m,
    [33m1[39m, [33m1[39m, [33m1[39m, [33m1[39m, [33m1[39m, [33m1[39m, [33m1[39m, [33m1[39m, [33m1[39m, [33m1[39m, [33m1[39m, [33m1[39m,
    [33m1[39m, [33m1[39m, [33m1[39m, [33m1[39m, [33m1[39m, [33m1[39m, [33m1[39m, [33m1[39m, [33m1[39m, [33m1[39m, [33m1[39m, [33m1[39m,
    [33m1[39m, [33m1[39m, [33m1[39m, [33m1[39m, [33m1[39m, [33m1[39m, [33m1[39m, [33m1[39m, [33m1[39m, [33m1[39m, [33m1[39m, [33m1[39m,
    [33m1[39m, [33m1[39m, [33m1[39m, [33m1[39m, [33m1[39m, [33m1[39m, [33m1[39m, [33m1[39m, [33m1[39m, [33m1[39m, [33m1[39m, [33m1[39m,
    [33m1[39m, [33m1[39m, [33m1[39m, [33m1[39m, [33m1[39m, [33m1[39m, [33m1[39m, [33m1[39m, [33m1[39m, [33m1[39m, [33m1[39m, [33m1[39m,
    [33m1[39m, [33m1[39m, [33m1[39m, [33m1[39m, [33m1[39m, [33m1[39m, [33m1[39m, [33m1[39m, [33m1[39m, [33m1[39m, [33m1[39m, [33m1[39m,
    [33m1[39m, [33m1[39m, [33m1[39m, [33m1[39m,
    ... 130972 more items
  ],
  compressedData: Uint8Array(131072) [
    [33m1[39m, [33m1[39m, [33m1[39m, [33m1[39m, [33m1[39m, [33m1[39m, [33m1[39m, [33m1[39m, [33m1[39m, [33m1[39m, [33m1[39m, [33m1[39m,
    [33m1[39m, [33m1[39m, [33m1[39m, [33m1[39m, [33m1[39m, [33m1[39m, [33m1[39m, [33m1[39m, [33m1[39m, [33m1[39m, [33m1[39m, [33m1[39m,
    [33m1[39m, [33m1[39m, [33m1[39m, [33m1[39m, [33m1[39m, [33m1[39m, [33m1[39m, [33m1[39m, [33m1[39m, [33m1[39m, [33m1[39m, [33m1[39m,
    [33m1[39m, [33m1[39m, [33m1[39m, [33m1[39m, [33m1[39m, [33m1[39m, [33m1[39m, [33m1[39m, [33m1[39m, [33m1[39m, [33m1[39m, [33m1[39m,
    [33m1[39m, [33m1[39m, [33m1[39m, [33m1[39m, [33m1[39m, [33m1[39m, [33m1[39m, [33m1[39m, [33m1[39m, [33m1[39m, [33m1[39m, [33m1[39m,
    [33m1[39m, [33m1[39m, [33m1[39m, [33m1[39m, [33m1[39m, [33m1[39m, [33m1[39m, [33m1[39m, [33m1[39m, [33m1[39m, [33m1[39m, [33m1[39m,
    [33m1[39m, [33m1[39m, [33m1[39m, [33m1[39m, [33m1[39m, [33m1[39m, [33m1[39m, [33m1[39m, [33m1[39m, [33m1[39m, [33m1[39m, [33m1[39m,
    [33m1[39m, [33m1[39m, [33m1[39m, [33m1[39m, [33m1[39m, [33m1[39m, [33m1[39m, [33m1[39m, [33m1[39m, [33m1[39m, [33m1[39m, [33m1[39m,
    [33m1[39m, [33m1[39m, [33m1[39m, [33m1[39m,
    ... 130972 more items
  ],
  heightmap: Uint8Array(1024) [
    [33m0[39m, [33m0[39m, [33m0[39m, [33m0[39m, [33m0[39m, [33m0[39m, [33m0[39m, [33m0[39m, [33m0[39m, [33m0[39m, [33m0[39m, [33m0[39m,
    [33m0[39m, [33m0[39m, [33m0[39m, [33m0[39m, [33m0[39m, [33m0[39m, [33m0[39m, [33m0[39m, [33m0[39m, [33m0[39m, [33m0[39m, [33m0[39m,
    [33m0[39m, [33m0[39m, [33m0[39m, [33m0[39m, [33m0[39m, [33m0[39m, [33m0[39m, [33m0[39m, [33m0[39m, [33m0[39m, [33m0[39m, [33m0[39m,
    [33m0[39m, [33m0[39m, [33m0[39m, [33m0[39m, [33m0[39m, [33m0[39m, [33m0[39m, [33m0[39m, [33m0[39m, [33m0[39m, [33m0[39m, [33m0[39m,
    [33m0[39m, [33m0[39m, [33m0[39m, [33m0[39m, [33m0[39m, [33m0[39m, [33m0[39m, [33m0[39m, [33m0[39m, [33m0[39m, [33m0[39m, [33m0[39m,
    [33m0[39m, [33m0[39m, [33m0[39m, [33m0[39m, [33m0[39m, [33m0[39m, [33m0[39m, [33m0[39m, [33m0[39m, [33m0[39m, [33m0[39m, [33m0[39m,
    [33m0[39m, [33m0[39m, [33m0[39m, [33m0[39m, [33m0[39m, [33m0[39m, [33m0[39m, [33m0[39m, [33m0[39m, [33m0[39m, [33m0[39m, [33m0[39m,
    [33m0[39m, [33m0[39m, [33m0[39m, [33m0[39m, [33m0[39m, [33m0[39m, [33m0[39m, [33m0[39m, [33m0[39m, [33m0[39m, [33m0[39m, [33m0[39m,
    [33m0[39m, [33m0[39m, [33m0[39m, [33m0[39m,
    ... 924 more items
  ],
  x: [33m-2[39m,
  z: [33m0[39m,
  lodLevel: [33m0[39m
}
Chunk generated: Chunk {
  data: Uint8Array(131072) [
    [33m1[39m, [33m1[39m, [33m1[39m, [33m1[39m, [33m1[39m, [33m1[39m, [33m1[39m, [33m1[39m, [33m1[39m, [33m1[39m, [33m1[39m, [33m1[39m,
    [33m1[39m, [33m1[39m, [33m1[39m, [33m1[39m, [33m1[39m, [33m1[39m, [33m1[39m, [33m1[39m, [33m1[39m, [33m1[39m, [33m1[39m, [33m1[39m,
    [33m1[39m, [33m1[39m, [33m1[39m, [33m1[39m, [33m1[39m, [33m1[39m, [33m1[39m, [33m1[39m, [33m1[39m, [33m1[39m, [33m1[39m, [33m1[39m,
    [33m1[39m, [33m1[39m, [33m1[39m, [33m1[39m, [33m1[39m, [33m1[39m, [33m1[39m, [33m1[39m, [33m1[39m, [33m1[39m, [33m1[39m, [33m1[39m,
    [33m1[39m, [33m1[39m, [33m1[39m, [33m1[39m, [33m1[39m, [33m1[39m, [33m1[39m, [33m1[39m, [33m1[39m, [33m1[39m, [33m1[39m, [33m1[39m,
    [33m1[39m, [33m1[39m, [33m1[39m, [33m1[39m, [33m1[39m, [33m1[39m, [33m1[39m, [33m1[39m, [33m1[39m, [33m1[39m, [33m1[39m, [33m1[39m,
    [33m1[39m, [33m1[39m, [33m1[39m, [33m1[39m, [33m1[39m, [33m1[39m, [33m1[39m, [33m1[39m, [33m1[39m, [33m1[39m, [33m1[39m, [33m1[39m,
    [33m1[39m, [33m1[39m, [33m1[39m, [33m1[39m, [33m1[39m, [33m1[39m, [33m1[39m, [33m1[39m, [33m1[39m, [33m1[39m, [33m1[39m, [33m1[39m,
    [33m1[39m, [33m1[39m, [33m1[39m, [33m1[39m,
    ... 130972 more items
  ],
  compressedData: Uint8Array(131072) [
    [33m1[39m, [33m1[39m, [33m1[39m, [33m1[39m, [33m1[39m, [33m1[39m, [33m1[39m, [33m1[39m, [33m1[39m, [33m1[39m, [33m1[39m, [33m1[39m,
    [33m1[39m, [33m1[39m, [33m1[39m, [33m1[39m, [33m1[39m, [33m1[39m, [33m1[39m, [33m1[39m, [33m1[39m, [33m1[39m, [33m1[39m, [33m1[39m,
    [33m1[39m, [33m1[39m, [33m1[39m, [33m1[39m, [33m1[39m, [33m1[39m, [33m1[39m, [33m1[39m, [33m1[39m, [33m1[39m, [33m1[39m, [33m1[39m,
    [33m1[39m, [33m1[39m, [33m1[39m, [33m1[39m, [33m1[39m, [33m1[39m, [33m1[39m, [33m1[39m, [33m1[39m, [33m1[39m, [33m1[39m, [33m1[39m,
    [33m1[39m, [33m1[39m, [33m1[39m, [33m1[39m, [33m1[39m, [33m1[39m, [33m1[39m, [33m1[39m, [33m1[39m, [33m1[39m, [33m1[39m, [33m1[39m,
    [33m1[39m, [33m1[39m, [33m1[39m, [33m1[39m, [33m1[39m, [33m1[39m, [33m1[39m, [33m1[39m, [33m1[39m, [33m1[39m, [33m1[39m, [33m1[39m,
    [33m1[39m, [33m1[39m, [33m1[39m, [33m1[39m, [33m1[39m, [33m1[39m, [33m1[39m, [33m1[39m, [33m1[39m, [33m1[39m, [33m1[39m, [33m1[39m,
    [33m1[39m, [33m1[39m, [33m1[39m, [33m1[39m, [33m1[39m, [33m1[39m, [33m1[39m, [33m1[39m, [33m1[39m, [33m1[39m, [33m1[39m, [33m1[39m,
    [33m1[39m, [33m1[39m, [33m1[39m, [33m1[39m,
    ... 130972 more items
  ],
  heightmap: Uint8Array(1024) [
    [33m0[39m, [33m0[39m, [33m0[39m, [33m0[39m, [33m0[39m, [33m0[39m, [33m0[39m, [33m0[39m, [33m0[39m, [33m0[39m, [33m0[39m, [33m0[39m,
    [33m0[39m, [33m0[39m, [33m0[39m, [33m0[39m, [33m0[39m, [33m0[39m, [33m0[39m, [33m0[39m, [33m0[39m, [33m0[39m, [33m0[39m, [33m0[39m,
    [33m0[39m, [33m0[39m, [33m0[39m, [33m0[39m, [33m0[39m, [33m0[39m, [33m0[39m, [33m0[39m, [33m0[39m, [33m0[39m, [33m0[39m, [33m0[39m,
    [33m0[39m, [33m0[39m, [33m0[39m, [33m0[39m, [33m0[39m, [33m0[39m, [33m0[39m, [33m0[39m, [33m0[39m, [33m0[39m, [33m0[39m, [33m0[39m,
    [33m0[39m, [33m0[39m, [33m0[39m, [33m0[39m, [33m0[39m, [33m0[39m, [33m0[39m, [33m0[39m, [33m0[39m, [33m0[39m, [33m0[39m, [33m0[39m,
    [33m0[39m, [33m0[39m, [33m0[39m, [33m0[39m, [33m0[39m, [33m0[39m, [33m0[39m, [33m0[39m, [33m0[39m, [33m0[39m, [33m0[39m, [33m0[39m,
    [33m0[39m, [33m0[39m, [33m0[39m, [33m0[39m, [33m0[39m, [33m0[39m, [33m0[39m, [33m0[39m, [33m0[39m, [33m0[39m, [33m0[39m, [33m0[39m,
    [33m0[39m, [33m0[39m, [33m0[39m, [33m0[39m, [33m0[39m, [33m0[39m, [33m0[39m, [33m0[39m, [33m0[39m, [33m0[39m, [33m0[39m, [33m0[39m,
    [33m0[39m, [33m0[39m, [33m0[39m, [33m0[39m,
    ... 924 more items
  ],
  x: [33m-1[39m,
  z: [33m1[39m,
  lodLevel: [33m0[39m
}
Mesh generated: BufferGeometry {
  isBufferGeometry: [33mtrue[39m,
  uuid: [32m'680ed159-b35a-4a43-97aa-33116d8d76e5'[39m,
  name: [32m''[39m,
  type: [32m'BufferGeometry'[39m,
  index: BufferAttribute {
    isBufferAttribute: [33mtrue[39m,
    name: [32m''[39m,
    array: Uint32Array(36) [
       [33m0[39m,  [33m1[39m,  [33m2[39m,  [33m0[39m,  [33m2[39m,  [33m3[39m,  [33m4[39m,  [33m5[39m,  [33m6[39m,
       [33m4[39m,  [33m6[39m,  [33m7[39m,  [33m8[39m,  [33m9[39m, [33m10[39m,  [33m8[39m, [33m10[39m, [33m11[39m,
      [33m12[39m, [33m13[39m, [33m14[39m, [33m12[39m, [33m14[39m, [33m15[39m, [33m16[39m, [33m17[39m, [33m18[39m,
      [33m16[39m, [33m18[39m, [33m19[39m, [33m20[39m, [33m21[39m, [33m22[39m, [33m20[39m, [33m22[39m, [33m23[39m
    ],
    itemSize: [33m1[39m,
    count: [33m36[39m,
    normalized: [33mfalse[39m,
    usage: [33m35044[39m,
    _updateRange: { offset: [33m0[39m, count: [33m-1[39m },
    updateRanges: [],
    gpuType: [33m1015[39m,
    version: [33m0[39m
  },
  attributes: {
    position: BufferAttribute {
      isBufferAttribute: [33mtrue[39m,
      name: [32m''[39m,
      array: [36m[Float32Array][39m,
      itemSize: [33m3[39m,
      count: [33m24[39m,
      normalized: [33mfalse[39m,
      usage: [33m35044[39m,
      _updateRange: [36m[Object][39m,
      updateRanges: [],
      gpuType: [33m1015[39m,
      version: [33m0[39m
    },
    normal: BufferAttribute {
      isBufferAttribute: [33mtrue[39m,
      name: [32m''[39m,
      array: [36m[Float32Array][39m,
      itemSize: [33m3[39m,
      count: [33m24[39m,
      normalized: [33mfalse[39m,
      usage: [33m35044[39m,
      _updateRange: [36m[Object][39m,
      updateRanges: [],
      gpuType: [33m1015[39m,
      version: [33m0[39m
    },
    uv: BufferAttribute {
      isBufferAttribute: [33mtrue[39m,
      name: [32m''[39m,
      array: [36m[Float32Array][39m,
      itemSize: [33m2[39m,
      count: [33m24[39m,
      normalized: [33mfalse[39m,
      usage: [33m35044[39m,
      _updateRange: [36m[Object][39m,
      updateRanges: [],
      gpuType: [33m1015[39m,
      version: [33m0[39m
    }
  },
  morphAttributes: {},
  morphTargetsRelative: [33mfalse[39m,
  groups: [],
  boundingBox: [1mnull[22m,
  boundingSphere: [1mnull[22m,
  drawRange: { start: [33m0[39m, count: [33mInfinity[39m },
  userData: {}
}
Chunk loaded at -2, 0 with LOD 0
Mesh generated: BufferGeometry {
  isBufferGeometry: [33mtrue[39m,
  uuid: [32m'0233e375-7ce4-49ae-a056-0bcb322bf8fc'[39m,
  name: [32m''[39m,
  type: [32m'BufferGeometry'[39m,
  index: BufferAttribute {
    isBufferAttribute: [33mtrue[39m,
    name: [32m''[39m,
    array: Uint32Array(36) [
       [33m0[39m,  [33m1[39m,  [33m2[39m,  [33m0[39m,  [33m2[39m,  [33m3[39m,  [33m4[39m,  [33m5[39m,  [33m6[39m,
       [33m4[39m,  [33m6[39m,  [33m7[39m,  [33m8[39m,  [33m9[39m, [33m10[39m,  [33m8[39m, [33m10[39m, [33m11[39m,
      [33m12[39m, [33m13[39m, [33m14[39m, [33m12[39m, [33m14[39m, [33m15[39m, [33m16[39m, [33m17[39m, [33m18[39m,
      [33m16[39m, [33m18[39m, [33m19[39m, [33m20[39m, [33m21[39m, [33m22[39m, [33m20[39m, [33m22[39m, [33m23[39m
    ],
    itemSize: [33m1[39m,
    count: [33m36[39m,
    normalized: [33mfalse[39m,
    usage: [33m35044[39m,
    _updateRange: { offset: [33m0[39m, count: [33m-1[39m },
    updateRanges: [],
    gpuType: [33m1015[39m,
    version: [33m0[39m
  },
  attributes: {
    position: BufferAttribute {
      isBufferAttribute: [33mtrue[39m,
      name: [32m''[39m,
      array: [36m[Float32Array][39m,
      itemSize: [33m3[39m,
      count: [33m24[39m,
      normalized: [33mfalse[39m,
      usage: [33m35044[39m,
      _updateRange: [36m[Object][39m,
      updateRanges: [],
      gpuType: [33m1015[39m,
      version: [33m0[39m
    },
    normal: BufferAttribute {
      isBufferAttribute: [33mtrue[39m,
      name: [32m''[39m,
      array: [36m[Float32Array][39m,
      itemSize: [33m3[39m,
      count: [33m24[39m,
      normalized: [33mfalse[39m,
      usage: [33m35044[39m,
      _updateRange: [36m[Object][39m,
      updateRanges: [],
      gpuType: [33m1015[39m,
      version: [33m0[39m
    },
    uv: BufferAttribute {
      isBufferAttribute: [33mtrue[39m,
      name: [32m''[39m,
      array: [36m[Float32Array][39m,
      itemSize: [33m2[39m,
      count: [33m24[39m,
      normalized: [33mfalse[39m,
      usage: [33m35044[39m,
      _updateRange: [36m[Object][39m,
      updateRanges: [],
      gpuType: [33m1015[39m,
      version: [33m0[39m
    }
  },
  morphAttributes: {},
  morphTargetsRelative: [33mfalse[39m,
  groups: [],
  boundingBox: [1mnull[22m,
  boundingSphere: [1mnull[22m,
  drawRange: { start: [33m0[39m, count: [33mInfinity[39m },
  userData: {}
}
Chunk loaded at -1, 1 with LOD 0

[90mstdout[2m | src/world/ChunkManager.test.ts[2m > [22m[2mChunkManager[2m > [22m[2mshould unload chunks that are too far from player[22m[39m
Loading chunk at 0, -2 with LOD 0
Loading chunk at 0, 1 with LOD 0
Chunk generated: Chunk {
  data: Uint8Array(131072) [
    [33m1[39m, [33m1[39m, [33m1[39m, [33m1[39m, [33m1[39m, [33m1[39m, [33m1[39m, [33m1[39m, [33m1[39m, [33m1[39m, [33m1[39m, [33m1[39m,
    [33m1[39m, [33m1[39m, [33m1[39m, [33m1[39m, [33m1[39m, [33m1[39m, [33m1[39m, [33m1[39m, [33m1[39m, [33m1[39m, [33m1[39m, [33m1[39m,
    [33m1[39m, [33m1[39m, [33m1[39m, [33m1[39m, [33m1[39m, [33m1[39m, [33m1[39m, [33m1[39m, [33m1[39m, [33m1[39m, [33m1[39m, [33m1[39m,
    [33m1[39m, [33m1[39m, [33m1[39m, [33m1[39m, [33m1[39m, [33m1[39m, [33m1[39m, [33m1[39m, [33m1[39m, [33m1[39m, [33m1[39m, [33m1[39m,
    [33m1[39m, [33m1[39m, [33m1[39m, [33m1[39m, [33m1[39m, [33m1[39m, [33m1[39m, [33m1[39m, [33m1[39m, [33m1[39m, [33m1[39m, [33m1[39m,
    [33m1[39m, [33m1[39m, [33m1[39m, [33m1[39m, [33m1[39m, [33m1[39m, [33m1[39m, [33m1[39m, [33m1[39m, [33m1[39m, [33m1[39m, [33m1[39m,
    [33m1[39m, [33m1[39m, [33m1[39m, [33m1[39m, [33m1[39m, [33m1[39m, [33m1[39m, [33m1[39m, [33m1[39m, [33m1[39m, [33m1[39m, [33m1[39m,
    [33m1[39m, [33m1[39m, [33m1[39m, [33m1[39m, [33m1[39m, [33m1[39m, [33m1[39m, [33m1[39m, [33m1[39m, [33m1[39m, [33m1[39m, [33m1[39m,
    [33m1[39m, [33m1[39m, [33m1[39m, [33m1[39m,
    ... 130972 more items
  ],
  compressedData: Uint8Array(131072) [
    [33m1[39m, [33m1[39m, [33m1[39m, [33m1[39m, [33m1[39m, [33m1[39m, [33m1[39m, [33m1[39m, [33m1[39m, [33m1[39m, [33m1[39m, [33m1[39m,
    [33m1[39m, [33m1[39m, [33m1[39m, [33m1[39m, [33m1[39m, [33m1[39m, [33m1[39m, [33m1[39m, [33m1[39m, [33m1[39m, [33m1[39m, [33m1[39m,
    [33m1[39m, [33m1[39m, [33m1[39m, [33m1[39m, [33m1[39m, [33m1[39m, [33m1[39m, [33m1[39m, [33m1[39m, [33m1[39m, [33m1[39m, [33m1[39m,
    [33m1[39m, [33m1[39m, [33m1[39m, [33m1[39m, [33m1[39m, [33m1[39m, [33m1[39m, [33m1[39m, [33m1[39m, [33m1[39m, [33m1[39m, [33m1[39m,
    [33m1[39m, [33m1[39m, [33m1[39m, [33m1[39m, [33m1[39m, [33m1[39m, [33m1[39m, [33m1[39m, [33m1[39m, [33m1[39m, [33m1[39m, [33m1[39m,
    [33m1[39m, [33m1[39m, [33m1[39m, [33m1[39m, [33m1[39m, [33m1[39m, [33m1[39m, [33m1[39m, [33m1[39m, [33m1[39m, [33m1[39m, [33m1[39m,
    [33m1[39m, [33m1[39m, [33m1[39m, [33m1[39m, [33m1[39m, [33m1[39m, [33m1[39m, [33m1[39m, [33m1[39m, [33m1[39m, [33m1[39m, [33m1[39m,
    [33m1[39m, [33m1[39m, [33m1[39m, [33m1[39m, [33m1[39m, [33m1[39m, [33m1[39m, [33m1[39m, [33m1[39m, [33m1[39m, [33m1[39m, [33m1[39m,
    [33m1[39m, [33m1[39m, [33m1[39m, [33m1[39m,
    ... 130972 more items
  ],
  heightmap: Uint8Array(1024) [
    [33m0[39m, [33m0[39m, [33m0[39m, [33m0[39m, [33m0[39m, [33m0[39m, [33m0[39m, [33m0[39m, [33m0[39m, [33m0[39m, [33m0[39m, [33m0[39m,
    [33m0[39m, [33m0[39m, [33m0[39m, [33m0[39m, [33m0[39m, [33m0[39m, [33m0[39m, [33m0[39m, [33m0[39m, [33m0[39m, [33m0[39m, [33m0[39m,
    [33m0[39m, [33m0[39m, [33m0[39m, [33m0[39m, [33m0[39m, [33m0[39m, [33m0[39m, [33m0[39m, [33m0[39m, [33m0[39m, [33m0[39m, [33m0[39m,
    [33m0[39m, [33m0[39m, [33m0[39m, [33m0[39m, [33m0[39m, [33m0[39m, [33m0[39m, [33m0[39m, [33m0[39m, [33m0[39m, [33m0[39m, [33m0[39m,
    [33m0[39m, [33m0[39m, [33m0[39m, [33m0[39m, [33m0[39m, [33m0[39m, [33m0[39m, [33m0[39m, [33m0[39m, [33m0[39m, [33m0[39m, [33m0[39m,
    [33m0[39m, [33m0[39m, [33m0[39m, [33m0[39m, [33m0[39m, [33m0[39m, [33m0[39m, [33m0[39m, [33m0[39m, [33m0[39m, [33m0[39m, [33m0[39m,
    [33m0[39m, [33m0[39m, [33m0[39m, [33m0[39m, [33m0[39m, [33m0[39m, [33m0[39m, [33m0[39m, [33m0[39m, [33m0[39m, [33m0[39m, [33m0[39m,
    [33m0[39m, [33m0[39m, [33m0[39m, [33m0[39m, [33m0[39m, [33m0[39m, [33m0[39m, [33m0[39m, [33m0[39m, [33m0[39m, [33m0[39m, [33m0[39m,
    [33m0[39m, [33m0[39m, [33m0[39m, [33m0[39m,
    ... 924 more items
  ],
  x: [33m0[39m,
  z: [33m-2[39m,
  lodLevel: [33m0[39m
}
Chunk generated: Chunk {
  data: Uint8Array(131072) [
    [33m1[39m, [33m1[39m, [33m1[39m, [33m1[39m, [33m1[39m, [33m1[39m, [33m1[39m, [33m1[39m, [33m1[39m, [33m1[39m, [33m1[39m, [33m1[39m,
    [33m1[39m, [33m1[39m, [33m1[39m, [33m1[39m, [33m1[39m, [33m1[39m, [33m1[39m, [33m1[39m, [33m1[39m, [33m1[39m, [33m1[39m, [33m1[39m,
    [33m1[39m, [33m1[39m, [33m1[39m, [33m1[39m, [33m1[39m, [33m1[39m, [33m1[39m, [33m1[39m, [33m1[39m, [33m1[39m, [33m1[39m, [33m1[39m,
    [33m1[39m, [33m1[39m, [33m1[39m, [33m1[39m, [33m1[39m, [33m1[39m, [33m1[39m, [33m1[39m, [33m1[39m, [33m1[39m, [33m1[39m, [33m1[39m,
    [33m1[39m, [33m1[39m, [33m1[39m, [33m1[39m, [33m1[39m, [33m1[39m, [33m1[39m, [33m1[39m, [33m1[39m, [33m1[39m, [33m1[39m, [33m1[39m,
    [33m1[39m, [33m1[39m, [33m1[39m, [33m1[39m, [33m1[39m, [33m1[39m, [33m1[39m, [33m1[39m, [33m1[39m, [33m1[39m, [33m1[39m, [33m1[39m,
    [33m1[39m, [33m1[39m, [33m1[39m, [33m1[39m, [33m1[39m, [33m1[39m, [33m1[39m, [33m1[39m, [33m1[39m, [33m1[39m, [33m1[39m, [33m1[39m,
    [33m1[39m, [33m1[39m, [33m1[39m, [33m1[39m, [33m1[39m, [33m1[39m, [33m1[39m, [33m1[39m, [33m1[39m, [33m1[39m, [33m1[39m, [33m1[39m,
    [33m1[39m, [33m1[39m, [33m1[39m, [33m1[39m,
    ... 130972 more items
  ],
  compressedData: Uint8Array(131072) [
    [33m1[39m, [33m1[39m, [33m1[39m, [33m1[39m, [33m1[39m, [33m1[39m, [33m1[39m, [33m1[39m, [33m1[39m, [33m1[39m, [33m1[39m, [33m1[39m,
    [33m1[39m, [33m1[39m, [33m1[39m, [33m1[39m, [33m1[39m, [33m1[39m, [33m1[39m, [33m1[39m, [33m1[39m, [33m1[39m, [33m1[39m, [33m1[39m,
    [33m1[39m, [33m1[39m, [33m1[39m, [33m1[39m, [33m1[39m, [33m1[39m, [33m1[39m, [33m1[39m, [33m1[39m, [33m1[39m, [33m1[39m, [33m1[39m,
    [33m1[39m, [33m1[39m, [33m1[39m, [33m1[39m, [33m1[39m, [33m1[39m, [33m1[39m, [33m1[39m, [33m1[39m, [33m1[39m, [33m1[39m, [33m1[39m,
    [33m1[39m, [33m1[39m, [33m1[39m, [33m1[39m, [33m1[39m, [33m1[39m, [33m1[39m, [33m1[39m, [33m1[39m, [33m1[39m, [33m1[39m, [33m1[39m,
    [33m1[39m, [33m1[39m, [33m1[39m, [33m1[39m, [33m1[39m, [33m1[39m, [33m1[39m, [33m1[39m, [33m1[39m, [33m1[39m, [33m1[39m, [33m1[39m,
    [33m1[39m, [33m1[39m, [33m1[39m, [33m1[39m, [33m1[39m, [33m1[39m, [33m1[39m, [33m1[39m, [33m1[39m, [33m1[39m, [33m1[39m, [33m1[39m,
    [33m1[39m, [33m1[39m, [33m1[39m, [33m1[39m, [33m1[39m, [33m1[39m, [33m1[39m, [33m1[39m, [33m1[39m, [33m1[39m, [33m1[39m, [33m1[39m,
    [33m1[39m, [33m1[39m, [33m1[39m, [33m1[39m,
    ... 130972 more items
  ],
  heightmap: Uint8Array(1024) [
    [33m0[39m, [33m0[39m, [33m0[39m, [33m0[39m, [33m0[39m, [33m0[39m, [33m0[39m, [33m0[39m, [33m0[39m, [33m0[39m, [33m0[39m, [33m0[39m,
    [33m0[39m, [33m0[39m, [33m0[39m, [33m0[39m, [33m0[39m, [33m0[39m, [33m0[39m, [33m0[39m, [33m0[39m, [33m0[39m, [33m0[39m, [33m0[39m,
    [33m0[39m, [33m0[39m, [33m0[39m, [33m0[39m, [33m0[39m, [33m0[39m, [33m0[39m, [33m0[39m, [33m0[39m, [33m0[39m, [33m0[39m, [33m0[39m,
    [33m0[39m, [33m0[39m, [33m0[39m, [33m0[39m, [33m0[39m, [33m0[39m, [33m0[39m, [33m0[39m, [33m0[39m, [33m0[39m, [33m0[39m, [33m0[39m,
    [33m0[39m, [33m0[39m, [33m0[39m, [33m0[39m, [33m0[39m, [33m0[39m, [33m0[39m, [33m0[39m, [33m0[39m, [33m0[39m, [33m0[39m, [33m0[39m,
    [33m0[39m, [33m0[39m, [33m0[39m, [33m0[39m, [33m0[39m, [33m0[39m, [33m0[39m, [33m0[39m, [33m0[39m, [33m0[39m, [33m0[39m, [33m0[39m,
    [33m0[39m, [33m0[39m, [33m0[39m, [33m0[39m, [33m0[39m, [33m0[39m, [33m0[39m, [33m0[39m, [33m0[39m, [33m0[39m, [33m0[39m, [33m0[39m,
    [33m0[39m, [33m0[39m, [33m0[39m, [33m0[39m, [33m0[39m, [33m0[39m, [33m0[39m, [33m0[39m, [33m0[39m, [33m0[39m, [33m0[39m, [33m0[39m,
    [33m0[39m, [33m0[39m, [33m0[39m, [33m0[39m,
    ... 924 more items
  ],
  x: [33m0[39m,
  z: [33m1[39m,
  lodLevel: [33m0[39m
}
Mesh generated: BufferGeometry {
  isBufferGeometry: [33mtrue[39m,
  uuid: [32m'5adf545f-bcf6-47c2-a561-9d0f619425fd'[39m,
  name: [32m''[39m,
  type: [32m'BufferGeometry'[39m,
  index: BufferAttribute {
    isBufferAttribute: [33mtrue[39m,
    name: [32m''[39m,
    array: Uint32Array(36) [
       [33m0[39m,  [33m1[39m,  [33m2[39m,  [33m0[39m,  [33m2[39m,  [33m3[39m,  [33m4[39m,  [33m5[39m,  [33m6[39m,
       [33m4[39m,  [33m6[39m,  [33m7[39m,  [33m8[39m,  [33m9[39m, [33m10[39m,  [33m8[39m, [33m10[39m, [33m11[39m,
      [33m12[39m, [33m13[39m, [33m14[39m, [33m12[39m, [33m14[39m, [33m15[39m, [33m16[39m, [33m17[39m, [33m18[39m,
      [33m16[39m, [33m18[39m, [33m19[39m, [33m20[39m, [33m21[39m, [33m22[39m, [33m20[39m, [33m22[39m, [33m23[39m
    ],
    itemSize: [33m1[39m,
    count: [33m36[39m,
    normalized: [33mfalse[39m,
    usage: [33m35044[39m,
    _updateRange: { offset: [33m0[39m, count: [33m-1[39m },
    updateRanges: [],
    gpuType: [33m1015[39m,
    version: [33m0[39m
  },
  attributes: {
    position: BufferAttribute {
      isBufferAttribute: [33mtrue[39m,
      name: [32m''[39m,
      array: [36m[Float32Array][39m,
      itemSize: [33m3[39m,
      count: [33m24[39m,
      normalized: [33mfalse[39m,
      usage: [33m35044[39m,
      _updateRange: [36m[Object][39m,
      updateRanges: [],
      gpuType: [33m1015[39m,
      version: [33m0[39m
    },
    normal: BufferAttribute {
      isBufferAttribute: [33mtrue[39m,
      name: [32m''[39m,
      array: [36m[Float32Array][39m,
      itemSize: [33m3[39m,
      count: [33m24[39m,
      normalized: [33mfalse[39m,
      usage: [33m35044[39m,
      _updateRange: [36m[Object][39m,
      updateRanges: [],
      gpuType: [33m1015[39m,
      version: [33m0[39m
    },
    uv: BufferAttribute {
      isBufferAttribute: [33mtrue[39m,
      name: [32m''[39m,
      array: [36m[Float32Array][39m,
      itemSize: [33m2[39m,
      count: [33m24[39m,
      normalized: [33mfalse[39m,
      usage: [33m35044[39m,
      _updateRange: [36m[Object][39m,
      updateRanges: [],
      gpuType: [33m1015[39m,
      version: [33m0[39m
    }
  },
  morphAttributes: {},
  morphTargetsRelative: [33mfalse[39m,
  groups: [],
  boundingBox: [1mnull[22m,
  boundingSphere: [1mnull[22m,
  drawRange: { start: [33m0[39m, count: [33mInfinity[39m },
  userData: {}
}
Chunk loaded at 0, -2 with LOD 0
Mesh generated: BufferGeometry {
  isBufferGeometry: [33mtrue[39m,
  uuid: [32m'3c145aec-6741-45a5-a0f0-6e19e2cb724d'[39m,
  name: [32m''[39m,
  type: [32m'BufferGeometry'[39m,
  index: BufferAttribute {
    isBufferAttribute: [33mtrue[39m,
    name: [32m''[39m,
    array: Uint32Array(36) [
       [33m0[39m,  [33m1[39m,  [33m2[39m,  [33m0[39m,  [33m2[39m,  [33m3[39m,  [33m4[39m,  [33m5[39m,  [33m6[39m,
       [33m4[39m,  [33m6[39m,  [33m7[39m,  [33m8[39m,  [33m9[39m, [33m10[39m,  [33m8[39m, [33m10[39m, [33m11[39m,
      [33m12[39m, [33m13[39m, [33m14[39m, [33m12[39m, [33m14[39m, [33m15[39m, [33m16[39m, [33m17[39m, [33m18[39m,
      [33m16[39m, [33m18[39m, [33m19[39m, [33m20[39m, [33m21[39m, [33m22[39m, [33m20[39m, [33m22[39m, [33m23[39m
    ],
    itemSize: [33m1[39m,
    count: [33m36[39m,
    normalized: [33mfalse[39m,
    usage: [33m35044[39m,
    _updateRange: { offset: [33m0[39m, count: [33m-1[39m },
    updateRanges: [],
    gpuType: [33m1015[39m,
    version: [33m0[39m
  },
  attributes: {
    position: BufferAttribute {
      isBufferAttribute: [33mtrue[39m,
      name: [32m''[39m,
      array: [36m[Float32Array][39m,
      itemSize: [33m3[39m,
      count: [33m24[39m,
      normalized: [33mfalse[39m,
      usage: [33m35044[39m,
      _updateRange: [36m[Object][39m,
      updateRanges: [],
      gpuType: [33m1015[39m,
      version: [33m0[39m
    },
    normal: BufferAttribute {
      isBufferAttribute: [33mtrue[39m,
      name: [32m''[39m,
      array: [36m[Float32Array][39m,
      itemSize: [33m3[39m,
      count: [33m24[39m,
      normalized: [33mfalse[39m,
      usage: [33m35044[39m,
      _updateRange: [36m[Object][39m,
      updateRanges: [],
      gpuType: [33m1015[39m,
      version: [33m0[39m
    },
    uv: BufferAttribute {
      isBufferAttribute: [33mtrue[39m,
      name: [32m''[39m,
      array: [36m[Float32Array][39m,
      itemSize: [33m2[39m,
      count: [33m24[39m,
      normalized: [33mfalse[39m,
      usage: [33m35044[39m,
      _updateRange: [36m[Object][39m,
      updateRanges: [],
      gpuType: [33m1015[39m,
      version: [33m0[39m
    }
  },
  morphAttributes: {},
  morphTargetsRelative: [33mfalse[39m,
  groups: [],
  boundingBox: [1mnull[22m,
  boundingSphere: [1mnull[22m,
  drawRange: { start: [33m0[39m, count: [33mInfinity[39m },
  userData: {}
}
Chunk loaded at 0, 1 with LOD 0

[90mstdout[2m | src/world/ChunkManager.test.ts[2m > [22m[2mChunkManager[2m > [22m[2mshould respect max loaded chunks limit[22m[39m
Loading chunk at -1, -1 with LOD 0
Loading chunk at -1, 0 with LOD 0
Chunk generated: Chunk {
  data: Uint8Array(131072) [
    [33m1[39m, [33m1[39m, [33m1[39m, [33m1[39m, [33m1[39m, [33m1[39m, [33m1[39m, [33m1[39m, [33m1[39m, [33m1[39m, [33m1[39m, [33m1[39m,
    [33m1[39m, [33m1[39m, [33m1[39m, [33m1[39m, [33m1[39m, [33m1[39m, [33m1[39m, [33m1[39m, [33m1[39m, [33m1[39m, [33m1[39m, [33m1[39m,
    [33m1[39m, [33m1[39m, [33m1[39m, [33m1[39m, [33m1[39m, [33m1[39m, [33m1[39m, [33m1[39m, [33m1[39m, [33m1[39m, [33m1[39m, [33m1[39m,
    [33m1[39m, [33m1[39m, [33m1[39m, [33m1[39m, [33m1[39m, [33m1[39m, [33m1[39m, [33m1[39m, [33m1[39m, [33m1[39m, [33m1[39m, [33m1[39m,
    [33m1[39m, [33m1[39m, [33m1[39m, [33m1[39m, [33m1[39m, [33m1[39m, [33m1[39m, [33m1[39m, [33m1[39m, [33m1[39m, [33m1[39m, [33m1[39m,
    [33m1[39m, [33m1[39m, [33m1[39m, [33m1[39m, [33m1[39m, [33m1[39m, [33m1[39m, [33m1[39m, [33m1[39m, [33m1[39m, [33m1[39m, [33m1[39m,
    [33m1[39m, [33m1[39m, [33m1[39m, [33m1[39m, [33m1[39m, [33m1[39m, [33m1[39m, [33m1[39m, [33m1[39m, [33m1[39m, [33m1[39m, [33m1[39m,
    [33m1[39m, [33m1[39m, [33m1[39m, [33m1[39m, [33m1[39m, [33m1[39m, [33m1[39m, [33m1[39m, [33m1[39m, [33m1[39m, [33m1[39m, [33m1[39m,
    [33m1[39m, [33m1[39m, [33m1[39m, [33m1[39m,
    ... 130972 more items
  ],
  compressedData: Uint8Array(131072) [
    [33m1[39m, [33m1[39m, [33m1[39m, [33m1[39m, [33m1[39m, [33m1[39m, [33m1[39m, [33m1[39m, [33m1[39m, [33m1[39m, [33m1[39m, [33m1[39m,
    [33m1[39m, [33m1[39m, [33m1[39m, [33m1[39m, [33m1[39m, [33m1[39m, [33m1[39m, [33m1[39m, [33m1[39m, [33m1[39m, [33m1[39m, [33m1[39m,
    [33m1[39m, [33m1[39m, [33m1[39m, [33m1[39m, [33m1[39m, [33m1[39m, [33m1[39m, [33m1[39m, [33m1[39m, [33m1[39m, [33m1[39m, [33m1[39m,
    [33m1[39m, [33m1[39m, [33m1[39m, [33m1[39m, [33m1[39m, [33m1[39m, [33m1[39m, [33m1[39m, [33m1[39m, [33m1[39m, [33m1[39m, [33m1[39m,
    [33m1[39m, [33m1[39m, [33m1[39m, [33m1[39m, [33m1[39m, [33m1[39m, [33m1[39m, [33m1[39m, [33m1[39m, [33m1[39m, [33m1[39m, [33m1[39m,
    [33m1[39m, [33m1[39m, [33m1[39m, [33m1[39m, [33m1[39m, [33m1[39m, [33m1[39m, [33m1[39m, [33m1[39m, [33m1[39m, [33m1[39m, [33m1[39m,
    [33m1[39m, [33m1[39m, [33m1[39m, [33m1[39m, [33m1[39m, [33m1[39m, [33m1[39m, [33m1[39m, [33m1[39m, [33m1[39m, [33m1[39m, [33m1[39m,
    [33m1[39m, [33m1[39m, [33m1[39m, [33m1[39m, [33m1[39m, [33m1[39m, [33m1[39m, [33m1[39m, [33m1[39m, [33m1[39m, [33m1[39m, [33m1[39m,
    [33m1[39m, [33m1[39m, [33m1[39m, [33m1[39m,
    ... 130972 more items
  ],
  heightmap: Uint8Array(1024) [
    [33m0[39m, [33m0[39m, [33m0[39m, [33m0[39m, [33m0[39m, [33m0[39m, [33m0[39m, [33m0[39m, [33m0[39m, [33m0[39m, [33m0[39m, [33m0[39m,
    [33m0[39m, [33m0[39m, [33m0[39m, [33m0[39m, [33m0[39m, [33m0[39m, [33m0[39m, [33m0[39m, [33m0[39m, [33m0[39m, [33m0[39m, [33m0[39m,
    [33m0[39m, [33m0[39m, [33m0[39m, [33m0[39m, [33m0[39m, [33m0[39m, [33m0[39m, [33m0[39m, [33m0[39m, [33m0[39m, [33m0[39m, [33m0[39m,
    [33m0[39m, [33m0[39m, [33m0[39m, [33m0[39m, [33m0[39m, [33m0[39m, [33m0[39m, [33m0[39m, [33m0[39m, [33m0[39m, [33m0[39m, [33m0[39m,
    [33m0[39m, [33m0[39m, [33m0[39m, [33m0[39m, [33m0[39m, [33m0[39m, [33m0[39m, [33m0[39m, [33m0[39m, [33m0[39m, [33m0[39m, [33m0[39m,
    [33m0[39m, [33m0[39m, [33m0[39m, [33m0[39m, [33m0[39m, [33m0[39m, [33m0[39m, [33m0[39m, [33m0[39m, [33m0[39m, [33m0[39m, [33m0[39m,
    [33m0[39m, [33m0[39m, [33m0[39m, [33m0[39m, [33m0[39m, [33m0[39m, [33m0[39m, [33m0[39m, [33m0[39m, [33m0[39m, [33m0[39m, [33m0[39m,
    [33m0[39m, [33m0[39m, [33m0[39m, [33m0[39m, [33m0[39m, [33m0[39m, [33m0[39m, [33m0[39m, [33m0[39m, [33m0[39m, [33m0[39m, [33m0[39m,
    [33m0[39m, [33m0[39m, [33m0[39m, [33m0[39m,
    ... 924 more items
  ],
  x: [33m-1[39m,
  z: [33m-1[39m,
  lodLevel: [33m0[39m
}
Chunk generated: Chunk {
  data: Uint8Array(131072) [
    [33m1[39m, [33m1[39m, [33m1[39m, [33m1[39m, [33m1[39m, [33m1[39m, [33m1[39m, [33m1[39m, [33m1[39m, [33m1[39m, [33m1[39m, [33m1[39m,
    [33m1[39m, [33m1[39m, [33m1[39m, [33m1[39m, [33m1[39m, [33m1[39m, [33m1[39m, [33m1[39m, [33m1[39m, [33m1[39m, [33m1[39m, [33m1[39m,
    [33m1[39m, [33m1[39m, [33m1[39m, [33m1[39m, [33m1[39m, [33m1[39m, [33m1[39m, [33m1[39m, [33m1[39m, [33m1[39m, [33m1[39m, [33m1[39m,
    [33m1[39m, [33m1[39m, [33m1[39m, [33m1[39m, [33m1[39m, [33m1[39m, [33m1[39m, [33m1[39m, [33m1[39m, [33m1[39m, [33m1[39m, [33m1[39m,
    [33m1[39m, [33m1[39m, [33m1[39m, [33m1[39m, [33m1[39m, [33m1[39m, [33m1[39m, [33m1[39m, [33m1[39m, [33m1[39m, [33m1[39m, [33m1[39m,
    [33m1[39m, [33m1[39m, [33m1[39m, [33m1[39m, [33m1[39m, [33m1[39m, [33m1[39m, [33m1[39m, [33m1[39m, [33m1[39m, [33m1[39m, [33m1[39m,
    [33m1[39m, [33m1[39m, [33m1[39m, [33m1[39m, [33m1[39m, [33m1[39m, [33m1[39m, [33m1[39m, [33m1[39m, [33m1[39m, [33m1[39m, [33m1[39m,
    [33m1[39m, [33m1[39m, [33m1[39m, [33m1[39m, [33m1[39m, [33m1[39m, [33m1[39m, [33m1[39m, [33m1[39m, [33m1[39m, [33m1[39m, [33m1[39m,
    [33m1[39m, [33m1[39m, [33m1[39m, [33m1[39m,
    ... 130972 more items
  ],
  compressedData: Uint8Array(131072) [
    [33m1[39m, [33m1[39m, [33m1[39m, [33m1[39m, [33m1[39m, [33m1[39m, [33m1[39m, [33m1[39m, [33m1[39m, [33m1[39m, [33m1[39m, [33m1[39m,
    [33m1[39m, [33m1[39m, [33m1[39m, [33m1[39m, [33m1[39m, [33m1[39m, [33m1[39m, [33m1[39m, [33m1[39m, [33m1[39m, [33m1[39m, [33m1[39m,
    [33m1[39m, [33m1[39m, [33m1[39m, [33m1[39m, [33m1[39m, [33m1[39m, [33m1[39m, [33m1[39m, [33m1[39m, [33m1[39m, [33m1[39m, [33m1[39m,
    [33m1[39m, [33m1[39m, [33m1[39m, [33m1[39m, [33m1[39m, [33m1[39m, [33m1[39m, [33m1[39m, [33m1[39m, [33m1[39m, [33m1[39m, [33m1[39m,
    [33m1[39m, [33m1[39m, [33m1[39m, [33m1[39m, [33m1[39m, [33m1[39m, [33m1[39m, [33m1[39m, [33m1[39m, [33m1[39m, [33m1[39m, [33m1[39m,
    [33m1[39m, [33m1[39m, [33m1[39m, [33m1[39m, [33m1[39m, [33m1[39m, [33m1[39m, [33m1[39m, [33m1[39m, [33m1[39m, [33m1[39m, [33m1[39m,
    [33m1[39m, [33m1[39m, [33m1[39m, [33m1[39m, [33m1[39m, [33m1[39m, [33m1[39m, [33m1[39m, [33m1[39m, [33m1[39m, [33m1[39m, [33m1[39m,
    [33m1[39m, [33m1[39m, [33m1[39m, [33m1[39m, [33m1[39m, [33m1[39m, [33m1[39m, [33m1[39m, [33m1[39m, [33m1[39m, [33m1[39m, [33m1[39m,
    [33m1[39m, [33m1[39m, [33m1[39m, [33m1[39m,
    ... 130972 more items
  ],
  heightmap: Uint8Array(1024) [
    [33m0[39m, [33m0[39m, [33m0[39m, [33m0[39m, [33m0[39m, [33m0[39m, [33m0[39m, [33m0[39m, [33m0[39m, [33m0[39m, [33m0[39m, [33m0[39m,
    [33m0[39m, [33m0[39m, [33m0[39m, [33m0[39m, [33m0[39m, [33m0[39m, [33m0[39m, [33m0[39m, [33m0[39m, [33m0[39m, [33m0[39m, [33m0[39m,
    [33m0[39m, [33m0[39m, [33m0[39m, [33m0[39m, [33m0[39m, [33m0[39m, [33m0[39m, [33m0[39m, [33m0[39m, [33m0[39m, [33m0[39m, [33m0[39m,
    [33m0[39m, [33m0[39m, [33m0[39m, [33m0[39m, [33m0[39m, [33m0[39m, [33m0[39m, [33m0[39m, [33m0[39m, [33m0[39m, [33m0[39m, [33m0[39m,
    [33m0[39m, [33m0[39m, [33m0[39m, [33m0[39m, [33m0[39m, [33m0[39m, [33m0[39m, [33m0[39m, [33m0[39m, [33m0[39m, [33m0[39m, [33m0[39m,
    [33m0[39m, [33m0[39m, [33m0[39m, [33m0[39m, [33m0[39m, [33m0[39m, [33m0[39m, [33m0[39m, [33m0[39m, [33m0[39m, [33m0[39m, [33m0[39m,
    [33m0[39m, [33m0[39m, [33m0[39m, [33m0[39m, [33m0[39m, [33m0[39m, [33m0[39m, [33m0[39m, [33m0[39m, [33m0[39m, [33m0[39m, [33m0[39m,
    [33m0[39m, [33m0[39m, [33m0[39m, [33m0[39m, [33m0[39m, [33m0[39m, [33m0[39m, [33m0[39m, [33m0[39m, [33m0[39m, [33m0[39m, [33m0[39m,
    [33m0[39m, [33m0[39m, [33m0[39m, [33m0[39m,
    ... 924 more items
  ],
  x: [33m-1[39m,
  z: [33m0[39m,
  lodLevel: [33m0[39m
}
Mesh generated: BufferGeometry {
  isBufferGeometry: [33mtrue[39m,
  uuid: [32m'120086ca-ff12-4390-894c-523ef2ac975c'[39m,
  name: [32m''[39m,
  type: [32m'BufferGeometry'[39m,
  index: BufferAttribute {
    isBufferAttribute: [33mtrue[39m,
    name: [32m''[39m,
    array: Uint32Array(36) [
       [33m0[39m,  [33m1[39m,  [33m2[39m,  [33m0[39m,  [33m2[39m,  [33m3[39m,  [33m4[39m,  [33m5[39m,  [33m6[39m,
       [33m4[39m,  [33m6[39m,  [33m7[39m,  [33m8[39m,  [33m9[39m, [33m10[39m,  [33m8[39m, [33m10[39m, [33m11[39m,
      [33m12[39m, [33m13[39m, [33m14[39m, [33m12[39m, [33m14[39m, [33m15[39m, [33m16[39m, [33m17[39m, [33m18[39m,
      [33m16[39m, [33m18[39m, [33m19[39m, [33m20[39m, [33m21[39m, [33m22[39m, [33m20[39m, [33m22[39m, [33m23[39m
    ],
    itemSize: [33m1[39m,
    count: [33m36[39m,
    normalized: [33mfalse[39m,
    usage: [33m35044[39m,
    _updateRange: { offset: [33m0[39m, count: [33m-1[39m },
    updateRanges: [],
    gpuType: [33m1015[39m,
    version: [33m0[39m
  },
  attributes: {
    position: BufferAttribute {
      isBufferAttribute: [33mtrue[39m,
      name: [32m''[39m,
      array: [36m[Float32Array][39m,
      itemSize: [33m3[39m,
      count: [33m24[39m,
      normalized: [33mfalse[39m,
      usage: [33m35044[39m,
      _updateRange: [36m[Object][39m,
      updateRanges: [],
      gpuType: [33m1015[39m,
      version: [33m0[39m
    },
    normal: BufferAttribute {
      isBufferAttribute: [33mtrue[39m,
      name: [32m''[39m,
      array: [36m[Float32Array][39m,
      itemSize: [33m3[39m,
      count: [33m24[39m,
      normalized: [33mfalse[39m,
      usage: [33m35044[39m,
      _updateRange: [36m[Object][39m,
      updateRanges: [],
      gpuType: [33m1015[39m,
      version: [33m0[39m
    },
    uv: BufferAttribute {
      isBufferAttribute: [33mtrue[39m,
      name: [32m''[39m,
      array: [36m[Float32Array][39m,
      itemSize: [33m2[39m,
      count: [33m24[39m,
      normalized: [33mfalse[39m,
      usage: [33m35044[39m,
      _updateRange: [36m[Object][39m,
      updateRanges: [],
      gpuType: [33m1015[39m,
      version: [33m0[39m
    }
  },
  morphAttributes: {},
  morphTargetsRelative: [33mfalse[39m,
  groups: [],
  boundingBox: [1mnull[22m,
  boundingSphere: [1mnull[22m,
  drawRange: { start: [33m0[39m, count: [33mInfinity[39m },
  userData: {}
}
Chunk loaded at -1, -1 with LOD 0
Mesh generated: BufferGeometry {
  isBufferGeometry: [33mtrue[39m,
  uuid: [32m'26a42407-1f7a-4954-94d0-03392e803c7a'[39m,
  name: [32m''[39m,
  type: [32m'BufferGeometry'[39m,
  index: BufferAttribute {
    isBufferAttribute: [33mtrue[39m,
    name: [32m''[39m,
    array: Uint32Array(36) [
       [33m0[39m,  [33m1[39m,  [33m2[39m,  [33m0[39m,  [33m2[39m,  [33m3[39m,  [33m4[39m,  [33m5[39m,  [33m6[39m,
       [33m4[39m,  [33m6[39m,  [33m7[39m,  [33m8[39m,  [33m9[39m, [33m10[39m,  [33m8[39m, [33m10[39m, [33m11[39m,
      [33m12[39m, [33m13[39m, [33m14[39m, [33m12[39m, [33m14[39m, [33m15[39m, [33m16[39m, [33m17[39m, [33m18[39m,
      [33m16[39m, [33m18[39m, [33m19[39m, [33m20[39m, [33m21[39m, [33m22[39m, [33m20[39m, [33m22[39m, [33m23[39m
    ],
    itemSize: [33m1[39m,
    count: [33m36[39m,
    normalized: [33mfalse[39m,
    usage: [33m35044[39m,
    _updateRange: { offset: [33m0[39m, count: [33m-1[39m },
    updateRanges: [],
    gpuType: [33m1015[39m,
    version: [33m0[39m
  },
  attributes: {
    position: BufferAttribute {
      isBufferAttribute: [33mtrue[39m,
      name: [32m''[39m,
      array: [36m[Float32Array][39m,
      itemSize: [33m3[39m,
      count: [33m24[39m,
      normalized: [33mfalse[39m,
      usage: [33m35044[39m,
      _updateRange: [36m[Object][39m,
      updateRanges: [],
      gpuType: [33m1015[39m,
      version: [33m0[39m
    },
    normal: BufferAttribute {
      isBufferAttribute: [33mtrue[39m,
      name: [32m''[39m,
      array: [36m[Float32Array][39m,
      itemSize: [33m3[39m,
      count: [33m24[39m,
      normalized: [33mfalse[39m,
      usage: [33m35044[39m,
      _updateRange: [36m[Object][39m,
      updateRanges: [],
      gpuType: [33m1015[39m,
      version: [33m0[39m
    },
    uv: BufferAttribute {
      isBufferAttribute: [33mtrue[39m,
      name: [32m''[39m,
      array: [36m[Float32Array][39m,
      itemSize: [33m2[39m,
      count: [33m24[39m,
      normalized: [33mfalse[39m,
      usage: [33m35044[39m,
      _updateRange: [36m[Object][39m,
      updateRanges: [],
      gpuType: [33m1015[39m,
      version: [33m0[39m
    }
  },
  morphAttributes: {},
  morphTargetsRelative: [33mfalse[39m,
  groups: [],
  boundingBox: [1mnull[22m,
  boundingSphere: [1mnull[22m,
  drawRange: { start: [33m0[39m, count: [33mInfinity[39m },
  userData: {}
}
Chunk loaded at -1, 0 with LOD 0

[90mstdout[2m | src/world/ChunkManager.test.ts[2m > [22m[2mChunkManager[2m > [22m[2mshould respect max loaded chunks limit[22m[39m
Loading chunk at 0, -1 with LOD 0
Loading chunk at 0, 0 with LOD 0
Chunk generated: Chunk {
  data: Uint8Array(131072) [
    [33m1[39m, [33m1[39m, [33m1[39m, [33m1[39m, [33m1[39m, [33m1[39m, [33m1[39m, [33m1[39m, [33m1[39m, [33m1[39m, [33m1[39m, [33m1[39m,
    [33m1[39m, [33m1[39m, [33m1[39m, [33m1[39m, [33m1[39m, [33m1[39m, [33m1[39m, [33m1[39m, [33m1[39m, [33m1[39m, [33m1[39m, [33m1[39m,
    [33m1[39m, [33m1[39m, [33m1[39m, [33m1[39m, [33m1[39m, [33m1[39m, [33m1[39m, [33m1[39m, [33m1[39m, [33m1[39m, [33m1[39m, [33m1[39m,
    [33m1[39m, [33m1[39m, [33m1[39m, [33m1[39m, [33m1[39m, [33m1[39m, [33m1[39m, [33m1[39m, [33m1[39m, [33m1[39m, [33m1[39m, [33m1[39m,
    [33m1[39m, [33m1[39m, [33m1[39m, [33m1[39m, [33m1[39m, [33m1[39m, [33m1[39m, [33m1[39m, [33m1[39m, [33m1[39m, [33m1[39m, [33m1[39m,
    [33m1[39m, [33m1[39m, [33m1[39m, [33m1[39m, [33m1[39m, [33m1[39m, [33m1[39m, [33m1[39m, [33m1[39m, [33m1[39m, [33m1[39m, [33m1[39m,
    [33m1[39m, [33m1[39m, [33m1[39m, [33m1[39m, [33m1[39m, [33m1[39m, [33m1[39m, [33m1[39m, [33m1[39m, [33m1[39m, [33m1[39m, [33m1[39m,
    [33m1[39m, [33m1[39m, [33m1[39m, [33m1[39m, [33m1[39m, [33m1[39m, [33m1[39m, [33m1[39m, [33m1[39m, [33m1[39m, [33m1[39m, [33m1[39m,
    [33m1[39m, [33m1[39m, [33m1[39m, [33m1[39m,
    ... 130972 more items
  ],
  compressedData: Uint8Array(131072) [
    [33m1[39m, [33m1[39m, [33m1[39m, [33m1[39m, [33m1[39m, [33m1[39m, [33m1[39m, [33m1[39m, [33m1[39m, [33m1[39m, [33m1[39m, [33m1[39m,
    [33m1[39m, [33m1[39m, [33m1[39m, [33m1[39m, [33m1[39m, [33m1[39m, [33m1[39m, [33m1[39m, [33m1[39m, [33m1[39m, [33m1[39m, [33m1[39m,
    [33m1[39m, [33m1[39m, [33m1[39m, [33m1[39m, [33m1[39m, [33m1[39m, [33m1[39m, [33m1[39m, [33m1[39m, [33m1[39m, [33m1[39m, [33m1[39m,
    [33m1[39m, [33m1[39m, [33m1[39m, [33m1[39m, [33m1[39m, [33m1[39m, [33m1[39m, [33m1[39m, [33m1[39m, [33m1[39m, [33m1[39m, [33m1[39m,
    [33m1[39m, [33m1[39m, [33m1[39m, [33m1[39m, [33m1[39m, [33m1[39m, [33m1[39m, [33m1[39m, [33m1[39m, [33m1[39m, [33m1[39m, [33m1[39m,
    [33m1[39m, [33m1[39m, [33m1[39m, [33m1[39m, [33m1[39m, [33m1[39m, [33m1[39m, [33m1[39m, [33m1[39m, [33m1[39m, [33m1[39m, [33m1[39m,
    [33m1[39m, [33m1[39m, [33m1[39m, [33m1[39m, [33m1[39m, [33m1[39m, [33m1[39m, [33m1[39m, [33m1[39m, [33m1[39m, [33m1[39m, [33m1[39m,
    [33m1[39m, [33m1[39m, [33m1[39m, [33m1[39m, [33m1[39m, [33m1[39m, [33m1[39m, [33m1[39m, [33m1[39m, [33m1[39m, [33m1[39m, [33m1[39m,
    [33m1[39m, [33m1[39m, [33m1[39m, [33m1[39m,
    ... 130972 more items
  ],
  heightmap: Uint8Array(1024) [
    [33m0[39m, [33m0[39m, [33m0[39m, [33m0[39m, [33m0[39m, [33m0[39m, [33m0[39m, [33m0[39m, [33m0[39m, [33m0[39m, [33m0[39m, [33m0[39m,
    [33m0[39m, [33m0[39m, [33m0[39m, [33m0[39m, [33m0[39m, [33m0[39m, [33m0[39m, [33m0[39m, [33m0[39m, [33m0[39m, [33m0[39m, [33m0[39m,
    [33m0[39m, [33m0[39m, [33m0[39m, [33m0[39m, [33m0[39m, [33m0[39m, [33m0[39m, [33m0[39m, [33m0[39m, [33m0[39m, [33m0[39m, [33m0[39m,
    [33m0[39m, [33m0[39m, [33m0[39m, [33m0[39m, [33m0[39m, [33m0[39m, [33m0[39m, [33m0[39m, [33m0[39m, [33m0[39m, [33m0[39m, [33m0[39m,
    [33m0[39m, [33m0[39m, [33m0[39m, [33m0[39m, [33m0[39m, [33m0[39m, [33m0[39m, [33m0[39m, [33m0[39m, [33m0[39m, [33m0[39m, [33m0[39m,
    [33m0[39m, [33m0[39m, [33m0[39m, [33m0[39m, [33m0[39m, [33m0[39m, [33m0[39m, [33m0[39m, [33m0[39m, [33m0[39m, [33m0[39m, [33m0[39m,
    [33m0[39m, [33m0[39m, [33m0[39m, [33m0[39m, [33m0[39m, [33m0[39m, [33m0[39m, [33m0[39m, [33m0[39m, [33m0[39m, [33m0[39m, [33m0[39m,
    [33m0[39m, [33m0[39m, [33m0[39m, [33m0[39m, [33m0[39m, [33m0[39m, [33m0[39m, [33m0[39m, [33m0[39m, [33m0[39m, [33m0[39m, [33m0[39m,
    [33m0[39m, [33m0[39m, [33m0[39m, [33m0[39m,
    ... 924 more items
  ],
  x: [33m0[39m,
  z: [33m-1[39m,
  lodLevel: [33m0[39m
}
Chunk generated: Chunk {
  data: Uint8Array(131072) [
    [33m1[39m, [33m1[39m, [33m1[39m, [33m1[39m, [33m1[39m, [33m1[39m, [33m1[39m, [33m1[39m, [33m1[39m, [33m1[39m, [33m1[39m, [33m1[39m,
    [33m1[39m, [33m1[39m, [33m1[39m, [33m1[39m, [33m1[39m, [33m1[39m, [33m1[39m, [33m1[39m, [33m1[39m, [33m1[39m, [33m1[39m, [33m1[39m,
    [33m1[39m, [33m1[39m, [33m1[39m, [33m1[39m, [33m1[39m, [33m1[39m, [33m1[39m, [33m1[39m, [33m1[39m, [33m1[39m, [33m1[39m, [33m1[39m,
    [33m1[39m, [33m1[39m, [33m1[39m, [33m1[39m, [33m1[39m, [33m1[39m, [33m1[39m, [33m1[39m, [33m1[39m, [33m1[39m, [33m1[39m, [33m1[39m,
    [33m1[39m, [33m1[39m, [33m1[39m, [33m1[39m, [33m1[39m, [33m1[39m, [33m1[39m, [33m1[39m, [33m1[39m, [33m1[39m, [33m1[39m, [33m1[39m,
    [33m1[39m, [33m1[39m, [33m1[39m, [33m1[39m, [33m1[39m, [33m1[39m, [33m1[39m, [33m1[39m, [33m1[39m, [33m1[39m, [33m1[39m, [33m1[39m,
    [33m1[39m, [33m1[39m, [33m1[39m, [33m1[39m, [33m1[39m, [33m1[39m, [33m1[39m, [33m1[39m, [33m1[39m, [33m1[39m, [33m1[39m, [33m1[39m,
    [33m1[39m, [33m1[39m, [33m1[39m, [33m1[39m, [33m1[39m, [33m1[39m, [33m1[39m, [33m1[39m, [33m1[39m, [33m1[39m, [33m1[39m, [33m1[39m,
    [33m1[39m, [33m1[39m, [33m1[39m, [33m1[39m,
    ... 130972 more items
  ],
  compressedData: Uint8Array(131072) [
    [33m1[39m, [33m1[39m, [33m1[39m, [33m1[39m, [33m1[39m, [33m1[39m, [33m1[39m, [33m1[39m, [33m1[39m, [33m1[39m, [33m1[39m, [33m1[39m,
    [33m1[39m, [33m1[39m, [33m1[39m, [33m1[39m, [33m1[39m, [33m1[39m, [33m1[39m, [33m1[39m, [33m1[39m, [33m1[39m, [33m1[39m, [33m1[39m,
    [33m1[39m, [33m1[39m, [33m1[39m, [33m1[39m, [33m1[39m, [33m1[39m, [33m1[39m, [33m1[39m, [33m1[39m, [33m1[39m, [33m1[39m, [33m1[39m,
    [33m1[39m, [33m1[39m, [33m1[39m, [33m1[39m, [33m1[39m, [33m1[39m, [33m1[39m, [33m1[39m, [33m1[39m, [33m1[39m, [33m1[39m, [33m1[39m,
    [33m1[39m, [33m1[39m, [33m1[39m, [33m1[39m, [33m1[39m, [33m1[39m, [33m1[39m, [33m1[39m, [33m1[39m, [33m1[39m, [33m1[39m, [33m1[39m,
    [33m1[39m, [33m1[39m, [33m1[39m, [33m1[39m, [33m1[39m, [33m1[39m, [33m1[39m, [33m1[39m, [33m1[39m, [33m1[39m, [33m1[39m, [33m1[39m,
    [33m1[39m, [33m1[39m, [33m1[39m, [33m1[39m, [33m1[39m, [33m1[39m, [33m1[39m, [33m1[39m, [33m1[39m, [33m1[39m, [33m1[39m, [33m1[39m,
    [33m1[39m, [33m1[39m, [33m1[39m, [33m1[39m, [33m1[39m, [33m1[39m, [33m1[39m, [33m1[39m, [33m1[39m, [33m1[39m, [33m1[39m, [33m1[39m,
    [33m1[39m, [33m1[39m, [33m1[39m, [33m1[39m,
    ... 130972 more items
  ],
  heightmap: Uint8Array(1024) [
    [33m0[39m, [33m0[39m, [33m0[39m, [33m0[39m, [33m0[39m, [33m0[39m, [33m0[39m, [33m0[39m, [33m0[39m, [33m0[39m, [33m0[39m, [33m0[39m,
    [33m0[39m, [33m0[39m, [33m0[39m, [33m0[39m, [33m0[39m, [33m0[39m, [33m0[39m, [33m0[39m, [33m0[39m, [33m0[39m, [33m0[39m, [33m0[39m,
    [33m0[39m, [33m0[39m, [33m0[39m, [33m0[39m, [33m0[39m, [33m0[39m, [33m0[39m, [33m0[39m, [33m0[39m, [33m0[39m, [33m0[39m, [33m0[39m,
    [33m0[39m, [33m0[39m, [33m0[39m, [33m0[39m, [33m0[39m, [33m0[39m, [33m0[39m, [33m0[39m, [33m0[39m, [33m0[39m, [33m0[39m, [33m0[39m,
    [33m0[39m, [33m0[39m, [33m0[39m, [33m0[39m, [33m0[39m, [33m0[39m, [33m0[39m, [33m0[39m, [33m0[39m, [33m0[39m, [33m0[39m, [33m0[39m,
    [33m0[39m, [33m0[39m, [33m0[39m, [33m0[39m, [33m0[39m, [33m0[39m, [33m0[39m, [33m0[39m, [33m0[39m, [33m0[39m, [33m0[39m, [33m0[39m,
    [33m0[39m, [33m0[39m, [33m0[39m, [33m0[39m, [33m0[39m, [33m0[39m, [33m0[39m, [33m0[39m, [33m0[39m, [33m0[39m, [33m0[39m, [33m0[39m,
    [33m0[39m, [33m0[39m, [33m0[39m, [33m0[39m, [33m0[39m, [33m0[39m, [33m0[39m, [33m0[39m, [33m0[39m, [33m0[39m, [33m0[39m, [33m0[39m,
    [33m0[39m, [33m0[39m, [33m0[39m, [33m0[39m,
    ... 924 more items
  ],
  x: [33m0[39m,
  z: [33m0[39m,
  lodLevel: [33m0[39m
}
Mesh generated: BufferGeometry {
  isBufferGeometry: [33mtrue[39m,
  uuid: [32m'6471e30d-4de8-4bea-a859-f433a39c7888'[39m,
  name: [32m''[39m,
  type: [32m'BufferGeometry'[39m,
  index: BufferAttribute {
    isBufferAttribute: [33mtrue[39m,
    name: [32m''[39m,
    array: Uint32Array(36) [
       [33m0[39m,  [33m1[39m,  [33m2[39m,  [33m0[39m,  [33m2[39m,  [33m3[39m,  [33m4[39m,  [33m5[39m,  [33m6[39m,
       [33m4[39m,  [33m6[39m,  [33m7[39m,  [33m8[39m,  [33m9[39m, [33m10[39m,  [33m8[39m, [33m10[39m, [33m11[39m,
      [33m12[39m, [33m13[39m, [33m14[39m, [33m12[39m, [33m14[39m, [33m15[39m, [33m16[39m, [33m17[39m, [33m18[39m,
      [33m16[39m, [33m18[39m, [33m19[39m, [33m20[39m, [33m21[39m, [33m22[39m, [33m20[39m, [33m22[39m, [33m23[39m
    ],
    itemSize: [33m1[39m,
    count: [33m36[39m,
    normalized: [33mfalse[39m,
    usage: [33m35044[39m,
    _updateRange: { offset: [33m0[39m, count: [33m-1[39m },
    updateRanges: [],
    gpuType: [33m1015[39m,
    version: [33m0[39m
  },
  attributes: {
    position: BufferAttribute {
      isBufferAttribute: [33mtrue[39m,
      name: [32m''[39m,
      array: [36m[Float32Array][39m,
      itemSize: [33m3[39m,
      count: [33m24[39m,
      normalized: [33mfalse[39m,
      usage: [33m35044[39m,
      _updateRange: [36m[Object][39m,
      updateRanges: [],
      gpuType: [33m1015[39m,
      version: [33m0[39m
    },
    normal: BufferAttribute {
      isBufferAttribute: [33mtrue[39m,
      name: [32m''[39m,
      array: [36m[Float32Array][39m,
      itemSize: [33m3[39m,
      count: [33m24[39m,
      normalized: [33mfalse[39m,
      usage: [33m35044[39m,
      _updateRange: [36m[Object][39m,
      updateRanges: [],
      gpuType: [33m1015[39m,
      version: [33m0[39m
    },
    uv: BufferAttribute {
      isBufferAttribute: [33mtrue[39m,
      name: [32m''[39m,
      array: [36m[Float32Array][39m,
      itemSize: [33m2[39m,
      count: [33m24[39m,
      normalized: [33mfalse[39m,
      usage: [33m35044[39m,
      _updateRange: [36m[Object][39m,
      updateRanges: [],
      gpuType: [33m1015[39m,
      version: [33m0[39m
    }
  },
  morphAttributes: {},
  morphTargetsRelative: [33mfalse[39m,
  groups: [],
  boundingBox: [1mnull[22m,
  boundingSphere: [1mnull[22m,
  drawRange: { start: [33m0[39m, count: [33mInfinity[39m },
  userData: {}
}
Chunk loaded at 0, -1 with LOD 0
Mesh generated: BufferGeometry {
  isBufferGeometry: [33mtrue[39m,
  uuid: [32m'58c2ff97-3875-4583-983c-58183dda8584'[39m,
  name: [32m''[39m,
  type: [32m'BufferGeometry'[39m,
  index: BufferAttribute {
    isBufferAttribute: [33mtrue[39m,
    name: [32m''[39m,
    array: Uint32Array(36) [
       [33m0[39m,  [33m1[39m,  [33m2[39m,  [33m0[39m,  [33m2[39m,  [33m3[39m,  [33m4[39m,  [33m5[39m,  [33m6[39m,
       [33m4[39m,  [33m6[39m,  [33m7[39m,  [33m8[39m,  [33m9[39m, [33m10[39m,  [33m8[39m, [33m10[39m, [33m11[39m,
      [33m12[39m, [33m13[39m, [33m14[39m, [33m12[39m, [33m14[39m, [33m15[39m, [33m16[39m, [33m17[39m, [33m18[39m,
      [33m16[39m, [33m18[39m, [33m19[39m, [33m20[39m, [33m21[39m, [33m22[39m, [33m20[39m, [33m22[39m, [33m23[39m
    ],
    itemSize: [33m1[39m,
    count: [33m36[39m,
    normalized: [33mfalse[39m,
    usage: [33m35044[39m,
    _updateRange: { offset: [33m0[39m, count: [33m-1[39m },
    updateRanges: [],
    gpuType: [33m1015[39m,
    version: [33m0[39m
  },
  attributes: {
    position: BufferAttribute {
      isBufferAttribute: [33mtrue[39m,
      name: [32m''[39m,
      array: [36m[Float32Array][39m,
      itemSize: [33m3[39m,
      count: [33m24[39m,
      normalized: [33mfalse[39m,
      usage: [33m35044[39m,
      _updateRange: [36m[Object][39m,
      updateRanges: [],
      gpuType: [33m1015[39m,
      version: [33m0[39m
    },
    normal: BufferAttribute {
      isBufferAttribute: [33mtrue[39m,
      name: [32m''[39m,
      array: [36m[Float32Array][39m,
      itemSize: [33m3[39m,
      count: [33m24[39m,
      normalized: [33mfalse[39m,
      usage: [33m35044[39m,
      _updateRange: [36m[Object][39m,
      updateRanges: [],
      gpuType: [33m1015[39m,
      version: [33m0[39m
    },
    uv: BufferAttribute {
      isBufferAttribute: [33mtrue[39m,
      name: [32m''[39m,
      array: [36m[Float32Array][39m,
      itemSize: [33m2[39m,
      count: [33m24[39m,
      normalized: [33mfalse[39m,
      usage: [33m35044[39m,
      _updateRange: [36m[Object][39m,
      updateRanges: [],
      gpuType: [33m1015[39m,
      version: [33m0[39m
    }
  },
  morphAttributes: {},
  morphTargetsRelative: [33mfalse[39m,
  groups: [],
  boundingBox: [1mnull[22m,
  boundingSphere: [1mnull[22m,
  drawRange: { start: [33m0[39m, count: [33mInfinity[39m },
  userData: {}
}
Chunk loaded at 0, 0 with LOD 0

[90mstdout[2m | src/world/ChunkManager.test.ts[2m > [22m[2mChunkManager[2m > [22m[2mshould respect max loaded chunks limit[22m[39m
Loading chunk at -2, 0 with LOD 0
Loading chunk at -1, 1 with LOD 0
Chunk generated: Chunk {
  data: Uint8Array(131072) [
    [33m1[39m, [33m1[39m, [33m1[39m, [33m1[39m, [33m1[39m, [33m1[39m, [33m1[39m, [33m1[39m, [33m1[39m, [33m1[39m, [33m1[39m, [33m1[39m,
    [33m1[39m, [33m1[39m, [33m1[39m, [33m1[39m, [33m1[39m, [33m1[39m, [33m1[39m, [33m1[39m, [33m1[39m, [33m1[39m, [33m1[39m, [33m1[39m,
    [33m1[39m, [33m1[39m, [33m1[39m, [33m1[39m, [33m1[39m, [33m1[39m, [33m1[39m, [33m1[39m, [33m1[39m, [33m1[39m, [33m1[39m, [33m1[39m,
    [33m1[39m, [33m1[39m, [33m1[39m, [33m1[39m, [33m1[39m, [33m1[39m, [33m1[39m, [33m1[39m, [33m1[39m, [33m1[39m, [33m1[39m, [33m1[39m,
    [33m1[39m, [33m1[39m, [33m1[39m, [33m1[39m, [33m1[39m, [33m1[39m, [33m1[39m, [33m1[39m, [33m1[39m, [33m1[39m, [33m1[39m, [33m1[39m,
    [33m1[39m, [33m1[39m, [33m1[39m, [33m1[39m, [33m1[39m, [33m1[39m, [33m1[39m, [33m1[39m, [33m1[39m, [33m1[39m, [33m1[39m, [33m1[39m,
    [33m1[39m, [33m1[39m, [33m1[39m, [33m1[39m, [33m1[39m, [33m1[39m, [33m1[39m, [33m1[39m, [33m1[39m, [33m1[39m, [33m1[39m, [33m1[39m,
    [33m1[39m, [33m1[39m, [33m1[39m, [33m1[39m, [33m1[39m, [33m1[39m, [33m1[39m, [33m1[39m, [33m1[39m, [33m1[39m, [33m1[39m, [33m1[39m,
    [33m1[39m, [33m1[39m, [33m1[39m, [33m1[39m,
    ... 130972 more items
  ],
  compressedData: Uint8Array(131072) [
    [33m1[39m, [33m1[39m, [33m1[39m, [33m1[39m, [33m1[39m, [33m1[39m, [33m1[39m, [33m1[39m, [33m1[39m, [33m1[39m, [33m1[39m, [33m1[39m,
    [33m1[39m, [33m1[39m, [33m1[39m, [33m1[39m, [33m1[39m, [33m1[39m, [33m1[39m, [33m1[39m, [33m1[39m, [33m1[39m, [33m1[39m, [33m1[39m,
    [33m1[39m, [33m1[39m, [33m1[39m, [33m1[39m, [33m1[39m, [33m1[39m, [33m1[39m, [33m1[39m, [33m1[39m, [33m1[39m, [33m1[39m, [33m1[39m,
    [33m1[39m, [33m1[39m, [33m1[39m, [33m1[39m, [33m1[39m, [33m1[39m, [33m1[39m, [33m1[39m, [33m1[39m, [33m1[39m, [33m1[39m, [33m1[39m,
    [33m1[39m, [33m1[39m, [33m1[39m, [33m1[39m, [33m1[39m, [33m1[39m, [33m1[39m, [33m1[39m, [33m1[39m, [33m1[39m, [33m1[39m, [33m1[39m,
    [33m1[39m, [33m1[39m, [33m1[39m, [33m1[39m, [33m1[39m, [33m1[39m, [33m1[39m, [33m1[39m, [33m1[39m, [33m1[39m, [33m1[39m, [33m1[39m,
    [33m1[39m, [33m1[39m, [33m1[39m, [33m1[39m, [33m1[39m, [33m1[39m, [33m1[39m, [33m1[39m, [33m1[39m, [33m1[39m, [33m1[39m, [33m1[39m,
    [33m1[39m, [33m1[39m, [33m1[39m, [33m1[39m, [33m1[39m, [33m1[39m, [33m1[39m, [33m1[39m, [33m1[39m, [33m1[39m, [33m1[39m, [33m1[39m,
    [33m1[39m, [33m1[39m, [33m1[39m, [33m1[39m,
    ... 130972 more items
  ],
  heightmap: Uint8Array(1024) [
    [33m0[39m, [33m0[39m, [33m0[39m, [33m0[39m, [33m0[39m, [33m0[39m, [33m0[39m, [33m0[39m, [33m0[39m, [33m0[39m, [33m0[39m, [33m0[39m,
    [33m0[39m, [33m0[39m, [33m0[39m, [33m0[39m, [33m0[39m, [33m0[39m, [33m0[39m, [33m0[39m, [33m0[39m, [33m0[39m, [33m0[39m, [33m0[39m,
    [33m0[39m, [33m0[39m, [33m0[39m, [33m0[39m, [33m0[39m, [33m0[39m, [33m0[39m, [33m0[39m, [33m0[39m, [33m0[39m, [33m0[39m, [33m0[39m,
    [33m0[39m, [33m0[39m, [33m0[39m, [33m0[39m, [33m0[39m, [33m0[39m, [33m0[39m, [33m0[39m, [33m0[39m, [33m0[39m, [33m0[39m, [33m0[39m,
    [33m0[39m, [33m0[39m, [33m0[39m, [33m0[39m, [33m0[39m, [33m0[39m, [33m0[39m, [33m0[39m, [33m0[39m, [33m0[39m, [33m0[39m, [33m0[39m,
    [33m0[39m, [33m0[39m, [33m0[39m, [33m0[39m, [33m0[39m, [33m0[39m, [33m0[39m, [33m0[39m, [33m0[39m, [33m0[39m, [33m0[39m, [33m0[39m,
    [33m0[39m, [33m0[39m, [33m0[39m, [33m0[39m, [33m0[39m, [33m0[39m, [33m0[39m, [33m0[39m, [33m0[39m, [33m0[39m, [33m0[39m, [33m0[39m,
    [33m0[39m, [33m0[39m, [33m0[39m, [33m0[39m, [33m0[39m, [33m0[39m, [33m0[39m, [33m0[39m, [33m0[39m, [33m0[39m, [33m0[39m, [33m0[39m,
    [33m0[39m, [33m0[39m, [33m0[39m, [33m0[39m,
    ... 924 more items
  ],
  x: [33m-2[39m,
  z: [33m0[39m,
  lodLevel: [33m0[39m
}
Chunk generated: Chunk {
  data: Uint8Array(131072) [
    [33m1[39m, [33m1[39m, [33m1[39m, [33m1[39m, [33m1[39m, [33m1[39m, [33m1[39m, [33m1[39m, [33m1[39m, [33m1[39m, [33m1[39m, [33m1[39m,
    [33m1[39m, [33m1[39m, [33m1[39m, [33m1[39m, [33m1[39m, [33m1[39m, [33m1[39m, [33m1[39m, [33m1[39m, [33m1[39m, [33m1[39m, [33m1[39m,
    [33m1[39m, [33m1[39m, [33m1[39m, [33m1[39m, [33m1[39m, [33m1[39m, [33m1[39m, [33m1[39m, [33m1[39m, [33m1[39m, [33m1[39m, [33m1[39m,
    [33m1[39m, [33m1[39m, [33m1[39m, [33m1[39m, [33m1[39m, [33m1[39m, [33m1[39m, [33m1[39m, [33m1[39m, [33m1[39m, [33m1[39m, [33m1[39m,
    [33m1[39m, [33m1[39m, [33m1[39m, [33m1[39m, [33m1[39m, [33m1[39m, [33m1[39m, [33m1[39m, [33m1[39m, [33m1[39m, [33m1[39m, [33m1[39m,
    [33m1[39m, [33m1[39m, [33m1[39m, [33m1[39m, [33m1[39m, [33m1[39m, [33m1[39m, [33m1[39m, [33m1[39m, [33m1[39m, [33m1[39m, [33m1[39m,
    [33m1[39m, [33m1[39m, [33m1[39m, [33m1[39m, [33m1[39m, [33m1[39m, [33m1[39m, [33m1[39m, [33m1[39m, [33m1[39m, [33m1[39m, [33m1[39m,
    [33m1[39m, [33m1[39m, [33m1[39m, [33m1[39m, [33m1[39m, [33m1[39m, [33m1[39m, [33m1[39m, [33m1[39m, [33m1[39m, [33m1[39m, [33m1[39m,
    [33m1[39m, [33m1[39m, [33m1[39m, [33m1[39m,
    ... 130972 more items
  ],
  compressedData: Uint8Array(131072) [
    [33m1[39m, [33m1[39m, [33m1[39m, [33m1[39m, [33m1[39m, [33m1[39m, [33m1[39m, [33m1[39m, [33m1[39m, [33m1[39m, [33m1[39m, [33m1[39m,
    [33m1[39m, [33m1[39m, [33m1[39m, [33m1[39m, [33m1[39m, [33m1[39m, [33m1[39m, [33m1[39m, [33m1[39m, [33m1[39m, [33m1[39m, [33m1[39m,
    [33m1[39m, [33m1[39m, [33m1[39m, [33m1[39m, [33m1[39m, [33m1[39m, [33m1[39m, [33m1[39m, [33m1[39m, [33m1[39m, [33m1[39m, [33m1[39m,
    [33m1[39m, [33m1[39m, [33m1[39m, [33m1[39m, [33m1[39m, [33m1[39m, [33m1[39m, [33m1[39m, [33m1[39m, [33m1[39m, [33m1[39m, [33m1[39m,
    [33m1[39m, [33m1[39m, [33m1[39m, [33m1[39m, [33m1[39m, [33m1[39m, [33m1[39m, [33m1[39m, [33m1[39m, [33m1[39m, [33m1[39m, [33m1[39m,
    [33m1[39m, [33m1[39m, [33m1[39m, [33m1[39m, [33m1[39m, [33m1[39m, [33m1[39m, [33m1[39m, [33m1[39m, [33m1[39m, [33m1[39m, [33m1[39m,
    [33m1[39m, [33m1[39m, [33m1[39m, [33m1[39m, [33m1[39m, [33m1[39m, [33m1[39m, [33m1[39m, [33m1[39m, [33m1[39m, [33m1[39m, [33m1[39m,
    [33m1[39m, [33m1[39m, [33m1[39m, [33m1[39m, [33m1[39m, [33m1[39m, [33m1[39m, [33m1[39m, [33m1[39m, [33m1[39m, [33m1[39m, [33m1[39m,
    [33m1[39m, [33m1[39m, [33m1[39m, [33m1[39m,
    ... 130972 more items
  ],
  heightmap: Uint8Array(1024) [
    [33m0[39m, [33m0[39m, [33m0[39m, [33m0[39m, [33m0[39m, [33m0[39m, [33m0[39m, [33m0[39m, [33m0[39m, [33m0[39m, [33m0[39m, [33m0[39m,
    [33m0[39m, [33m0[39m, [33m0[39m, [33m0[39m, [33m0[39m, [33m0[39m, [33m0[39m, [33m0[39m, [33m0[39m, [33m0[39m, [33m0[39m, [33m0[39m,
    [33m0[39m, [33m0[39m, [33m0[39m, [33m0[39m, [33m0[39m, [33m0[39m, [33m0[39m, [33m0[39m, [33m0[39m, [33m0[39m, [33m0[39m, [33m0[39m,
    [33m0[39m, [33m0[39m, [33m0[39m, [33m0[39m, [33m0[39m, [33m0[39m, [33m0[39m, [33m0[39m, [33m0[39m, [33m0[39m, [33m0[39m, [33m0[39m,
    [33m0[39m, [33m0[39m, [33m0[39m, [33m0[39m, [33m0[39m, [33m0[39m, [33m0[39m, [33m0[39m, [33m0[39m, [33m0[39m, [33m0[39m, [33m0[39m,
    [33m0[39m, [33m0[39m, [33m0[39m, [33m0[39m, [33m0[39m, [33m0[39m, [33m0[39m, [33m0[39m, [33m0[39m, [33m0[39m, [33m0[39m, [33m0[39m,
    [33m0[39m, [33m0[39m, [33m0[39m, [33m0[39m, [33m0[39m, [33m0[39m, [33m0[39m, [33m0[39m, [33m0[39m, [33m0[39m, [33m0[39m, [33m0[39m,
    [33m0[39m, [33m0[39m, [33m0[39m, [33m0[39m, [33m0[39m, [33m0[39m, [33m0[39m, [33m0[39m, [33m0[39m, [33m0[39m, [33m0[39m, [33m0[39m,
    [33m0[39m, [33m0[39m, [33m0[39m, [33m0[39m,
    ... 924 more items
  ],
  x: [33m-1[39m,
  z: [33m1[39m,
  lodLevel: [33m0[39m
}
Mesh generated: BufferGeometry {
  isBufferGeometry: [33mtrue[39m,
  uuid: [32m'1c2ca95c-1f71-43ff-ad85-4635e5912039'[39m,
  name: [32m''[39m,
  type: [32m'BufferGeometry'[39m,
  index: BufferAttribute {
    isBufferAttribute: [33mtrue[39m,
    name: [32m''[39m,
    array: Uint32Array(36) [
       [33m0[39m,  [33m1[39m,  [33m2[39m,  [33m0[39m,  [33m2[39m,  [33m3[39m,  [33m4[39m,  [33m5[39m,  [33m6[39m,
       [33m4[39m,  [33m6[39m,  [33m7[39m,  [33m8[39m,  [33m9[39m, [33m10[39m,  [33m8[39m, [33m10[39m, [33m11[39m,
      [33m12[39m, [33m13[39m, [33m14[39m, [33m12[39m, [33m14[39m, [33m15[39m, [33m16[39m, [33m17[39m, [33m18[39m,
      [33m16[39m, [33m18[39m, [33m19[39m, [33m20[39m, [33m21[39m, [33m22[39m, [33m20[39m, [33m22[39m, [33m23[39m
    ],
    itemSize: [33m1[39m,
    count: [33m36[39m,
    normalized: [33mfalse[39m,
    usage: [33m35044[39m,
    _updateRange: { offset: [33m0[39m, count: [33m-1[39m },
    updateRanges: [],
    gpuType: [33m1015[39m,
    version: [33m0[39m
  },
  attributes: {
    position: BufferAttribute {
      isBufferAttribute: [33mtrue[39m,
      name: [32m''[39m,
      array: [36m[Float32Array][39m,
      itemSize: [33m3[39m,
      count: [33m24[39m,
      normalized: [33mfalse[39m,
      usage: [33m35044[39m,
      _updateRange: [36m[Object][39m,
      updateRanges: [],
      gpuType: [33m1015[39m,
      version: [33m0[39m
    },
    normal: BufferAttribute {
      isBufferAttribute: [33mtrue[39m,
      name: [32m''[39m,
      array: [36m[Float32Array][39m,
      itemSize: [33m3[39m,
      count: [33m24[39m,
      normalized: [33mfalse[39m,
      usage: [33m35044[39m,
      _updateRange: [36m[Object][39m,
      updateRanges: [],
      gpuType: [33m1015[39m,
      version: [33m0[39m
    },
    uv: BufferAttribute {
      isBufferAttribute: [33mtrue[39m,
      name: [32m''[39m,
      array: [36m[Float32Array][39m,
      itemSize: [33m2[39m,
      count: [33m24[39m,
      normalized: [33mfalse[39m,
      usage: [33m35044[39m,
      _updateRange: [36m[Object][39m,
      updateRanges: [],
      gpuType: [33m1015[39m,
      version: [33m0[39m
    }
  },
  morphAttributes: {},
  morphTargetsRelative: [33mfalse[39m,
  groups: [],
  boundingBox: [1mnull[22m,
  boundingSphere: [1mnull[22m,
  drawRange: { start: [33m0[39m, count: [33mInfinity[39m },
  userData: {}
}
Chunk loaded at -2, 0 with LOD 0
Mesh generated: BufferGeometry {
  isBufferGeometry: [33mtrue[39m,
  uuid: [32m'61f4883c-8288-4544-ab8b-a0ad4f687ec1'[39m,
  name: [32m''[39m,
  type: [32m'BufferGeometry'[39m,
  index: BufferAttribute {
    isBufferAttribute: [33mtrue[39m,
    name: [32m''[39m,
    array: Uint32Array(36) [
       [33m0[39m,  [33m1[39m,  [33m2[39m,  [33m0[39m,  [33m2[39m,  [33m3[39m,  [33m4[39m,  [33m5[39m,  [33m6[39m,
       [33m4[39m,  [33m6[39m,  [33m7[39m,  [33m8[39m,  [33m9[39m, [33m10[39m,  [33m8[39m, [33m10[39m, [33m11[39m,
      [33m12[39m, [33m13[39m, [33m14[39m, [33m12[39m, [33m14[39m, [33m15[39m, [33m16[39m, [33m17[39m, [33m18[39m,
      [33m16[39m, [33m18[39m, [33m19[39m, [33m20[39m, [33m21[39m, [33m22[39m, [33m20[39m, [33m22[39m, [33m23[39m
    ],
    itemSize: [33m1[39m,
    count: [33m36[39m,
    normalized: [33mfalse[39m,
    usage: [33m35044[39m,
    _updateRange: { offset: [33m0[39m, count: [33m-1[39m },
    updateRanges: [],
    gpuType: [33m1015[39m,
    version: [33m0[39m
  },
  attributes: {
    position: BufferAttribute {
      isBufferAttribute: [33mtrue[39m,
      name: [32m''[39m,
      array: [36m[Float32Array][39m,
      itemSize: [33m3[39m,
      count: [33m24[39m,
      normalized: [33mfalse[39m,
      usage: [33m35044[39m,
      _updateRange: [36m[Object][39m,
      updateRanges: [],
      gpuType: [33m1015[39m,
      version: [33m0[39m
    },
    normal: BufferAttribute {
      isBufferAttribute: [33mtrue[39m,
      name: [32m''[39m,
      array: [36m[Float32Array][39m,
      itemSize: [33m3[39m,
      count: [33m24[39m,
      normalized: [33mfalse[39m,
      usage: [33m35044[39m,
      _updateRange: [36m[Object][39m,
      updateRanges: [],
      gpuType: [33m1015[39m,
      version: [33m0[39m
    },
    uv: BufferAttribute {
      isBufferAttribute: [33mtrue[39m,
      name: [32m''[39m,
      array: [36m[Float32Array][39m,
      itemSize: [33m2[39m,
      count: [33m24[39m,
      normalized: [33mfalse[39m,
      usage: [33m35044[39m,
      _updateRange: [36m[Object][39m,
      updateRanges: [],
      gpuType: [33m1015[39m,
      version: [33m0[39m
    }
  },
  morphAttributes: {},
  morphTargetsRelative: [33mfalse[39m,
  groups: [],
  boundingBox: [1mnull[22m,
  boundingSphere: [1mnull[22m,
  drawRange: { start: [33m0[39m, count: [33mInfinity[39m },
  userData: {}
}
Chunk loaded at -1, 1 with LOD 0

[90mstdout[2m | src/world/ChunkManager.test.ts[2m > [22m[2mChunkManager[2m > [22m[2mshould respect max loaded chunks limit[22m[39m
Loading chunk at 0, -2 with LOD 0
Loading chunk at 0, 1 with LOD 0
Chunk generated: Chunk {
  data: Uint8Array(131072) [
    [33m1[39m, [33m1[39m, [33m1[39m, [33m1[39m, [33m1[39m, [33m1[39m, [33m1[39m, [33m1[39m, [33m1[39m, [33m1[39m, [33m1[39m, [33m1[39m,
    [33m1[39m, [33m1[39m, [33m1[39m, [33m1[39m, [33m1[39m, [33m1[39m, [33m1[39m, [33m1[39m, [33m1[39m, [33m1[39m, [33m1[39m, [33m1[39m,
    [33m1[39m, [33m1[39m, [33m1[39m, [33m1[39m, [33m1[39m, [33m1[39m, [33m1[39m, [33m1[39m, [33m1[39m, [33m1[39m, [33m1[39m, [33m1[39m,
    [33m1[39m, [33m1[39m, [33m1[39m, [33m1[39m, [33m1[39m, [33m1[39m, [33m1[39m, [33m1[39m, [33m1[39m, [33m1[39m, [33m1[39m, [33m1[39m,
    [33m1[39m, [33m1[39m, [33m1[39m, [33m1[39m, [33m1[39m, [33m1[39m, [33m1[39m, [33m1[39m, [33m1[39m, [33m1[39m, [33m1[39m, [33m1[39m,
    [33m1[39m, [33m1[39m, [33m1[39m, [33m1[39m, [33m1[39m, [33m1[39m, [33m1[39m, [33m1[39m, [33m1[39m, [33m1[39m, [33m1[39m, [33m1[39m,
    [33m1[39m, [33m1[39m, [33m1[39m, [33m1[39m, [33m1[39m, [33m1[39m, [33m1[39m, [33m1[39m, [33m1[39m, [33m1[39m, [33m1[39m, [33m1[39m,
    [33m1[39m, [33m1[39m, [33m1[39m, [33m1[39m, [33m1[39m, [33m1[39m, [33m1[39m, [33m1[39m, [33m1[39m, [33m1[39m, [33m1[39m, [33m1[39m,
    [33m1[39m, [33m1[39m, [33m1[39m, [33m1[39m,
    ... 130972 more items
  ],
  compressedData: Uint8Array(131072) [
    [33m1[39m, [33m1[39m, [33m1[39m, [33m1[39m, [33m1[39m, [33m1[39m, [33m1[39m, [33m1[39m, [33m1[39m, [33m1[39m, [33m1[39m, [33m1[39m,
    [33m1[39m, [33m1[39m, [33m1[39m, [33m1[39m, [33m1[39m, [33m1[39m, [33m1[39m, [33m1[39m, [33m1[39m, [33m1[39m, [33m1[39m, [33m1[39m,
    [33m1[39m, [33m1[39m, [33m1[39m, [33m1[39m, [33m1[39m, [33m1[39m, [33m1[39m, [33m1[39m, [33m1[39m, [33m1[39m, [33m1[39m, [33m1[39m,
    [33m1[39m, [33m1[39m, [33m1[39m, [33m1[39m, [33m1[39m, [33m1[39m, [33m1[39m, [33m1[39m, [33m1[39m, [33m1[39m, [33m1[39m, [33m1[39m,
    [33m1[39m, [33m1[39m, [33m1[39m, [33m1[39m, [33m1[39m, [33m1[39m, [33m1[39m, [33m1[39m, [33m1[39m, [33m1[39m, [33m1[39m, [33m1[39m,
    [33m1[39m, [33m1[39m, [33m1[39m, [33m1[39m, [33m1[39m, [33m1[39m, [33m1[39m, [33m1[39m, [33m1[39m, [33m1[39m, [33m1[39m, [33m1[39m,
    [33m1[39m, [33m1[39m, [33m1[39m, [33m1[39m, [33m1[39m, [33m1[39m, [33m1[39m, [33m1[39m, [33m1[39m, [33m1[39m, [33m1[39m, [33m1[39m,
    [33m1[39m, [33m1[39m, [33m1[39m, [33m1[39m, [33m1[39m, [33m1[39m, [33m1[39m, [33m1[39m, [33m1[39m, [33m1[39m, [33m1[39m, [33m1[39m,
    [33m1[39m, [33m1[39m, [33m1[39m, [33m1[39m,
    ... 130972 more items
  ],
  heightmap: Uint8Array(1024) [
    [33m0[39m, [33m0[39m, [33m0[39m, [33m0[39m, [33m0[39m, [33m0[39m, [33m0[39m, [33m0[39m, [33m0[39m, [33m0[39m, [33m0[39m, [33m0[39m,
    [33m0[39m, [33m0[39m, [33m0[39m, [33m0[39m, [33m0[39m, [33m0[39m, [33m0[39m, [33m0[39m, [33m0[39m, [33m0[39m, [33m0[39m, [33m0[39m,
    [33m0[39m, [33m0[39m, [33m0[39m, [33m0[39m, [33m0[39m, [33m0[39m, [33m0[39m, [33m0[39m, [33m0[39m, [33m0[39m, [33m0[39m, [33m0[39m,
    [33m0[39m, [33m0[39m, [33m0[39m, [33m0[39m, [33m0[39m, [33m0[39m, [33m0[39m, [33m0[39m, [33m0[39m, [33m0[39m, [33m0[39m, [33m0[39m,
    [33m0[39m, [33m0[39m, [33m0[39m, [33m0[39m, [33m0[39m, [33m0[39m, [33m0[39m, [33m0[39m, [33m0[39m, [33m0[39m, [33m0[39m, [33m0[39m,
    [33m0[39m, [33m0[39m, [33m0[39m, [33m0[39m, [33m0[39m, [33m0[39m, [33m0[39m, [33m0[39m, [33m0[39m, [33m0[39m, [33m0[39m, [33m0[39m,
    [33m0[39m, [33m0[39m, [33m0[39m, [33m0[39m, [33m0[39m, [33m0[39m, [33m0[39m, [33m0[39m, [33m0[39m, [33m0[39m, [33m0[39m, [33m0[39m,
    [33m0[39m, [33m0[39m, [33m0[39m, [33m0[39m, [33m0[39m, [33m0[39m, [33m0[39m, [33m0[39m, [33m0[39m, [33m0[39m, [33m0[39m, [33m0[39m,
    [33m0[39m, [33m0[39m, [33m0[39m, [33m0[39m,
    ... 924 more items
  ],
  x: [33m0[39m,
  z: [33m-2[39m,
  lodLevel: [33m0[39m
}
Chunk generated: Chunk {
  data: Uint8Array(131072) [
    [33m1[39m, [33m1[39m, [33m1[39m, [33m1[39m, [33m1[39m, [33m1[39m, [33m1[39m, [33m1[39m, [33m1[39m, [33m1[39m, [33m1[39m, [33m1[39m,
    [33m1[39m, [33m1[39m, [33m1[39m, [33m1[39m, [33m1[39m, [33m1[39m, [33m1[39m, [33m1[39m, [33m1[39m, [33m1[39m, [33m1[39m, [33m1[39m,
    [33m1[39m, [33m1[39m, [33m1[39m, [33m1[39m, [33m1[39m, [33m1[39m, [33m1[39m, [33m1[39m, [33m1[39m, [33m1[39m, [33m1[39m, [33m1[39m,
    [33m1[39m, [33m1[39m, [33m1[39m, [33m1[39m, [33m1[39m, [33m1[39m, [33m1[39m, [33m1[39m, [33m1[39m, [33m1[39m, [33m1[39m, [33m1[39m,
    [33m1[39m, [33m1[39m, [33m1[39m, [33m1[39m, [33m1[39m, [33m1[39m, [33m1[39m, [33m1[39m, [33m1[39m, [33m1[39m, [33m1[39m, [33m1[39m,
    [33m1[39m, [33m1[39m, [33m1[39m, [33m1[39m, [33m1[39m, [33m1[39m, [33m1[39m, [33m1[39m, [33m1[39m, [33m1[39m, [33m1[39m, [33m1[39m,
    [33m1[39m, [33m1[39m, [33m1[39m, [33m1[39m, [33m1[39m, [33m1[39m, [33m1[39m, [33m1[39m, [33m1[39m, [33m1[39m, [33m1[39m, [33m1[39m,
    [33m1[39m, [33m1[39m, [33m1[39m, [33m1[39m, [33m1[39m, [33m1[39m, [33m1[39m, [33m1[39m, [33m1[39m, [33m1[39m, [33m1[39m, [33m1[39m,
    [33m1[39m, [33m1[39m, [33m1[39m, [33m1[39m,
    ... 130972 more items
  ],
  compressedData: Uint8Array(131072) [
    [33m1[39m, [33m1[39m, [33m1[39m, [33m1[39m, [33m1[39m, [33m1[39m, [33m1[39m, [33m1[39m, [33m1[39m, [33m1[39m, [33m1[39m, [33m1[39m,
    [33m1[39m, [33m1[39m, [33m1[39m, [33m1[39m, [33m1[39m, [33m1[39m, [33m1[39m, [33m1[39m, [33m1[39m, [33m1[39m, [33m1[39m, [33m1[39m,
    [33m1[39m, [33m1[39m, [33m1[39m, [33m1[39m, [33m1[39m, [33m1[39m, [33m1[39m, [33m1[39m, [33m1[39m, [33m1[39m, [33m1[39m, [33m1[39m,
    [33m1[39m, [33m1[39m, [33m1[39m, [33m1[39m, [33m1[39m, [33m1[39m, [33m1[39m, [33m1[39m, [33m1[39m, [33m1[39m, [33m1[39m, [33m1[39m,
    [33m1[39m, [33m1[39m, [33m1[39m, [33m1[39m, [33m1[39m, [33m1[39m, [33m1[39m, [33m1[39m, [33m1[39m, [33m1[39m, [33m1[39m, [33m1[39m,
    [33m1[39m, [33m1[39m, [33m1[39m, [33m1[39m, [33m1[39m, [33m1[39m, [33m1[39m, [33m1[39m, [33m1[39m, [33m1[39m, [33m1[39m, [33m1[39m,
    [33m1[39m, [33m1[39m, [33m1[39m, [33m1[39m, [33m1[39m, [33m1[39m, [33m1[39m, [33m1[39m, [33m1[39m, [33m1[39m, [33m1[39m, [33m1[39m,
    [33m1[39m, [33m1[39m, [33m1[39m, [33m1[39m, [33m1[39m, [33m1[39m, [33m1[39m, [33m1[39m, [33m1[39m, [33m1[39m, [33m1[39m, [33m1[39m,
    [33m1[39m, [33m1[39m, [33m1[39m, [33m1[39m,
    ... 130972 more items
  ],
  heightmap: Uint8Array(1024) [
    [33m0[39m, [33m0[39m, [33m0[39m, [33m0[39m, [33m0[39m, [33m0[39m, [33m0[39m, [33m0[39m, [33m0[39m, [33m0[39m, [33m0[39m, [33m0[39m,
    [33m0[39m, [33m0[39m, [33m0[39m, [33m0[39m, [33m0[39m, [33m0[39m, [33m0[39m, [33m0[39m, [33m0[39m, [33m0[39m, [33m0[39m, [33m0[39m,
    [33m0[39m, [33m0[39m, [33m0[39m, [33m0[39m, [33m0[39m, [33m0[39m, [33m0[39m, [33m0[39m, [33m0[39m, [33m0[39m, [33m0[39m, [33m0[39m,
    [33m0[39m, [33m0[39m, [33m0[39m, [33m0[39m, [33m0[39m, [33m0[39m, [33m0[39m, [33m0[39m, [33m0[39m, [33m0[39m, [33m0[39m, [33m0[39m,
    [33m0[39m, [33m0[39m, [33m0[39m, [33m0[39m, [33m0[39m, [33m0[39m, [33m0[39m, [33m0[39m, [33m0[39m, [33m0[39m, [33m0[39m, [33m0[39m,
    [33m0[39m, [33m0[39m, [33m0[39m, [33m0[39m, [33m0[39m, [33m0[39m, [33m0[39m, [33m0[39m, [33m0[39m, [33m0[39m, [33m0[39m, [33m0[39m,
    [33m0[39m, [33m0[39m, [33m0[39m, [33m0[39m, [33m0[39m, [33m0[39m, [33m0[39m, [33m0[39m, [33m0[39m, [33m0[39m, [33m0[39m, [33m0[39m,
    [33m0[39m, [33m0[39m, [33m0[39m, [33m0[39m, [33m0[39m, [33m0[39m, [33m0[39m, [33m0[39m, [33m0[39m, [33m0[39m, [33m0[39m, [33m0[39m,
    [33m0[39m, [33m0[39m, [33m0[39m, [33m0[39m,
    ... 924 more items
  ],
  x: [33m0[39m,
  z: [33m1[39m,
  lodLevel: [33m0[39m
}
Mesh generated: BufferGeometry {
  isBufferGeometry: [33mtrue[39m,
  uuid: [32m'2444fac6-550e-4b92-9c44-c11a85df3b4a'[39m,
  name: [32m''[39m,
  type: [32m'BufferGeometry'[39m,
  index: BufferAttribute {
    isBufferAttribute: [33mtrue[39m,
    name: [32m''[39m,
    array: Uint32Array(36) [
       [33m0[39m,  [33m1[39m,  [33m2[39m,  [33m0[39m,  [33m2[39m,  [33m3[39m,  [33m4[39m,  [33m5[39m,  [33m6[39m,
       [33m4[39m,  [33m6[39m,  [33m7[39m,  [33m8[39m,  [33m9[39m, [33m10[39m,  [33m8[39m, [33m10[39m, [33m11[39m,
      [33m12[39m, [33m13[39m, [33m14[39m, [33m12[39m, [33m14[39m, [33m15[39m, [33m16[39m, [33m17[39m, [33m18[39m,
      [33m16[39m, [33m18[39m, [33m19[39m, [33m20[39m, [33m21[39m, [33m22[39m, [33m20[39m, [33m22[39m, [33m23[39m
    ],
    itemSize: [33m1[39m,
    count: [33m36[39m,
    normalized: [33mfalse[39m,
    usage: [33m35044[39m,
    _updateRange: { offset: [33m0[39m, count: [33m-1[39m },
    updateRanges: [],
    gpuType: [33m1015[39m,
    version: [33m0[39m
  },
  attributes: {
    position: BufferAttribute {
      isBufferAttribute: [33mtrue[39m,
      name: [32m''[39m,
      array: [36m[Float32Array][39m,
      itemSize: [33m3[39m,
      count: [33m24[39m,
      normalized: [33mfalse[39m,
      usage: [33m35044[39m,
      _updateRange: [36m[Object][39m,
      updateRanges: [],
      gpuType: [33m1015[39m,
      version: [33m0[39m
    },
    normal: BufferAttribute {
      isBufferAttribute: [33mtrue[39m,
      name: [32m''[39m,
      array: [36m[Float32Array][39m,
      itemSize: [33m3[39m,
      count: [33m24[39m,
      normalized: [33mfalse[39m,
      usage: [33m35044[39m,
      _updateRange: [36m[Object][39m,
      updateRanges: [],
      gpuType: [33m1015[39m,
      version: [33m0[39m
    },
    uv: BufferAttribute {
      isBufferAttribute: [33mtrue[39m,
      name: [32m''[39m,
      array: [36m[Float32Array][39m,
      itemSize: [33m2[39m,
      count: [33m24[39m,
      normalized: [33mfalse[39m,
      usage: [33m35044[39m,
      _updateRange: [36m[Object][39m,
      updateRanges: [],
      gpuType: [33m1015[39m,
      version: [33m0[39m
    }
  },
  morphAttributes: {},
  morphTargetsRelative: [33mfalse[39m,
  groups: [],
  boundingBox: [1mnull[22m,
  boundingSphere: [1mnull[22m,
  drawRange: { start: [33m0[39m, count: [33mInfinity[39m },
  userData: {}
}
Chunk loaded at 0, -2 with LOD 0
Mesh generated: BufferGeometry {
  isBufferGeometry: [33mtrue[39m,
  uuid: [32m'8ca07916-fd2c-4422-88ba-9830a1623243'[39m,
  name: [32m''[39m,
  type: [32m'BufferGeometry'[39m,
  index: BufferAttribute {
    isBufferAttribute: [33mtrue[39m,
    name: [32m''[39m,
    array: Uint32Array(36) [
       [33m0[39m,  [33m1[39m,  [33m2[39m,  [33m0[39m,  [33m2[39m,  [33m3[39m,  [33m4[39m,  [33m5[39m,  [33m6[39m,
       [33m4[39m,  [33m6[39m,  [33m7[39m,  [33m8[39m,  [33m9[39m, [33m10[39m,  [33m8[39m, [33m10[39m, [33m11[39m,
      [33m12[39m, [33m13[39m, [33m14[39m, [33m12[39m, [33m14[39m, [33m15[39m, [33m16[39m, [33m17[39m, [33m18[39m,
      [33m16[39m, [33m18[39m, [33m19[39m, [33m20[39m, [33m21[39m, [33m22[39m, [33m20[39m, [33m22[39m, [33m23[39m
    ],
    itemSize: [33m1[39m,
    count: [33m36[39m,
    normalized: [33mfalse[39m,
    usage: [33m35044[39m,
    _updateRange: { offset: [33m0[39m, count: [33m-1[39m },
    updateRanges: [],
    gpuType: [33m1015[39m,
    version: [33m0[39m
  },
  attributes: {
    position: BufferAttribute {
      isBufferAttribute: [33mtrue[39m,
      name: [32m''[39m,
      array: [36m[Float32Array][39m,
      itemSize: [33m3[39m,
      count: [33m24[39m,
      normalized: [33mfalse[39m,
      usage: [33m35044[39m,
      _updateRange: [36m[Object][39m,
      updateRanges: [],
      gpuType: [33m1015[39m,
      version: [33m0[39m
    },
    normal: BufferAttribute {
      isBufferAttribute: [33mtrue[39m,
      name: [32m''[39m,
      array: [36m[Float32Array][39m,
      itemSize: [33m3[39m,
      count: [33m24[39m,
      normalized: [33mfalse[39m,
      usage: [33m35044[39m,
      _updateRange: [36m[Object][39m,
      updateRanges: [],
      gpuType: [33m1015[39m,
      version: [33m0[39m
    },
    uv: BufferAttribute {
      isBufferAttribute: [33mtrue[39m,
      name: [32m''[39m,
      array: [36m[Float32Array][39m,
      itemSize: [33m2[39m,
      count: [33m24[39m,
      normalized: [33mfalse[39m,
      usage: [33m35044[39m,
      _updateRange: [36m[Object][39m,
      updateRanges: [],
      gpuType: [33m1015[39m,
      version: [33m0[39m
    }
  },
  morphAttributes: {},
  morphTargetsRelative: [33mfalse[39m,
  groups: [],
  boundingBox: [1mnull[22m,
  boundingSphere: [1mnull[22m,
  drawRange: { start: [33m0[39m, count: [33mInfinity[39m },
  userData: {}
}
Chunk loaded at 0, 1 with LOD 0

 [32mΓ£ô[39m src/ecs/systems/transformSystem.test.ts [2m ([22m[2m1 test[22m[2m)[22m[90m 4[2mms[22m[39m
[90mstdout[2m | src/world/ChunkManager.test.ts[2m > [22m[2mChunkManager[2m > [22m[2mshould handle errors during chunk loading[22m[39m
Loading chunk at -1, -1 with LOD 0
Loading chunk at -1, 0 with LOD 0
Chunk generated: Chunk {
  data: Uint8Array(131072) [
    [33m1[39m, [33m1[39m, [33m1[39m, [33m1[39m, [33m1[39m, [33m1[39m, [33m1[39m, [33m1[39m, [33m1[39m, [33m1[39m, [33m1[39m, [33m1[39m,
    [33m1[39m, [33m1[39m, [33m1[39m, [33m1[39m, [33m1[39m, [33m1[39m, [33m1[39m, [33m1[39m, [33m1[39m, [33m1[39m, [33m1[39m, [33m1[39m,
    [33m1[39m, [33m1[39m, [33m1[39m, [33m1[39m, [33m1[39m, [33m1[39m, [33m1[39m, [33m1[39m, [33m1[39m, [33m1[39m, [33m1[39m, [33m1[39m,
    [33m1[39m, [33m1[39m, [33m1[39m, [33m1[39m, [33m1[39m, [33m1[39m, [33m1[39m, [33m1[39m, [33m1[39m, [33m1[39m, [33m1[39m, [33m1[39m,
    [33m1[39m, [33m1[39m, [33m1[39m, [33m1[39m, [33m1[39m, [33m1[39m, [33m1[39m, [33m1[39m, [33m1[39m, [33m1[39m, [33m1[39m, [33m1[39m,
    [33m1[39m, [33m1[39m, [33m1[39m, [33m1[39m, [33m1[39m, [33m1[39m, [33m1[39m, [33m1[39m, [33m1[39m, [33m1[39m, [33m1[39m, [33m1[39m,
    [33m1[39m, [33m1[39m, [33m1[39m, [33m1[39m, [33m1[39m, [33m1[39m, [33m1[39m, [33m1[39m, [33m1[39m, [33m1[39m, [33m1[39m, [33m1[39m,
    [33m1[39m, [33m1[39m, [33m1[39m, [33m1[39m, [33m1[39m, [33m1[39m, [33m1[39m, [33m1[39m, [33m1[39m, [33m1[39m, [33m1[39m, [33m1[39m,
    [33m1[39m, [33m1[39m, [33m1[39m, [33m1[39m,
    ... 130972 more items
  ],
  compressedData: Uint8Array(131072) [
    [33m1[39m, [33m1[39m, [33m1[39m, [33m1[39m, [33m1[39m, [33m1[39m, [33m1[39m, [33m1[39m, [33m1[39m, [33m1[39m, [33m1[39m, [33m1[39m,
    [33m1[39m, [33m1[39m, [33m1[39m, [33m1[39m, [33m1[39m, [33m1[39m, [33m1[39m, [33m1[39m, [33m1[39m, [33m1[39m, [33m1[39m, [33m1[39m,
    [33m1[39m, [33m1[39m, [33m1[39m, [33m1[39m, [33m1[39m, [33m1[39m, [33m1[39m, [33m1[39m, [33m1[39m, [33m1[39m, [33m1[39m, [33m1[39m,
    [33m1[39m, [33m1[39m, [33m1[39m, [33m1[39m, [33m1[39m, [33m1[39m, [33m1[39m, [33m1[39m, [33m1[39m, [33m1[39m, [33m1[39m, [33m1[39m,
    [33m1[39m, [33m1[39m, [33m1[39m, [33m1[39m, [33m1[39m, [33m1[39m, [33m1[39m, [33m1[39m, [33m1[39m, [33m1[39m, [33m1[39m, [33m1[39m,
    [33m1[39m, [33m1[39m, [33m1[39m, [33m1[39m, [33m1[39m, [33m1[39m, [33m1[39m, [33m1[39m, [33m1[39m, [33m1[39m, [33m1[39m, [33m1[39m,
    [33m1[39m, [33m1[39m, [33m1[39m, [33m1[39m, [33m1[39m, [33m1[39m, [33m1[39m, [33m1[39m, [33m1[39m, [33m1[39m, [33m1[39m, [33m1[39m,
    [33m1[39m, [33m1[39m, [33m1[39m, [33m1[39m, [33m1[39m, [33m1[39m, [33m1[39m, [33m1[39m, [33m1[39m, [33m1[39m, [33m1[39m, [33m1[39m,
    [33m1[39m, [33m1[39m, [33m1[39m, [33m1[39m,
    ... 130972 more items
  ],
  heightmap: Uint8Array(1024) [
    [33m0[39m, [33m0[39m, [33m0[39m, [33m0[39m, [33m0[39m, [33m0[39m, [33m0[39m, [33m0[39m, [33m0[39m, [33m0[39m, [33m0[39m, [33m0[39m,
    [33m0[39m, [33m0[39m, [33m0[39m, [33m0[39m, [33m0[39m, [33m0[39m, [33m0[39m, [33m0[39m, [33m0[39m, [33m0[39m, [33m0[39m, [33m0[39m,
    [33m0[39m, [33m0[39m, [33m0[39m, [33m0[39m, [33m0[39m, [33m0[39m, [33m0[39m, [33m0[39m, [33m0[39m, [33m0[39m, [33m0[39m, [33m0[39m,
    [33m0[39m, [33m0[39m, [33m0[39m, [33m0[39m, [33m0[39m, [33m0[39m, [33m0[39m, [33m0[39m, [33m0[39m, [33m0[39m, [33m0[39m, [33m0[39m,
    [33m0[39m, [33m0[39m, [33m0[39m, [33m0[39m, [33m0[39m, [33m0[39m, [33m0[39m, [33m0[39m, [33m0[39m, [33m0[39m, [33m0[39m, [33m0[39m,
    [33m0[39m, [33m0[39m, [33m0[39m, [33m0[39m, [33m0[39m, [33m0[39m, [33m0[39m, [33m0[39m, [33m0[39m, [33m0[39m, [33m0[39m, [33m0[39m,
    [33m0[39m, [33m0[39m, [33m0[39m, [33m0[39m, [33m0[39m, [33m0[39m, [33m0[39m, [33m0[39m, [33m0[39m, [33m0[39m, [33m0[39m, [33m0[39m,
    [33m0[39m, [33m0[39m, [33m0[39m, [33m0[39m, [33m0[39m, [33m0[39m, [33m0[39m, [33m0[39m, [33m0[39m, [33m0[39m, [33m0[39m, [33m0[39m,
    [33m0[39m, [33m0[39m, [33m0[39m, [33m0[39m,
    ... 924 more items
  ],
  x: [33m-1[39m,
  z: [33m0[39m,
  lodLevel: [33m0[39m
}
Mesh generated: BufferGeometry {
  isBufferGeometry: [33mtrue[39m,
  uuid: [32m'4abaa627-afe1-4f43-a9d3-b8d026263480'[39m,
  name: [32m''[39m,
  type: [32m'BufferGeometry'[39m,
  index: BufferAttribute {
    isBufferAttribute: [33mtrue[39m,
    name: [32m''[39m,
    array: Uint32Array(36) [
       [33m0[39m,  [33m1[39m,  [33m2[39m,  [33m0[39m,  [33m2[39m,  [33m3[39m,  [33m4[39m,  [33m5[39m,  [33m6[39m,
       [33m4[39m,  [33m6[39m,  [33m7[39m,  [33m8[39m,  [33m9[39m, [33m10[39m,  [33m8[39m, [33m10[39m, [33m11[39m,
      [33m12[39m, [33m13[39m, [33m14[39m, [33m12[39m, [33m14[39m, [33m15[39m, [33m16[39m, [33m17[39m, [33m18[39m,
      [33m16[39m, [33m18[39m, [33m19[39m, [33m20[39m, [33m21[39m, [33m22[39m, [33m20[39m, [33m22[39m, [33m23[39m
    ],
    itemSize: [33m1[39m,
    count: [33m36[39m,
    normalized: [33mfalse[39m,
    usage: [33m35044[39m,
    _updateRange: { offset: [33m0[39m, count: [33m-1[39m },
    updateRanges: [],
    gpuType: [33m1015[39m,
    version: [33m0[39m
  },
  attributes: {
    position: BufferAttribute {
      isBufferAttribute: [33mtrue[39m,
      name: [32m''[39m,
      array: [36m[Float32Array][39m,
      itemSize: [33m3[39m,
      count: [33m24[39m,
      normalized: [33mfalse[39m,
      usage: [33m35044[39m,
      _updateRange: [36m[Object][39m,
      updateRanges: [],
      gpuType: [33m1015[39m,
      version: [33m0[39m
    },
    normal: BufferAttribute {
      isBufferAttribute: [33mtrue[39m,
      name: [32m''[39m,
      array: [36m[Float32Array][39m,
      itemSize: [33m3[39m,
      count: [33m24[39m,
      normalized: [33mfalse[39m,
      usage: [33m35044[39m,
      _updateRange: [36m[Object][39m,
      updateRanges: [],
      gpuType: [33m1015[39m,
      version: [33m0[39m
    },
    uv: BufferAttribute {
      isBufferAttribute: [33mtrue[39m,
      name: [32m''[39m,
      array: [36m[Float32Array][39m,
      itemSize: [33m2[39m,
      count: [33m24[39m,
      normalized: [33mfalse[39m,
      usage: [33m35044[39m,
      _updateRange: [36m[Object][39m,
      updateRanges: [],
      gpuType: [33m1015[39m,
      version: [33m0[39m
    }
  },
  morphAttributes: {},
  morphTargetsRelative: [33mfalse[39m,
  groups: [],
  boundingBox: [1mnull[22m,
  boundingSphere: [1mnull[22m,
  drawRange: { start: [33m0[39m, count: [33mInfinity[39m },
  userData: {}
}
Chunk loaded at -1, 0 with LOD 0

[90mstdout[2m | src/world/ChunkManager.test.ts[2m > [22m[2mChunkManager[2m > [22m[2mshould handle errors during chunk loading[22m[39m
Loading chunk at 0, -1 with LOD 0
Loading chunk at 0, 0 with LOD 0
Chunk generated: Chunk {
  data: Uint8Array(131072) [
    [33m1[39m, [33m1[39m, [33m1[39m, [33m1[39m, [33m1[39m, [33m1[39m, [33m1[39m, [33m1[39m, [33m1[39m, [33m1[39m, [33m1[39m, [33m1[39m,
    [33m1[39m, [33m1[39m, [33m1[39m, [33m1[39m, [33m1[39m, [33m1[39m, [33m1[39m, [33m1[39m, [33m1[39m, [33m1[39m, [33m1[39m, [33m1[39m,
    [33m1[39m, [33m1[39m, [33m1[39m, [33m1[39m, [33m1[39m, [33m1[39m, [33m1[39m, [33m1[39m, [33m1[39m, [33m1[39m, [33m1[39m, [33m1[39m,
    [33m1[39m, [33m1[39m, [33m1[39m, [33m1[39m, [33m1[39m, [33m1[39m, [33m1[39m, [33m1[39m, [33m1[39m, [33m1[39m, [33m1[39m, [33m1[39m,
    [33m1[39m, [33m1[39m, [33m1[39m, [33m1[39m, [33m1[39m, [33m1[39m, [33m1[39m, [33m1[39m, [33m1[39m, [33m1[39m, [33m1[39m, [33m1[39m,
    [33m1[39m, [33m1[39m, [33m1[39m, [33m1[39m, [33m1[39m, [33m1[39m, [33m1[39m, [33m1[39m, [33m1[39m, [33m1[39m, [33m1[39m, [33m1[39m,
    [33m1[39m, [33m1[39m, [33m1[39m, [33m1[39m, [33m1[39m, [33m1[39m, [33m1[39m, [33m1[39m, [33m1[39m, [33m1[39m, [33m1[39m, [33m1[39m,
    [33m1[39m, [33m1[39m, [33m1[39m, [33m1[39m, [33m1[39m, [33m1[39m, [33m1[39m, [33m1[39m, [33m1[39m, [33m1[39m, [33m1[39m, [33m1[39m,
    [33m1[39m, [33m1[39m, [33m1[39m, [33m1[39m,
    ... 130972 more items
  ],
  compressedData: Uint8Array(131072) [
    [33m1[39m, [33m1[39m, [33m1[39m, [33m1[39m, [33m1[39m, [33m1[39m, [33m1[39m, [33m1[39m, [33m1[39m, [33m1[39m, [33m1[39m, [33m1[39m,
    [33m1[39m, [33m1[39m, [33m1[39m, [33m1[39m, [33m1[39m, [33m1[39m, [33m1[39m, [33m1[39m, [33m1[39m, [33m1[39m, [33m1[39m, [33m1[39m,
    [33m1[39m, [33m1[39m, [33m1[39m, [33m1[39m, [33m1[39m, [33m1[39m, [33m1[39m, [33m1[39m, [33m1[39m, [33m1[39m, [33m1[39m, [33m1[39m,
    [33m1[39m, [33m1[39m, [33m1[39m, [33m1[39m, [33m1[39m, [33m1[39m, [33m1[39m, [33m1[39m, [33m1[39m, [33m1[39m, [33m1[39m, [33m1[39m,
    [33m1[39m, [33m1[39m, [33m1[39m, [33m1[39m, [33m1[39m, [33m1[39m, [33m1[39m, [33m1[39m, [33m1[39m, [33m1[39m, [33m1[39m, [33m1[39m,
    [33m1[39m, [33m1[39m, [33m1[39m, [33m1[39m, [33m1[39m, [33m1[39m, [33m1[39m, [33m1[39m, [33m1[39m, [33m1[39m, [33m1[39m, [33m1[39m,
    [33m1[39m, [33m1[39m, [33m1[39m, [33m1[39m, [33m1[39m, [33m1[39m, [33m1[39m, [33m1[39m, [33m1[39m, [33m1[39m, [33m1[39m, [33m1[39m,
    [33m1[39m, [33m1[39m, [33m1[39m, [33m1[39m, [33m1[39m, [33m1[39m, [33m1[39m, [33m1[39m, [33m1[39m, [33m1[39m, [33m1[39m, [33m1[39m,
    [33m1[39m, [33m1[39m, [33m1[39m, [33m1[39m,
    ... 130972 more items
  ],
  heightmap: Uint8Array(1024) [
    [33m0[39m, [33m0[39m, [33m0[39m, [33m0[39m, [33m0[39m, [33m0[39m, [33m0[39m, [33m0[39m, [33m0[39m, [33m0[39m, [33m0[39m, [33m0[39m,
    [33m0[39m, [33m0[39m, [33m0[39m, [33m0[39m, [33m0[39m, [33m0[39m, [33m0[39m, [33m0[39m, [33m0[39m, [33m0[39m, [33m0[39m, [33m0[39m,
    [33m0[39m, [33m0[39m, [33m0[39m, [33m0[39m, [33m0[39m, [33m0[39m, [33m0[39m, [33m0[39m, [33m0[39m, [33m0[39m, [33m0[39m, [33m0[39m,
    [33m0[39m, [33m0[39m, [33m0[39m, [33m0[39m, [33m0[39m, [33m0[39m, [33m0[39m, [33m0[39m, [33m0[39m, [33m0[39m, [33m0[39m, [33m0[39m,
    [33m0[39m, [33m0[39m, [33m0[39m, [33m0[39m, [33m0[39m, [33m0[39m, [33m0[39m, [33m0[39m, [33m0[39m, [33m0[39m, [33m0[39m, [33m0[39m,
    [33m0[39m, [33m0[39m, [33m0[39m, [33m0[39m, [33m0[39m, [33m0[39m, [33m0[39m, [33m0[39m, [33m0[39m, [33m0[39m, [33m0[39m, [33m0[39m,
    [33m0[39m, [33m0[39m, [33m0[39m, [33m0[39m, [33m0[39m, [33m0[39m, [33m0[39m, [33m0[39m, [33m0[39m, [33m0[39m, [33m0[39m, [33m0[39m,
    [33m0[39m, [33m0[39m, [33m0[39m, [33m0[39m, [33m0[39m, [33m0[39m, [33m0[39m, [33m0[39m, [33m0[39m, [33m0[39m, [33m0[39m, [33m0[39m,
    [33m0[39m, [33m0[39m, [33m0[39m, [33m0[39m,
    ... 924 more items
  ],
  x: [33m0[39m,
  z: [33m-1[39m,
  lodLevel: [33m0[39m
}
Chunk generated: Chunk {
  data: Uint8Array(131072) [
    [33m1[39m, [33m1[39m, [33m1[39m, [33m1[39m, [33m1[39m, [33m1[39m, [33m1[39m, [33m1[39m, [33m1[39m, [33m1[39m, [33m1[39m, [33m1[39m,
    [33m1[39m, [33m1[39m, [33m1[39m, [33m1[39m, [33m1[39m, [33m1[39m, [33m1[39m, [33m1[39m, [33m1[39m, [33m1[39m, [33m1[39m, [33m1[39m,
    [33m1[39m, [33m1[39m, [33m1[39m, [33m1[39m, [33m1[39m, [33m1[39m, [33m1[39m, [33m1[39m, [33m1[39m, [33m1[39m, [33m1[39m, [33m1[39m,
    [33m1[39m, [33m1[39m, [33m1[39m, [33m1[39m, [33m1[39m, [33m1[39m, [33m1[39m, [33m1[39m, [33m1[39m, [33m1[39m, [33m1[39m, [33m1[39m,
    [33m1[39m, [33m1[39m, [33m1[39m, [33m1[39m, [33m1[39m, [33m1[39m, [33m1[39m, [33m1[39m, [33m1[39m, [33m1[39m, [33m1[39m, [33m1[39m,
    [33m1[39m, [33m1[39m, [33m1[39m, [33m1[39m, [33m1[39m, [33m1[39m, [33m1[39m, [33m1[39m, [33m1[39m, [33m1[39m, [33m1[39m, [33m1[39m,
    [33m1[39m, [33m1[39m, [33m1[39m, [33m1[39m, [33m1[39m, [33m1[39m, [33m1[39m, [33m1[39m, [33m1[39m, [33m1[39m, [33m1[39m, [33m1[39m,
    [33m1[39m, [33m1[39m, [33m1[39m, [33m1[39m, [33m1[39m, [33m1[39m, [33m1[39m, [33m1[39m, [33m1[39m, [33m1[39m, [33m1[39m, [33m1[39m,
    [33m1[39m, [33m1[39m, [33m1[39m, [33m1[39m,
    ... 130972 more items
  ],
  compressedData: Uint8Array(131072) [
    [33m1[39m, [33m1[39m, [33m1[39m, [33m1[39m, [33m1[39m, [33m1[39m, [33m1[39m, [33m1[39m, [33m1[39m, [33m1[39m, [33m1[39m, [33m1[39m,
    [33m1[39m, [33m1[39m, [33m1[39m, [33m1[39m, [33m1[39m, [33m1[39m, [33m1[39m, [33m1[39m, [33m1[39m, [33m1[39m, [33m1[39m, [33m1[39m,
    [33m1[39m, [33m1[39m, [33m1[39m, [33m1[39m, [33m1[39m, [33m1[39m, [33m1[39m, [33m1[39m, [33m1[39m, [33m1[39m, [33m1[39m, [33m1[39m,
    [33m1[39m, [33m1[39m, [33m1[39m, [33m1[39m, [33m1[39m, [33m1[39m, [33m1[39m, [33m1[39m, [33m1[39m, [33m1[39m, [33m1[39m, [33m1[39m,
    [33m1[39m, [33m1[39m, [33m1[39m, [33m1[39m, [33m1[39m, [33m1[39m, [33m1[39m, [33m1[39m, [33m1[39m, [33m1[39m, [33m1[39m, [33m1[39m,
    [33m1[39m, [33m1[39m, [33m1[39m, [33m1[39m, [33m1[39m, [33m1[39m, [33m1[39m, [33m1[39m, [33m1[39m, [33m1[39m, [33m1[39m, [33m1[39m,
    [33m1[39m, [33m1[39m, [33m1[39m, [33m1[39m, [33m1[39m, [33m1[39m, [33m1[39m, [33m1[39m, [33m1[39m, [33m1[39m, [33m1[39m, [33m1[39m,
    [33m1[39m, [33m1[39m, [33m1[39m, [33m1[39m, [33m1[39m, [33m1[39m, [33m1[39m, [33m1[39m, [33m1[39m, [33m1[39m, [33m1[39m, [33m1[39m,
    [33m1[39m, [33m1[39m, [33m1[39m, [33m1[39m,
    ... 130972 more items
  ],
  heightmap: Uint8Array(1024) [
    [33m0[39m, [33m0[39m, [33m0[39m, [33m0[39m, [33m0[39m, [33m0[39m, [33m0[39m, [33m0[39m, [33m0[39m, [33m0[39m, [33m0[39m, [33m0[39m,
    [33m0[39m, [33m0[39m, [33m0[39m, [33m0[39m, [33m0[39m, [33m0[39m, [33m0[39m, [33m0[39m, [33m0[39m, [33m0[39m, [33m0[39m, [33m0[39m,
    [33m0[39m, [33m0[39m, [33m0[39m, [33m0[39m, [33m0[39m, [33m0[39m, [33m0[39m, [33m0[39m, [33m0[39m, [33m0[39m, [33m0[39m, [33m0[39m,
    [33m0[39m, [33m0[39m, [33m0[39m, [33m0[39m, [33m0[39m, [33m0[39m, [33m0[39m, [33m0[39m, [33m0[39m, [33m0[39m, [33m0[39m, [33m0[39m,
    [33m0[39m, [33m0[39m, [33m0[39m, [33m0[39m, [33m0[39m, [33m0[39m, [33m0[39m, [33m0[39m, [33m0[39m, [33m0[39m, [33m0[39m, [33m0[39m,
    [33m0[39m, [33m0[39m, [33m0[39m, [33m0[39m, [33m0[39m, [33m0[39m, [33m0[39m, [33m0[39m, [33m0[39m, [33m0[39m, [33m0[39m, [33m0[39m,
    [33m0[39m, [33m0[39m, [33m0[39m, [33m0[39m, [33m0[39m, [33m0[39m, [33m0[39m, [33m0[39m, [33m0[39m, [33m0[39m, [33m0[39m, [33m0[39m,
    [33m0[39m, [33m0[39m, [33m0[39m, [33m0[39m, [33m0[39m, [33m0[39m, [33m0[39m, [33m0[39m, [33m0[39m, [33m0[39m, [33m0[39m, [33m0[39m,
    [33m0[39m, [33m0[39m, [33m0[39m, [33m0[39m,
    ... 924 more items
  ],
  x: [33m0[39m,
  z: [33m0[39m,
  lodLevel: [33m0[39m
}
Mesh generated: BufferGeometry {
  isBufferGeometry: [33mtrue[39m,
  uuid: [32m'8fd442b8-373b-4639-b079-39593409e8fa'[39m,
  name: [32m''[39m,
  type: [32m'BufferGeometry'[39m,
  index: BufferAttribute {
    isBufferAttribute: [33mtrue[39m,
    name: [32m''[39m,
    array: Uint32Array(36) [
       [33m0[39m,  [33m1[39m,  [33m2[39m,  [33m0[39m,  [33m2[39m,  [33m3[39m,  [33m4[39m,  [33m5[39m,  [33m6[39m,
       [33m4[39m,  [33m6[39m,  [33m7[39m,  [33m8[39m,  [33m9[39m, [33m10[39m,  [33m8[39m, [33m10[39m, [33m11[39m,
      [33m12[39m, [33m13[39m, [33m14[39m, [33m12[39m, [33m14[39m, [33m15[39m, [33m16[39m, [33m17[39m, [33m18[39m,
      [33m16[39m, [33m18[39m, [33m19[39m, [33m20[39m, [33m21[39m, [33m22[39m, [33m20[39m, [33m22[39m, [33m23[39m
    ],
    itemSize: [33m1[39m,
    count: [33m36[39m,
    normalized: [33mfalse[39m,
    usage: [33m35044[39m,
    _updateRange: { offset: [33m0[39m, count: [33m-1[39m },
    updateRanges: [],
    gpuType: [33m1015[39m,
    version: [33m0[39m
  },
  attributes: {
    position: BufferAttribute {
      isBufferAttribute: [33mtrue[39m,
      name: [32m''[39m,
      array: [36m[Float32Array][39m,
      itemSize: [33m3[39m,
      count: [33m24[39m,
      normalized: [33mfalse[39m,
      usage: [33m35044[39m,
      _updateRange: [36m[Object][39m,
      updateRanges: [],
      gpuType: [33m1015[39m,
      version: [33m0[39m
    },
    normal: BufferAttribute {
      isBufferAttribute: [33mtrue[39m,
      name: [32m''[39m,
      array: [36m[Float32Array][39m,
      itemSize: [33m3[39m,
      count: [33m24[39m,
      normalized: [33mfalse[39m,
      usage: [33m35044[39m,
      _updateRange: [36m[Object][39m,
      updateRanges: [],
      gpuType: [33m1015[39m,
      version: [33m0[39m
    },
    uv: BufferAttribute {
      isBufferAttribute: [33mtrue[39m,
      name: [32m''[39m,
      array: [36m[Float32Array][39m,
      itemSize: [33m2[39m,
      count: [33m24[39m,
      normalized: [33mfalse[39m,
      usage: [33m35044[39m,
      _updateRange: [36m[Object][39m,
      updateRanges: [],
      gpuType: [33m1015[39m,
      version: [33m0[39m
    }
  },
  morphAttributes: {},
  morphTargetsRelative: [33mfalse[39m,
  groups: [],
  boundingBox: [1mnull[22m,
  boundingSphere: [1mnull[22m,
  drawRange: { start: [33m0[39m, count: [33mInfinity[39m },
  userData: {}
}
Chunk loaded at 0, -1 with LOD 0
Mesh generated: BufferGeometry {
  isBufferGeometry: [33mtrue[39m,
  uuid: [32m'aa19a476-e1ff-4f7d-afa1-86b3c7b4adaa'[39m,
  name: [32m''[39m,
  type: [32m'BufferGeometry'[39m,
  index: BufferAttribute {
    isBufferAttribute: [33mtrue[39m,
    name: [32m''[39m,
    array: Uint32Array(36) [
       [33m0[39m,  [33m1[39m,  [33m2[39m,  [33m0[39m,  [33m2[39m,  [33m3[39m,  [33m4[39m,  [33m5[39m,  [33m6[39m,
       [33m4[39m,  [33m6[39m,  [33m7[39m,  [33m8[39m,  [33m9[39m, [33m10[39m,  [33m8[39m, [33m10[39m, [33m11[39m,
      [33m12[39m, [33m13[39m, [33m14[39m, [33m12[39m, [33m14[39m, [33m15[39m, [33m16[39m, [33m17[39m, [33m18[39m,
      [33m16[39m, [33m18[39m, [33m19[39m, [33m20[39m, [33m21[39m, [33m22[39m, [33m20[39m, [33m22[39m, [33m23[39m
    ],
    itemSize: [33m1[39m,
    count: [33m36[39m,
    normalized: [33mfalse[39m,
    usage: [33m35044[39m,
    _updateRange: { offset: [33m0[39m, count: [33m-1[39m },
    updateRanges: [],
    gpuType: [33m1015[39m,
    version: [33m0[39m
  },
  attributes: {
    position: BufferAttribute {
      isBufferAttribute: [33mtrue[39m,
      name: [32m''[39m,
      array: [36m[Float32Array][39m,
      itemSize: [33m3[39m,
      count: [33m24[39m,
      normalized: [33mfalse[39m,
      usage: [33m35044[39m,
      _updateRange: [36m[Object][39m,
      updateRanges: [],
      gpuType: [33m1015[39m,
      version: [33m0[39m
    },
    normal: BufferAttribute {
      isBufferAttribute: [33mtrue[39m,
      name: [32m''[39m,
      array: [36m[Float32Array][39m,
      itemSize: [33m3[39m,
      count: [33m24[39m,
      normalized: [33mfalse[39m,
      usage: [33m35044[39m,
      _updateRange: [36m[Object][39m,
      updateRanges: [],
      gpuType: [33m1015[39m,
      version: [33m0[39m
    },
    uv: BufferAttribute {
      isBufferAttribute: [33mtrue[39m,
      name: [32m''[39m,
      array: [36m[Float32Array][39m,
      itemSize: [33m2[39m,
      count: [33m24[39m,
      normalized: [33mfalse[39m,
      usage: [33m35044[39m,
      _updateRange: [36m[Object][39m,
      updateRanges: [],
      gpuType: [33m1015[39m,
      version: [33m0[39m
    }
  },
  morphAttributes: {},
  morphTargetsRelative: [33mfalse[39m,
  groups: [],
  boundingBox: [1mnull[22m,
  boundingSphere: [1mnull[22m,
  drawRange: { start: [33m0[39m, count: [33mInfinity[39m },
  userData: {}
}
Chunk loaded at 0, 0 with LOD 0

[90mstdout[2m | src/world/ChunkManager.test.ts[2m > [22m[2mChunkManager[2m > [22m[2mshould handle errors during chunk loading[22m[39m
Loading chunk at -2, 0 with LOD 0
Loading chunk at -1, 1 with LOD 0
Chunk generated: Chunk {
  data: Uint8Array(131072) [
    [33m1[39m, [33m1[39m, [33m1[39m, [33m1[39m, [33m1[39m, [33m1[39m, [33m1[39m, [33m1[39m, [33m1[39m, [33m1[39m, [33m1[39m, [33m1[39m,
    [33m1[39m, [33m1[39m, [33m1[39m, [33m1[39m, [33m1[39m, [33m1[39m, [33m1[39m, [33m1[39m, [33m1[39m, [33m1[39m, [33m1[39m, [33m1[39m,
    [33m1[39m, [33m1[39m, [33m1[39m, [33m1[39m, [33m1[39m, [33m1[39m, [33m1[39m, [33m1[39m, [33m1[39m, [33m1[39m, [33m1[39m, [33m1[39m,
    [33m1[39m, [33m1[39m, [33m1[39m, [33m1[39m, [33m1[39m, [33m1[39m, [33m1[39m, [33m1[39m, [33m1[39m, [33m1[39m, [33m1[39m, [33m1[39m,
    [33m1[39m, [33m1[39m, [33m1[39m, [33m1[39m, [33m1[39m, [33m1[39m, [33m1[39m, [33m1[39m, [33m1[39m, [33m1[39m, [33m1[39m, [33m1[39m,
    [33m1[39m, [33m1[39m, [33m1[39m, [33m1[39m, [33m1[39m, [33m1[39m, [33m1[39m, [33m1[39m, [33m1[39m, [33m1[39m, [33m1[39m, [33m1[39m,
    [33m1[39m, [33m1[39m, [33m1[39m, [33m1[39m, [33m1[39m, [33m1[39m, [33m1[39m, [33m1[39m, [33m1[39m, [33m1[39m, [33m1[39m, [33m1[39m,
    [33m1[39m, [33m1[39m, [33m1[39m, [33m1[39m, [33m1[39m, [33m1[39m, [33m1[39m, [33m1[39m, [33m1[39m, [33m1[39m, [33m1[39m, [33m1[39m,
    [33m1[39m, [33m1[39m, [33m1[39m, [33m1[39m,
    ... 130972 more items
  ],
  compressedData: Uint8Array(131072) [
    [33m1[39m, [33m1[39m, [33m1[39m, [33m1[39m, [33m1[39m, [33m1[39m, [33m1[39m, [33m1[39m, [33m1[39m, [33m1[39m, [33m1[39m, [33m1[39m,
    [33m1[39m, [33m1[39m, [33m1[39m, [33m1[39m, [33m1[39m, [33m1[39m, [33m1[39m, [33m1[39m, [33m1[39m, [33m1[39m, [33m1[39m, [33m1[39m,
    [33m1[39m, [33m1[39m, [33m1[39m, [33m1[39m, [33m1[39m, [33m1[39m, [33m1[39m, [33m1[39m, [33m1[39m, [33m1[39m, [33m1[39m, [33m1[39m,
    [33m1[39m, [33m1[39m, [33m1[39m, [33m1[39m, [33m1[39m, [33m1[39m, [33m1[39m, [33m1[39m, [33m1[39m, [33m1[39m, [33m1[39m, [33m1[39m,
    [33m1[39m, [33m1[39m, [33m1[39m, [33m1[39m, [33m1[39m, [33m1[39m, [33m1[39m, [33m1[39m, [33m1[39m, [33m1[39m, [33m1[39m, [33m1[39m,
    [33m1[39m, [33m1[39m, [33m1[39m, [33m1[39m, [33m1[39m, [33m1[39m, [33m1[39m, [33m1[39m, [33m1[39m, [33m1[39m, [33m1[39m, [33m1[39m,
    [33m1[39m, [33m1[39m, [33m1[39m, [33m1[39m, [33m1[39m, [33m1[39m, [33m1[39m, [33m1[39m, [33m1[39m, [33m1[39m, [33m1[39m, [33m1[39m,
    [33m1[39m, [33m1[39m, [33m1[39m, [33m1[39m, [33m1[39m, [33m1[39m, [33m1[39m, [33m1[39m, [33m1[39m, [33m1[39m, [33m1[39m, [33m1[39m,
    [33m1[39m, [33m1[39m, [33m1[39m, [33m1[39m,
    ... 130972 more items
  ],
  heightmap: Uint8Array(1024) [
    [33m0[39m, [33m0[39m, [33m0[39m, [33m0[39m, [33m0[39m, [33m0[39m, [33m0[39m, [33m0[39m, [33m0[39m, [33m0[39m, [33m0[39m, [33m0[39m,
    [33m0[39m, [33m0[39m, [33m0[39m, [33m0[39m, [33m0[39m, [33m0[39m, [33m0[39m, [33m0[39m, [33m0[39m, [33m0[39m, [33m0[39m, [33m0[39m,
    [33m0[39m, [33m0[39m, [33m0[39m, [33m0[39m, [33m0[39m, [33m0[39m, [33m0[39m, [33m0[39m, [33m0[39m, [33m0[39m, [33m0[39m, [33m0[39m,
    [33m0[39m, [33m0[39m, [33m0[39m, [33m0[39m, [33m0[39m, [33m0[39m, [33m0[39m, [33m0[39m, [33m0[39m, [33m0[39m, [33m0[39m, [33m0[39m,
    [33m0[39m, [33m0[39m, [33m0[39m, [33m0[39m, [33m0[39m, [33m0[39m, [33m0[39m, [33m0[39m, [33m0[39m, [33m0[39m, [33m0[39m, [33m0[39m,
    [33m0[39m, [33m0[39m, [33m0[39m, [33m0[39m, [33m0[39m, [33m0[39m, [33m0[39m, [33m0[39m, [33m0[39m, [33m0[39m, [33m0[39m, [33m0[39m,
    [33m0[39m, [33m0[39m, [33m0[39m, [33m0[39m, [33m0[39m, [33m0[39m, [33m0[39m, [33m0[39m, [33m0[39m, [33m0[39m, [33m0[39m, [33m0[39m,
    [33m0[39m, [33m0[39m, [33m0[39m, [33m0[39m, [33m0[39m, [33m0[39m, [33m0[39m, [33m0[39m, [33m0[39m, [33m0[39m, [33m0[39m, [33m0[39m,
    [33m0[39m, [33m0[39m, [33m0[39m, [33m0[39m,
    ... 924 more items
  ],
  x: [33m-2[39m,
  z: [33m0[39m,
  lodLevel: [33m0[39m
}
Chunk generated: Chunk {
  data: Uint8Array(131072) [
    [33m1[39m, [33m1[39m, [33m1[39m, [33m1[39m, [33m1[39m, [33m1[39m, [33m1[39m, [33m1[39m, [33m1[39m, [33m1[39m, [33m1[39m, [33m1[39m,
    [33m1[39m, [33m1[39m, [33m1[39m, [33m1[39m, [33m1[39m, [33m1[39m, [33m1[39m, [33m1[39m, [33m1[39m, [33m1[39m, [33m1[39m, [33m1[39m,
    [33m1[39m, [33m1[39m, [33m1[39m, [33m1[39m, [33m1[39m, [33m1[39m, [33m1[39m, [33m1[39m, [33m1[39m, [33m1[39m, [33m1[39m, [33m1[39m,
    [33m1[39m, [33m1[39m, [33m1[39m, [33m1[39m, [33m1[39m, [33m1[39m, [33m1[39m, [33m1[39m, [33m1[39m, [33m1[39m, [33m1[39m, [33m1[39m,
    [33m1[39m, [33m1[39m, [33m1[39m, [33m1[39m, [33m1[39m, [33m1[39m, [33m1[39m, [33m1[39m, [33m1[39m, [33m1[39m, [33m1[39m, [33m1[39m,
    [33m1[39m, [33m1[39m, [33m1[39m, [33m1[39m, [33m1[39m, [33m1[39m, [33m1[39m, [33m1[39m, [33m1[39m, [33m1[39m, [33m1[39m, [33m1[39m,
    [33m1[39m, [33m1[39m, [33m1[39m, [33m1[39m, [33m1[39m, [33m1[39m, [33m1[39m, [33m1[39m, [33m1[39m, [33m1[39m, [33m1[39m, [33m1[39m,
    [33m1[39m, [33m1[39m, [33m1[39m, [33m1[39m, [33m1[39m, [33m1[39m, [33m1[39m, [33m1[39m, [33m1[39m, [33m1[39m, [33m1[39m, [33m1[39m,
    [33m1[39m, [33m1[39m, [33m1[39m, [33m1[39m,
    ... 130972 more items
  ],
  compressedData: Uint8Array(131072) [
    [33m1[39m, [33m1[39m, [33m1[39m, [33m1[39m, [33m1[39m, [33m1[39m, [33m1[39m, [33m1[39m, [33m1[39m, [33m1[39m, [33m1[39m, [33m1[39m,
    [33m1[39m, [33m1[39m, [33m1[39m, [33m1[39m, [33m1[39m, [33m1[39m, [33m1[39m, [33m1[39m, [33m1[39m, [33m1[39m, [33m1[39m, [33m1[39m,
    [33m1[39m, [33m1[39m, [33m1[39m, [33m1[39m, [33m1[39m, [33m1[39m, [33m1[39m, [33m1[39m, [33m1[39m, [33m1[39m, [33m1[39m, [33m1[39m,
    [33m1[39m, [33m1[39m, [33m1[39m, [33m1[39m, [33m1[39m, [33m1[39m, [33m1[39m, [33m1[39m, [33m1[39m, [33m1[39m, [33m1[39m, [33m1[39m,
    [33m1[39m, [33m1[39m, [33m1[39m, [33m1[39m, [33m1[39m, [33m1[39m, [33m1[39m, [33m1[39m, [33m1[39m, [33m1[39m, [33m1[39m, [33m1[39m,
    [33m1[39m, [33m1[39m, [33m1[39m, [33m1[39m, [33m1[39m, [33m1[39m, [33m1[39m, [33m1[39m, [33m1[39m, [33m1[39m, [33m1[39m, [33m1[39m,
    [33m1[39m, [33m1[39m, [33m1[39m, [33m1[39m, [33m1[39m, [33m1[39m, [33m1[39m, [33m1[39m, [33m1[39m, [33m1[39m, [33m1[39m, [33m1[39m,
    [33m1[39m, [33m1[39m, [33m1[39m, [33m1[39m, [33m1[39m, [33m1[39m, [33m1[39m, [33m1[39m, [33m1[39m, [33m1[39m, [33m1[39m, [33m1[39m,
    [33m1[39m, [33m1[39m, [33m1[39m, [33m1[39m,
    ... 130972 more items
  ],
  heightmap: Uint8Array(1024) [
    [33m0[39m, [33m0[39m, [33m0[39m, [33m0[39m, [33m0[39m, [33m0[39m, [33m0[39m, [33m0[39m, [33m0[39m, [33m0[39m, [33m0[39m, [33m0[39m,
    [33m0[39m, [33m0[39m, [33m0[39m, [33m0[39m, [33m0[39m, [33m0[39m, [33m0[39m, [33m0[39m, [33m0[39m, [33m0[39m, [33m0[39m, [33m0[39m,
    [33m0[39m, [33m0[39m, [33m0[39m, [33m0[39m, [33m0[39m, [33m0[39m, [33m0[39m, [33m0[39m, [33m0[39m, [33m0[39m, [33m0[39m, [33m0[39m,
    [33m0[39m, [33m0[39m, [33m0[39m, [33m0[39m, [33m0[39m, [33m0[39m, [33m0[39m, [33m0[39m, [33m0[39m, [33m0[39m, [33m0[39m, [33m0[39m,
    [33m0[39m, [33m0[39m, [33m0[39m, [33m0[39m, [33m0[39m, [33m0[39m, [33m0[39m, [33m0[39m, [33m0[39m, [33m0[39m, [33m0[39m, [33m0[39m,
    [33m0[39m, [33m0[39m, [33m0[39m, [33m0[39m, [33m0[39m, [33m0[39m, [33m0[39m, [33m0[39m, [33m0[39m, [33m0[39m, [33m0[39m, [33m0[39m,
    [33m0[39m, [33m0[39m, [33m0[39m, [33m0[39m, [33m0[39m, [33m0[39m, [33m0[39m, [33m0[39m, [33m0[39m, [33m0[39m, [33m0[39m, [33m0[39m,
    [33m0[39m, [33m0[39m, [33m0[39m, [33m0[39m, [33m0[39m, [33m0[39m, [33m0[39m, [33m0[39m, [33m0[39m, [33m0[39m, [33m0[39m, [33m0[39m,
    [33m0[39m, [33m0[39m, [33m0[39m, [33m0[39m,
    ... 924 more items
  ],
  x: [33m-1[39m,
  z: [33m1[39m,
  lodLevel: [33m0[39m
}
Mesh generated: BufferGeometry {
  isBufferGeometry: [33mtrue[39m,
  uuid: [32m'12a3e87e-c417-49e3-83f4-d0ff69943f28'[39m,
  name: [32m''[39m,
  type: [32m'BufferGeometry'[39m,
  index: BufferAttribute {
    isBufferAttribute: [33mtrue[39m,
    name: [32m''[39m,
    array: Uint32Array(36) [
       [33m0[39m,  [33m1[39m,  [33m2[39m,  [33m0[39m,  [33m2[39m,  [33m3[39m,  [33m4[39m,  [33m5[39m,  [33m6[39m,
       [33m4[39m,  [33m6[39m,  [33m7[39m,  [33m8[39m,  [33m9[39m, [33m10[39m,  [33m8[39m, [33m10[39m, [33m11[39m,
      [33m12[39m, [33m13[39m, [33m14[39m, [33m12[39m, [33m14[39m, [33m15[39m, [33m16[39m, [33m17[39m, [33m18[39m,
      [33m16[39m, [33m18[39m, [33m19[39m, [33m20[39m, [33m21[39m, [33m22[39m, [33m20[39m, [33m22[39m, [33m23[39m
    ],
    itemSize: [33m1[39m,
    count: [33m36[39m,
    normalized: [33mfalse[39m,
    usage: [33m35044[39m,
    _updateRange: { offset: [33m0[39m, count: [33m-1[39m },
    updateRanges: [],
    gpuType: [33m1015[39m,
    version: [33m0[39m
  },
  attributes: {
    position: BufferAttribute {
      isBufferAttribute: [33mtrue[39m,
      name: [32m''[39m,
      array: [36m[Float32Array][39m,
      itemSize: [33m3[39m,
      count: [33m24[39m,
      normalized: [33mfalse[39m,
      usage: [33m35044[39m,
      _updateRange: [36m[Object][39m,
      updateRanges: [],
      gpuType: [33m1015[39m,
      version: [33m0[39m
    },
    normal: BufferAttribute {
      isBufferAttribute: [33mtrue[39m,
      name: [32m''[39m,
      array: [36m[Float32Array][39m,
      itemSize: [33m3[39m,
      count: [33m24[39m,
      normalized: [33mfalse[39m,
      usage: [33m35044[39m,
      _updateRange: [36m[Object][39m,
      updateRanges: [],
      gpuType: [33m1015[39m,
      version: [33m0[39m
    },
    uv: BufferAttribute {
      isBufferAttribute: [33mtrue[39m,
      name: [32m''[39m,
      array: [36m[Float32Array][39m,
      itemSize: [33m2[39m,
      count: [33m24[39m,
      normalized: [33mfalse[39m,
      usage: [33m35044[39m,
      _updateRange: [36m[Object][39m,
      updateRanges: [],
      gpuType: [33m1015[39m,
      version: [33m0[39m
    }
  },
  morphAttributes: {},
  morphTargetsRelative: [33mfalse[39m,
  groups: [],
  boundingBox: [1mnull[22m,
  boundingSphere: [1mnull[22m,
  drawRange: { start: [33m0[39m, count: [33mInfinity[39m },
  userData: {}
}
Chunk loaded at -2, 0 with LOD 0
Mesh generated: BufferGeometry {
  isBufferGeometry: [33mtrue[39m,
  uuid: [32m'335ac8cd-c6fa-4586-a3a6-0f7a8ada46b9'[39m,
  name: [32m''[39m,
  type: [32m'BufferGeometry'[39m,
  index: BufferAttribute {
    isBufferAttribute: [33mtrue[39m,
    name: [32m''[39m,
    array: Uint32Array(36) [
       [33m0[39m,  [33m1[39m,  [33m2[39m,  [33m0[39m,  [33m2[39m,  [33m3[39m,  [33m4[39m,  [33m5[39m,  [33m6[39m,
       [33m4[39m,  [33m6[39m,  [33m7[39m,  [33m8[39m,  [33m9[39m, [33m10[39m,  [33m8[39m, [33m10[39m, [33m11[39m,
      [33m12[39m, [33m13[39m, [33m14[39m, [33m12[39m, [33m14[39m, [33m15[39m, [33m16[39m, [33m17[39m, [33m18[39m,
      [33m16[39m, [33m18[39m, [33m19[39m, [33m20[39m, [33m21[39m, [33m22[39m, [33m20[39m, [33m22[39m, [33m23[39m
    ],
    itemSize: [33m1[39m,
    count: [33m36[39m,
    normalized: [33mfalse[39m,
    usage: [33m35044[39m,
    _updateRange: { offset: [33m0[39m, count: [33m-1[39m },
    updateRanges: [],
    gpuType: [33m1015[39m,
    version: [33m0[39m
  },
  attributes: {
    position: BufferAttribute {
      isBufferAttribute: [33mtrue[39m,
      name: [32m''[39m,
      array: [36m[Float32Array][39m,
      itemSize: [33m3[39m,
      count: [33m24[39m,
      normalized: [33mfalse[39m,
      usage: [33m35044[39m,
      _updateRange: [36m[Object][39m,
      updateRanges: [],
      gpuType: [33m1015[39m,
      version: [33m0[39m
    },
    normal: BufferAttribute {
      isBufferAttribute: [33mtrue[39m,
      name: [32m''[39m,
      array: [36m[Float32Array][39m,
      itemSize: [33m3[39m,
      count: [33m24[39m,
      normalized: [33mfalse[39m,
      usage: [33m35044[39m,
      _updateRange: [36m[Object][39m,
      updateRanges: [],
      gpuType: [33m1015[39m,
      version: [33m0[39m
    },
    uv: BufferAttribute {
      isBufferAttribute: [33mtrue[39m,
      name: [32m''[39m,
      array: [36m[Float32Array][39m,
      itemSize: [33m2[39m,
      count: [33m24[39m,
      normalized: [33mfalse[39m,
      usage: [33m35044[39m,
      _updateRange: [36m[Object][39m,
      updateRanges: [],
      gpuType: [33m1015[39m,
      version: [33m0[39m
    }
  },
  morphAttributes: {},
  morphTargetsRelative: [33mfalse[39m,
  groups: [],
  boundingBox: [1mnull[22m,
  boundingSphere: [1mnull[22m,
  drawRange: { start: [33m0[39m, count: [33mInfinity[39m },
  userData: {}
}
Chunk loaded at -1, 1 with LOD 0

[90mstdout[2m | src/world/ChunkManager.test.ts[2m > [22m[2mChunkManager[2m > [22m[2mshould handle errors during chunk loading[22m[39m
Loading chunk at 0, -2 with LOD 0
Loading chunk at 0, 1 with LOD 0
Chunk generated: Chunk {
  data: Uint8Array(131072) [
    [33m1[39m, [33m1[39m, [33m1[39m, [33m1[39m, [33m1[39m, [33m1[39m, [33m1[39m, [33m1[39m, [33m1[39m, [33m1[39m, [33m1[39m, [33m1[39m,
    [33m1[39m, [33m1[39m, [33m1[39m, [33m1[39m, [33m1[39m, [33m1[39m, [33m1[39m, [33m1[39m, [33m1[39m, [33m1[39m, [33m1[39m, [33m1[39m,
    [33m1[39m, [33m1[39m, [33m1[39m, [33m1[39m, [33m1[39m, [33m1[39m, [33m1[39m, [33m1[39m, [33m1[39m, [33m1[39m, [33m1[39m, [33m1[39m,
    [33m1[39m, [33m1[39m, [33m1[39m, [33m1[39m, [33m1[39m, [33m1[39m, [33m1[39m, [33m1[39m, [33m1[39m, [33m1[39m, [33m1[39m, [33m1[39m,
    [33m1[39m, [33m1[39m, [33m1[39m, [33m1[39m, [33m1[39m, [33m1[39m, [33m1[39m, [33m1[39m, [33m1[39m, [33m1[39m, [33m1[39m, [33m1[39m,
    [33m1[39m, [33m1[39m, [33m1[39m, [33m1[39m, [33m1[39m, [33m1[39m, [33m1[39m, [33m1[39m, [33m1[39m, [33m1[39m, [33m1[39m, [33m1[39m,
    [33m1[39m, [33m1[39m, [33m1[39m, [33m1[39m, [33m1[39m, [33m1[39m, [33m1[39m, [33m1[39m, [33m1[39m, [33m1[39m, [33m1[39m, [33m1[39m,
    [33m1[39m, [33m1[39m, [33m1[39m, [33m1[39m, [33m1[39m, [33m1[39m, [33m1[39m, [33m1[39m, [33m1[39m, [33m1[39m, [33m1[39m, [33m1[39m,
    [33m1[39m, [33m1[39m, [33m1[39m, [33m1[39m,
    ... 130972 more items
  ],
  compressedData: Uint8Array(131072) [
    [33m1[39m, [33m1[39m, [33m1[39m, [33m1[39m, [33m1[39m, [33m1[39m, [33m1[39m, [33m1[39m, [33m1[39m, [33m1[39m, [33m1[39m, [33m1[39m,
    [33m1[39m, [33m1[39m, [33m1[39m, [33m1[39m, [33m1[39m, [33m1[39m, [33m1[39m, [33m1[39m, [33m1[39m, [33m1[39m, [33m1[39m, [33m1[39m,
    [33m1[39m, [33m1[39m, [33m1[39m, [33m1[39m, [33m1[39m, [33m1[39m, [33m1[39m, [33m1[39m, [33m1[39m, [33m1[39m, [33m1[39m, [33m1[39m,
    [33m1[39m, [33m1[39m, [33m1[39m, [33m1[39m, [33m1[39m, [33m1[39m, [33m1[39m, [33m1[39m, [33m1[39m, [33m1[39m, [33m1[39m, [33m1[39m,
    [33m1[39m, [33m1[39m, [33m1[39m, [33m1[39m, [33m1[39m, [33m1[39m, [33m1[39m, [33m1[39m, [33m1[39m, [33m1[39m, [33m1[39m, [33m1[39m,
    [33m1[39m, [33m1[39m, [33m1[39m, [33m1[39m, [33m1[39m, [33m1[39m, [33m1[39m, [33m1[39m, [33m1[39m, [33m1[39m, [33m1[39m, [33m1[39m,
    [33m1[39m, [33m1[39m, [33m1[39m, [33m1[39m, [33m1[39m, [33m1[39m, [33m1[39m, [33m1[39m, [33m1[39m, [33m1[39m, [33m1[39m, [33m1[39m,
    [33m1[39m, [33m1[39m, [33m1[39m, [33m1[39m, [33m1[39m, [33m1[39m, [33m1[39m, [33m1[39m, [33m1[39m, [33m1[39m, [33m1[39m, [33m1[39m,
    [33m1[39m, [33m1[39m, [33m1[39m, [33m1[39m,
    ... 130972 more items
  ],
  heightmap: Uint8Array(1024) [
    [33m0[39m, [33m0[39m, [33m0[39m, [33m0[39m, [33m0[39m, [33m0[39m, [33m0[39m, [33m0[39m, [33m0[39m, [33m0[39m, [33m0[39m, [33m0[39m,
    [33m0[39m, [33m0[39m, [33m0[39m, [33m0[39m, [33m0[39m, [33m0[39m, [33m0[39m, [33m0[39m, [33m0[39m, [33m0[39m, [33m0[39m, [33m0[39m,
    [33m0[39m, [33m0[39m, [33m0[39m, [33m0[39m, [33m0[39m, [33m0[39m, [33m0[39m, [33m0[39m, [33m0[39m, [33m0[39m, [33m0[39m, [33m0[39m,
    [33m0[39m, [33m0[39m, [33m0[39m, [33m0[39m, [33m0[39m, [33m0[39m, [33m0[39m, [33m0[39m, [33m0[39m, [33m0[39m, [33m0[39m, [33m0[39m,
    [33m0[39m, [33m0[39m, [33m0[39m, [33m0[39m, [33m0[39m, [33m0[39m, [33m0[39m, [33m0[39m, [33m0[39m, [33m0[39m, [33m0[39m, [33m0[39m,
    [33m0[39m, [33m0[39m, [33m0[39m, [33m0[39m, [33m0[39m, [33m0[39m, [33m0[39m, [33m0[39m, [33m0[39m, [33m0[39m, [33m0[39m, [33m0[39m,
    [33m0[39m, [33m0[39m, [33m0[39m, [33m0[39m, [33m0[39m, [33m0[39m, [33m0[39m, [33m0[39m, [33m0[39m, [33m0[39m, [33m0[39m, [33m0[39m,
    [33m0[39m, [33m0[39m, [33m0[39m, [33m0[39m, [33m0[39m, [33m0[39m, [33m0[39m, [33m0[39m, [33m0[39m, [33m0[39m, [33m0[39m, [33m0[39m,
    [33m0[39m, [33m0[39m, [33m0[39m, [33m0[39m,
    ... 924 more items
  ],
  x: [33m0[39m,
  z: [33m-2[39m,
  lodLevel: [33m0[39m
}
Chunk generated: Chunk {
  data: Uint8Array(131072) [
    [33m1[39m, [33m1[39m, [33m1[39m, [33m1[39m, [33m1[39m, [33m1[39m, [33m1[39m, [33m1[39m, [33m1[39m, [33m1[39m, [33m1[39m, [33m1[39m,
    [33m1[39m, [33m1[39m, [33m1[39m, [33m1[39m, [33m1[39m, [33m1[39m, [33m1[39m, [33m1[39m, [33m1[39m, [33m1[39m, [33m1[39m, [33m1[39m,
    [33m1[39m, [33m1[39m, [33m1[39m, [33m1[39m, [33m1[39m, [33m1[39m, [33m1[39m, [33m1[39m, [33m1[39m, [33m1[39m, [33m1[39m, [33m1[39m,
    [33m1[39m, [33m1[39m, [33m1[39m, [33m1[39m, [33m1[39m, [33m1[39m, [33m1[39m, [33m1[39m, [33m1[39m, [33m1[39m, [33m1[39m, [33m1[39m,
    [33m1[39m, [33m1[39m, [33m1[39m, [33m1[39m, [33m1[39m, [33m1[39m, [33m1[39m, [33m1[39m, [33m1[39m, [33m1[39m, [33m1[39m, [33m1[39m,
    [33m1[39m, [33m1[39m, [33m1[39m, [33m1[39m, [33m1[39m, [33m1[39m, [33m1[39m, [33m1[39m, [33m1[39m, [33m1[39m, [33m1[39m, [33m1[39m,
    [33m1[39m, [33m1[39m, [33m1[39m, [33m1[39m, [33m1[39m, [33m1[39m, [33m1[39m, [33m1[39m, [33m1[39m, [33m1[39m, [33m1[39m, [33m1[39m,
    [33m1[39m, [33m1[39m, [33m1[39m, [33m1[39m, [33m1[39m, [33m1[39m, [33m1[39m, [33m1[39m, [33m1[39m, [33m1[39m, [33m1[39m, [33m1[39m,
    [33m1[39m, [33m1[39m, [33m1[39m, [33m1[39m,
    ... 130972 more items
  ],
  compressedData: Uint8Array(131072) [
    [33m1[39m, [33m1[39m, [33m1[39m, [33m1[39m, [33m1[39m, [33m1[39m, [33m1[39m, [33m1[39m, [33m1[39m, [33m1[39m, [33m1[39m, [33m1[39m,
    [33m1[39m, [33m1[39m, [33m1[39m, [33m1[39m, [33m1[39m, [33m1[39m, [33m1[39m, [33m1[39m, [33m1[39m, [33m1[39m, [33m1[39m, [33m1[39m,
    [33m1[39m, [33m1[39m, [33m1[39m, [33m1[39m, [33m1[39m, [33m1[39m, [33m1[39m, [33m1[39m, [33m1[39m, [33m1[39m, [33m1[39m, [33m1[39m,
    [33m1[39m, [33m1[39m, [33m1[39m, [33m1[39m, [33m1[39m, [33m1[39m, [33m1[39m, [33m1[39m, [33m1[39m, [33m1[39m, [33m1[39m, [33m1[39m,
    [33m1[39m, [33m1[39m, [33m1[39m, [33m1[39m, [33m1[39m, [33m1[39m, [33m1[39m, [33m1[39m, [33m1[39m, [33m1[39m, [33m1[39m, [33m1[39m,
    [33m1[39m, [33m1[39m, [33m1[39m, [33m1[39m, [33m1[39m, [33m1[39m, [33m1[39m, [33m1[39m, [33m1[39m, [33m1[39m, [33m1[39m, [33m1[39m,
    [33m1[39m, [33m1[39m, [33m1[39m, [33m1[39m, [33m1[39m, [33m1[39m, [33m1[39m, [33m1[39m, [33m1[39m, [33m1[39m, [33m1[39m, [33m1[39m,
    [33m1[39m, [33m1[39m, [33m1[39m, [33m1[39m, [33m1[39m, [33m1[39m, [33m1[39m, [33m1[39m, [33m1[39m, [33m1[39m, [33m1[39m, [33m1[39m,
    [33m1[39m, [33m1[39m, [33m1[39m, [33m1[39m,
    ... 130972 more items
  ],
  heightmap: Uint8Array(1024) [
    [33m0[39m, [33m0[39m, [33m0[39m, [33m0[39m, [33m0[39m, [33m0[39m, [33m0[39m, [33m0[39m, [33m0[39m, [33m0[39m, [33m0[39m, [33m0[39m,
    [33m0[39m, [33m0[39m, [33m0[39m, [33m0[39m, [33m0[39m, [33m0[39m, [33m0[39m, [33m0[39m, [33m0[39m, [33m0[39m, [33m0[39m, [33m0[39m,
    [33m0[39m, [33m0[39m, [33m0[39m, [33m0[39m, [33m0[39m, [33m0[39m, [33m0[39m, [33m0[39m, [33m0[39m, [33m0[39m, [33m0[39m, [33m0[39m,
    [33m0[39m, [33m0[39m, [33m0[39m, [33m0[39m, [33m0[39m, [33m0[39m, [33m0[39m, [33m0[39m, [33m0[39m, [33m0[39m, [33m0[39m, [33m0[39m,
    [33m0[39m, [33m0[39m, [33m0[39m, [33m0[39m, [33m0[39m, [33m0[39m, [33m0[39m, [33m0[39m, [33m0[39m, [33m0[39m, [33m0[39m, [33m0[39m,
    [33m0[39m, [33m0[39m, [33m0[39m, [33m0[39m, [33m0[39m, [33m0[39m, [33m0[39m, [33m0[39m, [33m0[39m, [33m0[39m, [33m0[39m, [33m0[39m,
    [33m0[39m, [33m0[39m, [33m0[39m, [33m0[39m, [33m0[39m, [33m0[39m, [33m0[39m, [33m0[39m, [33m0[39m, [33m0[39m, [33m0[39m, [33m0[39m,
    [33m0[39m, [33m0[39m, [33m0[39m, [33m0[39m, [33m0[39m, [33m0[39m, [33m0[39m, [33m0[39m, [33m0[39m, [33m0[39m, [33m0[39m, [33m0[39m,
    [33m0[39m, [33m0[39m, [33m0[39m, [33m0[39m,
    ... 924 more items
  ],
  x: [33m0[39m,
  z: [33m1[39m,
  lodLevel: [33m0[39m
}
Mesh generated: BufferGeometry {
  isBufferGeometry: [33mtrue[39m,
  uuid: [32m'ff6902a0-d636-41fb-be45-b6e473f6e226'[39m,
  name: [32m''[39m,
  type: [32m'BufferGeometry'[39m,
  index: BufferAttribute {
    isBufferAttribute: [33mtrue[39m,
    name: [32m''[39m,
    array: Uint32Array(36) [
       [33m0[39m,  [33m1[39m,  [33m2[39m,  [33m0[39m,  [33m2[39m,  [33m3[39m,  [33m4[39m,  [33m5[39m,  [33m6[39m,
       [33m4[39m,  [33m6[39m,  [33m7[39m,  [33m8[39m,  [33m9[39m, [33m10[39m,  [33m8[39m, [33m10[39m, [33m11[39m,
      [33m12[39m, [33m13[39m, [33m14[39m, [33m12[39m, [33m14[39m, [33m15[39m, [33m16[39m, [33m17[39m, [33m18[39m,
      [33m16[39m, [33m18[39m, [33m19[39m, [33m20[39m, [33m21[39m, [33m22[39m, [33m20[39m, [33m22[39m, [33m23[39m
    ],
    itemSize: [33m1[39m,
    count: [33m36[39m,
    normalized: [33mfalse[39m,
    usage: [33m35044[39m,
    _updateRange: { offset: [33m0[39m, count: [33m-1[39m },
    updateRanges: [],
    gpuType: [33m1015[39m,
    version: [33m0[39m
  },
  attributes: {
    position: BufferAttribute {
      isBufferAttribute: [33mtrue[39m,
      name: [32m''[39m,
      array: [36m[Float32Array][39m,
      itemSize: [33m3[39m,
      count: [33m24[39m,
      normalized: [33mfalse[39m,
      usage: [33m35044[39m,
      _updateRange: [36m[Object][39m,
      updateRanges: [],
      gpuType: [33m1015[39m,
      version: [33m0[39m
    },
    normal: BufferAttribute {
      isBufferAttribute: [33mtrue[39m,
      name: [32m''[39m,
      array: [36m[Float32Array][39m,
      itemSize: [33m3[39m,
      count: [33m24[39m,
      normalized: [33mfalse[39m,
      usage: [33m35044[39m,
      _updateRange: [36m[Object][39m,
      updateRanges: [],
      gpuType: [33m1015[39m,
      version: [33m0[39m
    },
    uv: BufferAttribute {
      isBufferAttribute: [33mtrue[39m,
      name: [32m''[39m,
      array: [36m[Float32Array][39m,
      itemSize: [33m2[39m,
      count: [33m24[39m,
      normalized: [33mfalse[39m,
      usage: [33m35044[39m,
      _updateRange: [36m[Object][39m,
      updateRanges: [],
      gpuType: [33m1015[39m,
      version: [33m0[39m
    }
  },
  morphAttributes: {},
  morphTargetsRelative: [33mfalse[39m,
  groups: [],
  boundingBox: [1mnull[22m,
  boundingSphere: [1mnull[22m,
  drawRange: { start: [33m0[39m, count: [33mInfinity[39m },
  userData: {}
}
Chunk loaded at 0, -2 with LOD 0
Mesh generated: BufferGeometry {
  isBufferGeometry: [33mtrue[39m,
  uuid: [32m'49794367-e41d-44b3-a6f8-d4e7f2a4b12d'[39m,
  name: [32m''[39m,
  type: [32m'BufferGeometry'[39m,
  index: BufferAttribute {
    isBufferAttribute: [33mtrue[39m,
    name: [32m''[39m,
    array: Uint32Array(36) [
       [33m0[39m,  [33m1[39m,  [33m2[39m,  [33m0[39m,  [33m2[39m,  [33m3[39m,  [33m4[39m,  [33m5[39m,  [33m6[39m,
       [33m4[39m,  [33m6[39m,  [33m7[39m,  [33m8[39m,  [33m9[39m, [33m10[39m,  [33m8[39m, [33m10[39m, [33m11[39m,
      [33m12[39m, [33m13[39m, [33m14[39m, [33m12[39m, [33m14[39m, [33m15[39m, [33m16[39m, [33m17[39m, [33m18[39m,
      [33m16[39m, [33m18[39m, [33m19[39m, [33m20[39m, [33m21[39m, [33m22[39m, [33m20[39m, [33m22[39m, [33m23[39m
    ],
    itemSize: [33m1[39m,
    count: [33m36[39m,
    normalized: [33mfalse[39m,
    usage: [33m35044[39m,
    _updateRange: { offset: [33m0[39m, count: [33m-1[39m },
    updateRanges: [],
    gpuType: [33m1015[39m,
    version: [33m0[39m
  },
  attributes: {
    position: BufferAttribute {
      isBufferAttribute: [33mtrue[39m,
      name: [32m''[39m,
      array: [36m[Float32Array][39m,
      itemSize: [33m3[39m,
      count: [33m24[39m,
      normalized: [33mfalse[39m,
      usage: [33m35044[39m,
      _updateRange: [36m[Object][39m,
      updateRanges: [],
      gpuType: [33m1015[39m,
      version: [33m0[39m
    },
    normal: BufferAttribute {
      isBufferAttribute: [33mtrue[39m,
      name: [32m''[39m,
      array: [36m[Float32Array][39m,
      itemSize: [33m3[39m,
      count: [33m24[39m,
      normalized: [33mfalse[39m,
      usage: [33m35044[39m,
      _updateRange: [36m[Object][39m,
      updateRanges: [],
      gpuType: [33m1015[39m,
      version: [33m0[39m
    },
    uv: BufferAttribute {
      isBufferAttribute: [33mtrue[39m,
      name: [32m''[39m,
      array: [36m[Float32Array][39m,
      itemSize: [33m2[39m,
      count: [33m24[39m,
      normalized: [33mfalse[39m,
      usage: [33m35044[39m,
      _updateRange: [36m[Object][39m,
      updateRanges: [],
      gpuType: [33m1015[39m,
      version: [33m0[39m
    }
  },
  morphAttributes: {},
  morphTargetsRelative: [33mfalse[39m,
  groups: [],
  boundingBox: [1mnull[22m,
  boundingSphere: [1mnull[22m,
  drawRange: { start: [33m0[39m, count: [33mInfinity[39m },
  userData: {}
}
Chunk loaded at 0, 1 with LOD 0

[90mstdout[2m | src/world/ChunkManager.test.ts[2m > [22m[2mChunkManager[2m > [22m[2mshould properly dispose of resources[22m[39m
Loading chunk at -1, -1 with LOD 0
Loading chunk at -1, 0 with LOD 0
Chunk generated: Chunk {
  data: Uint8Array(131072) [
    [33m1[39m, [33m1[39m, [33m1[39m, [33m1[39m, [33m1[39m, [33m1[39m, [33m1[39m, [33m1[39m, [33m1[39m, [33m1[39m, [33m1[39m, [33m1[39m,
    [33m1[39m, [33m1[39m, [33m1[39m, [33m1[39m, [33m1[39m, [33m1[39m, [33m1[39m, [33m1[39m, [33m1[39m, [33m1[39m, [33m1[39m, [33m1[39m,
    [33m1[39m, [33m1[39m, [33m1[39m, [33m1[39m, [33m1[39m, [33m1[39m, [33m1[39m, [33m1[39m, [33m1[39m, [33m1[39m, [33m1[39m, [33m1[39m,
    [33m1[39m, [33m1[39m, [33m1[39m, [33m1[39m, [33m1[39m, [33m1[39m, [33m1[39m, [33m1[39m, [33m1[39m, [33m1[39m, [33m1[39m, [33m1[39m,
    [33m1[39m, [33m1[39m, [33m1[39m, [33m1[39m, [33m1[39m, [33m1[39m, [33m1[39m, [33m1[39m, [33m1[39m, [33m1[39m, [33m1[39m, [33m1[39m,
    [33m1[39m, [33m1[39m, [33m1[39m, [33m1[39m, [33m1[39m, [33m1[39m, [33m1[39m, [33m1[39m, [33m1[39m, [33m1[39m, [33m1[39m, [33m1[39m,
    [33m1[39m, [33m1[39m, [33m1[39m, [33m1[39m, [33m1[39m, [33m1[39m, [33m1[39m, [33m1[39m, [33m1[39m, [33m1[39m, [33m1[39m, [33m1[39m,
    [33m1[39m, [33m1[39m, [33m1[39m, [33m1[39m, [33m1[39m, [33m1[39m, [33m1[39m, [33m1[39m, [33m1[39m, [33m1[39m, [33m1[39m, [33m1[39m,
    [33m1[39m, [33m1[39m, [33m1[39m, [33m1[39m,
    ... 130972 more items
  ],
  compressedData: Uint8Array(131072) [
    [33m1[39m, [33m1[39m, [33m1[39m, [33m1[39m, [33m1[39m, [33m1[39m, [33m1[39m, [33m1[39m, [33m1[39m, [33m1[39m, [33m1[39m, [33m1[39m,
    [33m1[39m, [33m1[39m, [33m1[39m, [33m1[39m, [33m1[39m, [33m1[39m, [33m1[39m, [33m1[39m, [33m1[39m, [33m1[39m, [33m1[39m, [33m1[39m,
    [33m1[39m, [33m1[39m, [33m1[39m, [33m1[39m, [33m1[39m, [33m1[39m, [33m1[39m, [33m1[39m, [33m1[39m, [33m1[39m, [33m1[39m, [33m1[39m,
    [33m1[39m, [33m1[39m, [33m1[39m, [33m1[39m, [33m1[39m, [33m1[39m, [33m1[39m, [33m1[39m, [33m1[39m, [33m1[39m, [33m1[39m, [33m1[39m,
    [33m1[39m, [33m1[39m, [33m1[39m, [33m1[39m, [33m1[39m, [33m1[39m, [33m1[39m, [33m1[39m, [33m1[39m, [33m1[39m, [33m1[39m, [33m1[39m,
    [33m1[39m, [33m1[39m, [33m1[39m, [33m1[39m, [33m1[39m, [33m1[39m, [33m1[39m, [33m1[39m, [33m1[39m, [33m1[39m, [33m1[39m, [33m1[39m,
    [33m1[39m, [33m1[39m, [33m1[39m, [33m1[39m, [33m1[39m, [33m1[39m, [33m1[39m, [33m1[39m, [33m1[39m, [33m1[39m, [33m1[39m, [33m1[39m,
    [33m1[39m, [33m1[39m, [33m1[39m, [33m1[39m, [33m1[39m, [33m1[39m, [33m1[39m, [33m1[39m, [33m1[39m, [33m1[39m, [33m1[39m, [33m1[39m,
    [33m1[39m, [33m1[39m, [33m1[39m, [33m1[39m,
    ... 130972 more items
  ],
  heightmap: Uint8Array(1024) [
    [33m0[39m, [33m0[39m, [33m0[39m, [33m0[39m, [33m0[39m, [33m0[39m, [33m0[39m, [33m0[39m, [33m0[39m, [33m0[39m, [33m0[39m, [33m0[39m,
    [33m0[39m, [33m0[39m, [33m0[39m, [33m0[39m, [33m0[39m, [33m0[39m, [33m0[39m, [33m0[39m, [33m0[39m, [33m0[39m, [33m0[39m, [33m0[39m,
    [33m0[39m, [33m0[39m, [33m0[39m, [33m0[39m, [33m0[39m, [33m0[39m, [33m0[39m, [33m0[39m, [33m0[39m, [33m0[39m, [33m0[39m, [33m0[39m,
    [33m0[39m, [33m0[39m, [33m0[39m, [33m0[39m, [33m0[39m, [33m0[39m, [33m0[39m, [33m0[39m, [33m0[39m, [33m0[39m, [33m0[39m, [33m0[39m,
    [33m0[39m, [33m0[39m, [33m0[39m, [33m0[39m, [33m0[39m, [33m0[39m, [33m0[39m, [33m0[39m, [33m0[39m, [33m0[39m, [33m0[39m, [33m0[39m,
    [33m0[39m, [33m0[39m, [33m0[39m, [33m0[39m, [33m0[39m, [33m0[39m, [33m0[39m, [33m0[39m, [33m0[39m, [33m0[39m, [33m0[39m, [33m0[39m,
    [33m0[39m, [33m0[39m, [33m0[39m, [33m0[39m, [33m0[39m, [33m0[39m, [33m0[39m, [33m0[39m, [33m0[39m, [33m0[39m, [33m0[39m, [33m0[39m,
    [33m0[39m, [33m0[39m, [33m0[39m, [33m0[39m, [33m0[39m, [33m0[39m, [33m0[39m, [33m0[39m, [33m0[39m, [33m0[39m, [33m0[39m, [33m0[39m,
    [33m0[39m, [33m0[39m, [33m0[39m, [33m0[39m,
    ... 924 more items
  ],
  x: [33m-1[39m,
  z: [33m-1[39m,
  lodLevel: [33m0[39m
}
Chunk generated: Chunk {
  data: Uint8Array(131072) [
    [33m1[39m, [33m1[39m, [33m1[39m, [33m1[39m, [33m1[39m, [33m1[39m, [33m1[39m, [33m1[39m, [33m1[39m, [33m1[39m, [33m1[39m, [33m1[39m,
    [33m1[39m, [33m1[39m, [33m1[39m, [33m1[39m, [33m1[39m, [33m1[39m, [33m1[39m, [33m1[39m, [33m1[39m, [33m1[39m, [33m1[39m, [33m1[39m,
    [33m1[39m, [33m1[39m, [33m1[39m, [33m1[39m, [33m1[39m, [33m1[39m, [33m1[39m, [33m1[39m, [33m1[39m, [33m1[39m, [33m1[39m, [33m1[39m,
    [33m1[39m, [33m1[39m, [33m1[39m, [33m1[39m, [33m1[39m, [33m1[39m, [33m1[39m, [33m1[39m, [33m1[39m, [33m1[39m, [33m1[39m, [33m1[39m,
    [33m1[39m, [33m1[39m, [33m1[39m, [33m1[39m, [33m1[39m, [33m1[39m, [33m1[39m, [33m1[39m, [33m1[39m, [33m1[39m, [33m1[39m, [33m1[39m,
    [33m1[39m, [33m1[39m, [33m1[39m, [33m1[39m, [33m1[39m, [33m1[39m, [33m1[39m, [33m1[39m, [33m1[39m, [33m1[39m, [33m1[39m, [33m1[39m,
    [33m1[39m, [33m1[39m, [33m1[39m, [33m1[39m, [33m1[39m, [33m1[39m, [33m1[39m, [33m1[39m, [33m1[39m, [33m1[39m, [33m1[39m, [33m1[39m,
    [33m1[39m, [33m1[39m, [33m1[39m, [33m1[39m, [33m1[39m, [33m1[39m, [33m1[39m, [33m1[39m, [33m1[39m, [33m1[39m, [33m1[39m, [33m1[39m,
    [33m1[39m, [33m1[39m, [33m1[39m, [33m1[39m,
    ... 130972 more items
  ],
  compressedData: Uint8Array(131072) [
    [33m1[39m, [33m1[39m, [33m1[39m, [33m1[39m, [33m1[39m, [33m1[39m, [33m1[39m, [33m1[39m, [33m1[39m, [33m1[39m, [33m1[39m, [33m1[39m,
    [33m1[39m, [33m1[39m, [33m1[39m, [33m1[39m, [33m1[39m, [33m1[39m, [33m1[39m, [33m1[39m, [33m1[39m, [33m1[39m, [33m1[39m, [33m1[39m,
    [33m1[39m, [33m1[39m, [33m1[39m, [33m1[39m, [33m1[39m, [33m1[39m, [33m1[39m, [33m1[39m, [33m1[39m, [33m1[39m, [33m1[39m, [33m1[39m,
    [33m1[39m, [33m1[39m, [33m1[39m, [33m1[39m, [33m1[39m, [33m1[39m, [33m1[39m, [33m1[39m, [33m1[39m, [33m1[39m, [33m1[39m, [33m1[39m,
    [33m1[39m, [33m1[39m, [33m1[39m, [33m1[39m, [33m1[39m, [33m1[39m, [33m1[39m, [33m1[39m, [33m1[39m, [33m1[39m, [33m1[39m, [33m1[39m,
    [33m1[39m, [33m1[39m, [33m1[39m, [33m1[39m, [33m1[39m, [33m1[39m, [33m1[39m, [33m1[39m, [33m1[39m, [33m1[39m, [33m1[39m, [33m1[39m,
    [33m1[39m, [33m1[39m, [33m1[39m, [33m1[39m, [33m1[39m, [33m1[39m, [33m1[39m, [33m1[39m, [33m1[39m, [33m1[39m, [33m1[39m, [33m1[39m,
    [33m1[39m, [33m1[39m, [33m1[39m, [33m1[39m, [33m1[39m, [33m1[39m, [33m1[39m, [33m1[39m, [33m1[39m, [33m1[39m, [33m1[39m, [33m1[39m,
    [33m1[39m, [33m1[39m, [33m1[39m, [33m1[39m,
    ... 130972 more items
  ],
  heightmap: Uint8Array(1024) [
    [33m0[39m, [33m0[39m, [33m0[39m, [33m0[39m, [33m0[39m, [33m0[39m, [33m0[39m, [33m0[39m, [33m0[39m, [33m0[39m, [33m0[39m, [33m0[39m,
    [33m0[39m, [33m0[39m, [33m0[39m, [33m0[39m, [33m0[39m, [33m0[39m, [33m0[39m, [33m0[39m, [33m0[39m, [33m0[39m, [33m0[39m, [33m0[39m,
    [33m0[39m, [33m0[39m, [33m0[39m, [33m0[39m, [33m0[39m, [33m0[39m, [33m0[39m, [33m0[39m, [33m0[39m, [33m0[39m, [33m0[39m, [33m0[39m,
    [33m0[39m, [33m0[39m, [33m0[39m, [33m0[39m, [33m0[39m, [33m0[39m, [33m0[39m, [33m0[39m, [33m0[39m, [33m0[39m, [33m0[39m, [33m0[39m,
    [33m0[39m, [33m0[39m, [33m0[39m, [33m0[39m, [33m0[39m, [33m0[39m, [33m0[39m, [33m0[39m, [33m0[39m, [33m0[39m, [33m0[39m, [33m0[39m,
    [33m0[39m, [33m0[39m, [33m0[39m, [33m0[39m, [33m0[39m, [33m0[39m, [33m0[39m, [33m0[39m, [33m0[39m, [33m0[39m, [33m0[39m, [33m0[39m,
    [33m0[39m, [33m0[39m, [33m0[39m, [33m0[39m, [33m0[39m, [33m0[39m, [33m0[39m, [33m0[39m, [33m0[39m, [33m0[39m, [33m0[39m, [33m0[39m,
    [33m0[39m, [33m0[39m, [33m0[39m, [33m0[39m, [33m0[39m, [33m0[39m, [33m0[39m, [33m0[39m, [33m0[39m, [33m0[39m, [33m0[39m, [33m0[39m,
    [33m0[39m, [33m0[39m, [33m0[39m, [33m0[39m,
    ... 924 more items
  ],
  x: [33m-1[39m,
  z: [33m0[39m,
  lodLevel: [33m0[39m
}
Mesh generated: BufferGeometry {
  isBufferGeometry: [33mtrue[39m,
  uuid: [32m'2589b4d3-7f73-4ce6-a417-9a878a2f5ca4'[39m,
  name: [32m''[39m,
  type: [32m'BufferGeometry'[39m,
  index: BufferAttribute {
    isBufferAttribute: [33mtrue[39m,
    name: [32m''[39m,
    array: Uint32Array(36) [
       [33m0[39m,  [33m1[39m,  [33m2[39m,  [33m0[39m,  [33m2[39m,  [33m3[39m,  [33m4[39m,  [33m5[39m,  [33m6[39m,
       [33m4[39m,  [33m6[39m,  [33m7[39m,  [33m8[39m,  [33m9[39m, [33m10[39m,  [33m8[39m, [33m10[39m, [33m11[39m,
      [33m12[39m, [33m13[39m, [33m14[39m, [33m12[39m, [33m14[39m, [33m15[39m, [33m16[39m, [33m17[39m, [33m18[39m,
      [33m16[39m, [33m18[39m, [33m19[39m, [33m20[39m, [33m21[39m, [33m22[39m, [33m20[39m, [33m22[39m, [33m23[39m
    ],
    itemSize: [33m1[39m,
    count: [33m36[39m,
    normalized: [33mfalse[39m,
    usage: [33m35044[39m,
    _updateRange: { offset: [33m0[39m, count: [33m-1[39m },
    updateRanges: [],
    gpuType: [33m1015[39m,
    version: [33m0[39m
  },
  attributes: {
    position: BufferAttribute {
      isBufferAttribute: [33mtrue[39m,
      name: [32m''[39m,
      array: [36m[Float32Array][39m,
      itemSize: [33m3[39m,
      count: [33m24[39m,
      normalized: [33mfalse[39m,
      usage: [33m35044[39m,
      _updateRange: [36m[Object][39m,
      updateRanges: [],
      gpuType: [33m1015[39m,
      version: [33m0[39m
    },
    normal: BufferAttribute {
      isBufferAttribute: [33mtrue[39m,
      name: [32m''[39m,
      array: [36m[Float32Array][39m,
      itemSize: [33m3[39m,
      count: [33m24[39m,
      normalized: [33mfalse[39m,
      usage: [33m35044[39m,
      _updateRange: [36m[Object][39m,
      updateRanges: [],
      gpuType: [33m1015[39m,
      version: [33m0[39m
    },
    uv: BufferAttribute {
      isBufferAttribute: [33mtrue[39m,
      name: [32m''[39m,
      array: [36m[Float32Array][39m,
      itemSize: [33m2[39m,
      count: [33m24[39m,
      normalized: [33mfalse[39m,
      usage: [33m35044[39m,
      _updateRange: [36m[Object][39m,
      updateRanges: [],
      gpuType: [33m1015[39m,
      version: [33m0[39m
    }
  },
  morphAttributes: {},
  morphTargetsRelative: [33mfalse[39m,
  groups: [],
  boundingBox: [1mnull[22m,
  boundingSphere: [1mnull[22m,
  drawRange: { start: [33m0[39m, count: [33mInfinity[39m },
  userData: {}
}
Chunk loaded at -1, -1 with LOD 0
Mesh generated: BufferGeometry {
  isBufferGeometry: [33mtrue[39m,
  uuid: [32m'0169d0a2-518a-452e-b0d3-ee34bda5d9c5'[39m,
  name: [32m''[39m,
  type: [32m'BufferGeometry'[39m,
  index: BufferAttribute {
    isBufferAttribute: [33mtrue[39m,
    name: [32m''[39m,
    array: Uint32Array(36) [
       [33m0[39m,  [33m1[39m,  [33m2[39m,  [33m0[39m,  [33m2[39m,  [33m3[39m,  [33m4[39m,  [33m5[39m,  [33m6[39m,
       [33m4[39m,  [33m6[39m,  [33m7[39m,  [33m8[39m,  [33m9[39m, [33m10[39m,  [33m8[39m, [33m10[39m, [33m11[39m,
      [33m12[39m, [33m13[39m, [33m14[39m, [33m12[39m, [33m14[39m, [33m15[39m, [33m16[39m, [33m17[39m, [33m18[39m,
      [33m16[39m, [33m18[39m, [33m19[39m, [33m20[39m, [33m21[39m, [33m22[39m, [33m20[39m, [33m22[39m, [33m23[39m
    ],
    itemSize: [33m1[39m,
    count: [33m36[39m,
    normalized: [33mfalse[39m,
    usage: [33m35044[39m,
    _updateRange: { offset: [33m0[39m, count: [33m-1[39m },
    updateRanges: [],
    gpuType: [33m1015[39m,
    version: [33m0[39m
  },
  attributes: {
    position: BufferAttribute {
      isBufferAttribute: [33mtrue[39m,
      name: [32m''[39m,
      array: [36m[Float32Array][39m,
      itemSize: [33m3[39m,
      count: [33m24[39m,
      normalized: [33mfalse[39m,
      usage: [33m35044[39m,
      _updateRange: [36m[Object][39m,
      updateRanges: [],
      gpuType: [33m1015[39m,
      version: [33m0[39m
    },
    normal: BufferAttribute {
      isBufferAttribute: [33mtrue[39m,
      name: [32m''[39m,
      array: [36m[Float32Array][39m,
      itemSize: [33m3[39m,
      count: [33m24[39m,
      normalized: [33mfalse[39m,
      usage: [33m35044[39m,
      _updateRange: [36m[Object][39m,
      updateRanges: [],
      gpuType: [33m1015[39m,
      version: [33m0[39m
    },
    uv: BufferAttribute {
      isBufferAttribute: [33mtrue[39m,
      name: [32m''[39m,
      array: [36m[Float32Array][39m,
      itemSize: [33m2[39m,
      count: [33m24[39m,
      normalized: [33mfalse[39m,
      usage: [33m35044[39m,
      _updateRange: [36m[Object][39m,
      updateRanges: [],
      gpuType: [33m1015[39m,
      version: [33m0[39m
    }
  },
  morphAttributes: {},
  morphTargetsRelative: [33mfalse[39m,
  groups: [],
  boundingBox: [1mnull[22m,
  boundingSphere: [1mnull[22m,
  drawRange: { start: [33m0[39m, count: [33mInfinity[39m },
  userData: {}
}
Chunk loaded at -1, 0 with LOD 0

[90mstdout[2m | src/world/ChunkManager.test.ts[2m > [22m[2mChunkManager[2m > [22m[2mshould properly dispose of resources[22m[39m
Loading chunk at 0, -1 with LOD 0
Loading chunk at 0, 0 with LOD 0
Chunk generated: Chunk {
  data: Uint8Array(131072) [
    [33m1[39m, [33m1[39m, [33m1[39m, [33m1[39m, [33m1[39m, [33m1[39m, [33m1[39m, [33m1[39m, [33m1[39m, [33m1[39m, [33m1[39m, [33m1[39m,
    [33m1[39m, [33m1[39m, [33m1[39m, [33m1[39m, [33m1[39m, [33m1[39m, [33m1[39m, [33m1[39m, [33m1[39m, [33m1[39m, [33m1[39m, [33m1[39m,
    [33m1[39m, [33m1[39m, [33m1[39m, [33m1[39m, [33m1[39m, [33m1[39m, [33m1[39m, [33m1[39m, [33m1[39m, [33m1[39m, [33m1[39m, [33m1[39m,
    [33m1[39m, [33m1[39m, [33m1[39m, [33m1[39m, [33m1[39m, [33m1[39m, [33m1[39m, [33m1[39m, [33m1[39m, [33m1[39m, [33m1[39m, [33m1[39m,
    [33m1[39m, [33m1[39m, [33m1[39m, [33m1[39m, [33m1[39m, [33m1[39m, [33m1[39m, [33m1[39m, [33m1[39m, [33m1[39m, [33m1[39m, [33m1[39m,
    [33m1[39m, [33m1[39m, [33m1[39m, [33m1[39m, [33m1[39m, [33m1[39m, [33m1[39m, [33m1[39m, [33m1[39m, [33m1[39m, [33m1[39m, [33m1[39m,
    [33m1[39m, [33m1[39m, [33m1[39m, [33m1[39m, [33m1[39m, [33m1[39m, [33m1[39m, [33m1[39m, [33m1[39m, [33m1[39m, [33m1[39m, [33m1[39m,
    [33m1[39m, [33m1[39m, [33m1[39m, [33m1[39m, [33m1[39m, [33m1[39m, [33m1[39m, [33m1[39m, [33m1[39m, [33m1[39m, [33m1[39m, [33m1[39m,
    [33m1[39m, [33m1[39m, [33m1[39m, [33m1[39m,
    ... 130972 more items
  ],
  compressedData: Uint8Array(131072) [
    [33m1[39m, [33m1[39m, [33m1[39m, [33m1[39m, [33m1[39m, [33m1[39m, [33m1[39m, [33m1[39m, [33m1[39m, [33m1[39m, [33m1[39m, [33m1[39m,
    [33m1[39m, [33m1[39m, [33m1[39m, [33m1[39m, [33m1[39m, [33m1[39m, [33m1[39m, [33m1[39m, [33m1[39m, [33m1[39m, [33m1[39m, [33m1[39m,
    [33m1[39m, [33m1[39m, [33m1[39m, [33m1[39m, [33m1[39m, [33m1[39m, [33m1[39m, [33m1[39m, [33m1[39m, [33m1[39m, [33m1[39m, [33m1[39m,
    [33m1[39m, [33m1[39m, [33m1[39m, [33m1[39m, [33m1[39m, [33m1[39m, [33m1[39m, [33m1[39m, [33m1[39m, [33m1[39m, [33m1[39m, [33m1[39m,
    [33m1[39m, [33m1[39m, [33m1[39m, [33m1[39m, [33m1[39m, [33m1[39m, [33m1[39m, [33m1[39m, [33m1[39m, [33m1[39m, [33m1[39m, [33m1[39m,
    [33m1[39m, [33m1[39m, [33m1[39m, [33m1[39m, [33m1[39m, [33m1[39m, [33m1[39m, [33m1[39m, [33m1[39m, [33m1[39m, [33m1[39m, [33m1[39m,
    [33m1[39m, [33m1[39m, [33m1[39m, [33m1[39m, [33m1[39m, [33m1[39m, [33m1[39m, [33m1[39m, [33m1[39m, [33m1[39m, [33m1[39m, [33m1[39m,
    [33m1[39m, [33m1[39m, [33m1[39m, [33m1[39m, [33m1[39m, [33m1[39m, [33m1[39m, [33m1[39m, [33m1[39m, [33m1[39m, [33m1[39m, [33m1[39m,
    [33m1[39m, [33m1[39m, [33m1[39m, [33m1[39m,
    ... 130972 more items
  ],
  heightmap: Uint8Array(1024) [
    [33m0[39m, [33m0[39m, [33m0[39m, [33m0[39m, [33m0[39m, [33m0[39m, [33m0[39m, [33m0[39m, [33m0[39m, [33m0[39m, [33m0[39m, [33m0[39m,
    [33m0[39m, [33m0[39m, [33m0[39m, [33m0[39m, [33m0[39m, [33m0[39m, [33m0[39m, [33m0[39m, [33m0[39m, [33m0[39m, [33m0[39m, [33m0[39m,
    [33m0[39m, [33m0[39m, [33m0[39m, [33m0[39m, [33m0[39m, [33m0[39m, [33m0[39m, [33m0[39m, [33m0[39m, [33m0[39m, [33m0[39m, [33m0[39m,
    [33m0[39m, [33m0[39m, [33m0[39m, [33m0[39m, [33m0[39m, [33m0[39m, [33m0[39m, [33m0[39m, [33m0[39m, [33m0[39m, [33m0[39m, [33m0[39m,
    [33m0[39m, [33m0[39m, [33m0[39m, [33m0[39m, [33m0[39m, [33m0[39m, [33m0[39m, [33m0[39m, [33m0[39m, [33m0[39m, [33m0[39m, [33m0[39m,
    [33m0[39m, [33m0[39m, [33m0[39m, [33m0[39m, [33m0[39m, [33m0[39m, [33m0[39m, [33m0[39m, [33m0[39m, [33m0[39m, [33m0[39m, [33m0[39m,
    [33m0[39m, [33m0[39m, [33m0[39m, [33m0[39m, [33m0[39m, [33m0[39m, [33m0[39m, [33m0[39m, [33m0[39m, [33m0[39m, [33m0[39m, [33m0[39m,
    [33m0[39m, [33m0[39m, [33m0[39m, [33m0[39m, [33m0[39m, [33m0[39m, [33m0[39m, [33m0[39m, [33m0[39m, [33m0[39m, [33m0[39m, [33m0[39m,
    [33m0[39m, [33m0[39m, [33m0[39m, [33m0[39m,
    ... 924 more items
  ],
  x: [33m0[39m,
  z: [33m-1[39m,
  lodLevel: [33m0[39m
}
Chunk generated: Chunk {
  data: Uint8Array(131072) [
    [33m1[39m, [33m1[39m, [33m1[39m, [33m1[39m, [33m1[39m, [33m1[39m, [33m1[39m, [33m1[39m, [33m1[39m, [33m1[39m, [33m1[39m, [33m1[39m,
    [33m1[39m, [33m1[39m, [33m1[39m, [33m1[39m, [33m1[39m, [33m1[39m, [33m1[39m, [33m1[39m, [33m1[39m, [33m1[39m, [33m1[39m, [33m1[39m,
    [33m1[39m, [33m1[39m, [33m1[39m, [33m1[39m, [33m1[39m, [33m1[39m, [33m1[39m, [33m1[39m, [33m1[39m, [33m1[39m, [33m1[39m, [33m1[39m,
    [33m1[39m, [33m1[39m, [33m1[39m, [33m1[39m, [33m1[39m, [33m1[39m, [33m1[39m, [33m1[39m, [33m1[39m, [33m1[39m, [33m1[39m, [33m1[39m,
    [33m1[39m, [33m1[39m, [33m1[39m, [33m1[39m, [33m1[39m, [33m1[39m, [33m1[39m, [33m1[39m, [33m1[39m, [33m1[39m, [33m1[39m, [33m1[39m,
    [33m1[39m, [33m1[39m, [33m1[39m, [33m1[39m, [33m1[39m, [33m1[39m, [33m1[39m, [33m1[39m, [33m1[39m, [33m1[39m, [33m1[39m, [33m1[39m,
    [33m1[39m, [33m1[39m, [33m1[39m, [33m1[39m, [33m1[39m, [33m1[39m, [33m1[39m, [33m1[39m, [33m1[39m, [33m1[39m, [33m1[39m, [33m1[39m,
    [33m1[39m, [33m1[39m, [33m1[39m, [33m1[39m, [33m1[39m, [33m1[39m, [33m1[39m, [33m1[39m, [33m1[39m, [33m1[39m, [33m1[39m, [33m1[39m,
    [33m1[39m, [33m1[39m, [33m1[39m, [33m1[39m,
    ... 130972 more items
  ],
  compressedData: Uint8Array(131072) [
    [33m1[39m, [33m1[39m, [33m1[39m, [33m1[39m, [33m1[39m, [33m1[39m, [33m1[39m, [33m1[39m, [33m1[39m, [33m1[39m, [33m1[39m, [33m1[39m,
    [33m1[39m, [33m1[39m, [33m1[39m, [33m1[39m, [33m1[39m, [33m1[39m, [33m1[39m, [33m1[39m, [33m1[39m, [33m1[39m, [33m1[39m, [33m1[39m,
    [33m1[39m, [33m1[39m, [33m1[39m, [33m1[39m, [33m1[39m, [33m1[39m, [33m1[39m, [33m1[39m, [33m1[39m, [33m1[39m, [33m1[39m, [33m1[39m,
    [33m1[39m, [33m1[39m, [33m1[39m, [33m1[39m, [33m1[39m, [33m1[39m, [33m1[39m, [33m1[39m, [33m1[39m, [33m1[39m, [33m1[39m, [33m1[39m,
    [33m1[39m, [33m1[39m, [33m1[39m, [33m1[39m, [33m1[39m, [33m1[39m, [33m1[39m, [33m1[39m, [33m1[39m, [33m1[39m, [33m1[39m, [33m1[39m,
    [33m1[39m, [33m1[39m, [33m1[39m, [33m1[39m, [33m1[39m, [33m1[39m, [33m1[39m, [33m1[39m, [33m1[39m, [33m1[39m, [33m1[39m, [33m1[39m,
    [33m1[39m, [33m1[39m, [33m1[39m, [33m1[39m, [33m1[39m, [33m1[39m, [33m1[39m, [33m1[39m, [33m1[39m, [33m1[39m, [33m1[39m, [33m1[39m,
    [33m1[39m, [33m1[39m, [33m1[39m, [33m1[39m, [33m1[39m, [33m1[39m, [33m1[39m, [33m1[39m, [33m1[39m, [33m1[39m, [33m1[39m, [33m1[39m,
    [33m1[39m, [33m1[39m, [33m1[39m, [33m1[39m,
    ... 130972 more items
  ],
  heightmap: Uint8Array(1024) [
    [33m0[39m, [33m0[39m, [33m0[39m, [33m0[39m, [33m0[39m, [33m0[39m, [33m0[39m, [33m0[39m, [33m0[39m, [33m0[39m, [33m0[39m, [33m0[39m,
    [33m0[39m, [33m0[39m, [33m0[39m, [33m0[39m, [33m0[39m, [33m0[39m, [33m0[39m, [33m0[39m, [33m0[39m, [33m0[39m, [33m0[39m, [33m0[39m,
    [33m0[39m, [33m0[39m, [33m0[39m, [33m0[39m, [33m0[39m, [33m0[39m, [33m0[39m, [33m0[39m, [33m0[39m, [33m0[39m, [33m0[39m, [33m0[39m,
    [33m0[39m, [33m0[39m, [33m0[39m, [33m0[39m, [33m0[39m, [33m0[39m, [33m0[39m, [33m0[39m, [33m0[39m, [33m0[39m, [33m0[39m, [33m0[39m,
    [33m0[39m, [33m0[39m, [33m0[39m, [33m0[39m, [33m0[39m, [33m0[39m, [33m0[39m, [33m0[39m, [33m0[39m, [33m0[39m, [33m0[39m, [33m0[39m,
    [33m0[39m, [33m0[39m, [33m0[39m, [33m0[39m, [33m0[39m, [33m0[39m, [33m0[39m, [33m0[39m, [33m0[39m, [33m0[39m, [33m0[39m, [33m0[39m,
    [33m0[39m, [33m0[39m, [33m0[39m, [33m0[39m, [33m0[39m, [33m0[39m, [33m0[39m, [33m0[39m, [33m0[39m, [33m0[39m, [33m0[39m, [33m0[39m,
    [33m0[39m, [33m0[39m, [33m0[39m, [33m0[39m, [33m0[39m, [33m0[39m, [33m0[39m, [33m0[39m, [33m0[39m, [33m0[39m, [33m0[39m, [33m0[39m,
    [33m0[39m, [33m0[39m, [33m0[39m, [33m0[39m,
    ... 924 more items
  ],
  x: [33m0[39m,
  z: [33m0[39m,
  lodLevel: [33m0[39m
}
Mesh generated: BufferGeometry {
  isBufferGeometry: [33mtrue[39m,
  uuid: [32m'a6d5de6f-c756-4a03-8d6b-36ca8e32a18e'[39m,
  name: [32m''[39m,
  type: [32m'BufferGeometry'[39m,
  index: BufferAttribute {
    isBufferAttribute: [33mtrue[39m,
    name: [32m''[39m,
    array: Uint32Array(36) [
       [33m0[39m,  [33m1[39m,  [33m2[39m,  [33m0[39m,  [33m2[39m,  [33m3[39m,  [33m4[39m,  [33m5[39m,  [33m6[39m,
       [33m4[39m,  [33m6[39m,  [33m7[39m,  [33m8[39m,  [33m9[39m, [33m10[39m,  [33m8[39m, [33m10[39m, [33m11[39m,
      [33m12[39m, [33m13[39m, [33m14[39m, [33m12[39m, [33m14[39m, [33m15[39m, [33m16[39m, [33m17[39m, [33m18[39m,
      [33m16[39m, [33m18[39m, [33m19[39m, [33m20[39m, [33m21[39m, [33m22[39m, [33m20[39m, [33m22[39m, [33m23[39m
    ],
    itemSize: [33m1[39m,
    count: [33m36[39m,
    normalized: [33mfalse[39m,
    usage: [33m35044[39m,
    _updateRange: { offset: [33m0[39m, count: [33m-1[39m },
    updateRanges: [],
    gpuType: [33m1015[39m,
    version: [33m0[39m
  },
  attributes: {
    position: BufferAttribute {
      isBufferAttribute: [33mtrue[39m,
      name: [32m''[39m,
      array: [36m[Float32Array][39m,
      itemSize: [33m3[39m,
      count: [33m24[39m,
      normalized: [33mfalse[39m,
      usage: [33m35044[39m,
      _updateRange: [36m[Object][39m,
      updateRanges: [],
      gpuType: [33m1015[39m,
      version: [33m0[39m
    },
    normal: BufferAttribute {
      isBufferAttribute: [33mtrue[39m,
      name: [32m''[39m,
      array: [36m[Float32Array][39m,
      itemSize: [33m3[39m,
      count: [33m24[39m,
      normalized: [33mfalse[39m,
      usage: [33m35044[39m,
      _updateRange: [36m[Object][39m,
      updateRanges: [],
      gpuType: [33m1015[39m,
      version: [33m0[39m
    },
    uv: BufferAttribute {
      isBufferAttribute: [33mtrue[39m,
      name: [32m''[39m,
      array: [36m[Float32Array][39m,
      itemSize: [33m2[39m,
      count: [33m24[39m,
      normalized: [33mfalse[39m,
      usage: [33m35044[39m,
      _updateRange: [36m[Object][39m,
      updateRanges: [],
      gpuType: [33m1015[39m,
      version: [33m0[39m
    }
  },
  morphAttributes: {},
  morphTargetsRelative: [33mfalse[39m,
  groups: [],
  boundingBox: [1mnull[22m,
  boundingSphere: [1mnull[22m,
  drawRange: { start: [33m0[39m, count: [33mInfinity[39m },
  userData: {}
}
Chunk loaded at 0, -1 with LOD 0
Mesh generated: BufferGeometry {
  isBufferGeometry: [33mtrue[39m,
  uuid: [32m'af424a13-5b90-49b0-9138-03ea238a2848'[39m,
  name: [32m''[39m,
  type: [32m'BufferGeometry'[39m,
  index: BufferAttribute {
    isBufferAttribute: [33mtrue[39m,
    name: [32m''[39m,
    array: Uint32Array(36) [
       [33m0[39m,  [33m1[39m,  [33m2[39m,  [33m0[39m,  [33m2[39m,  [33m3[39m,  [33m4[39m,  [33m5[39m,  [33m6[39m,
       [33m4[39m,  [33m6[39m,  [33m7[39m,  [33m8[39m,  [33m9[39m, [33m10[39m,  [33m8[39m, [33m10[39m, [33m11[39m,
      [33m12[39m, [33m13[39m, [33m14[39m, [33m12[39m, [33m14[39m, [33m15[39m, [33m16[39m, [33m17[39m, [33m18[39m,
      [33m16[39m, [33m18[39m, [33m19[39m, [33m20[39m, [33m21[39m, [33m22[39m, [33m20[39m, [33m22[39m, [33m23[39m
    ],
    itemSize: [33m1[39m,
    count: [33m36[39m,
    normalized: [33mfalse[39m,
    usage: [33m35044[39m,
    _updateRange: { offset: [33m0[39m, count: [33m-1[39m },
    updateRanges: [],
    gpuType: [33m1015[39m,
    version: [33m0[39m
  },
  attributes: {
    position: BufferAttribute {
      isBufferAttribute: [33mtrue[39m,
      name: [32m''[39m,
      array: [36m[Float32Array][39m,
      itemSize: [33m3[39m,
      count: [33m24[39m,
      normalized: [33mfalse[39m,
      usage: [33m35044[39m,
      _updateRange: [36m[Object][39m,
      updateRanges: [],
      gpuType: [33m1015[39m,
      version: [33m0[39m
    },
    normal: BufferAttribute {
      isBufferAttribute: [33mtrue[39m,
      name: [32m''[39m,
      array: [36m[Float32Array][39m,
      itemSize: [33m3[39m,
      count: [33m24[39m,
      normalized: [33mfalse[39m,
      usage: [33m35044[39m,
      _updateRange: [36m[Object][39m,
      updateRanges: [],
      gpuType: [33m1015[39m,
      version: [33m0[39m
    },
    uv: BufferAttribute {
      isBufferAttribute: [33mtrue[39m,
      name: [32m''[39m,
      array: [36m[Float32Array][39m,
      itemSize: [33m2[39m,
      count: [33m24[39m,
      normalized: [33mfalse[39m,
      usage: [33m35044[39m,
      _updateRange: [36m[Object][39m,
      updateRanges: [],
      gpuType: [33m1015[39m,
      version: [33m0[39m
    }
  },
  morphAttributes: {},
  morphTargetsRelative: [33mfalse[39m,
  groups: [],
  boundingBox: [1mnull[22m,
  boundingSphere: [1mnull[22m,
  drawRange: { start: [33m0[39m, count: [33mInfinity[39m },
  userData: {}
}
Chunk loaded at 0, 0 with LOD 0

[90mstdout[2m | src/world/ChunkManager.test.ts[2m > [22m[2mChunkManager[2m > [22m[2mshould properly dispose of resources[22m[39m
Loading chunk at -2, 0 with LOD 0
Loading chunk at -1, 1 with LOD 0
Chunk generated: Chunk {
  data: Uint8Array(131072) [
    [33m1[39m, [33m1[39m, [33m1[39m, [33m1[39m, [33m1[39m, [33m1[39m, [33m1[39m, [33m1[39m, [33m1[39m, [33m1[39m, [33m1[39m, [33m1[39m,
    [33m1[39m, [33m1[39m, [33m1[39m, [33m1[39m, [33m1[39m, [33m1[39m, [33m1[39m, [33m1[39m, [33m1[39m, [33m1[39m, [33m1[39m, [33m1[39m,
    [33m1[39m, [33m1[39m, [33m1[39m, [33m1[39m, [33m1[39m, [33m1[39m, [33m1[39m, [33m1[39m, [33m1[39m, [33m1[39m, [33m1[39m, [33m1[39m,
    [33m1[39m, [33m1[39m, [33m1[39m, [33m1[39m, [33m1[39m, [33m1[39m, [33m1[39m, [33m1[39m, [33m1[39m, [33m1[39m, [33m1[39m, [33m1[39m,
    [33m1[39m, [33m1[39m, [33m1[39m, [33m1[39m, [33m1[39m, [33m1[39m, [33m1[39m, [33m1[39m, [33m1[39m, [33m1[39m, [33m1[39m, [33m1[39m,
    [33m1[39m, [33m1[39m, [33m1[39m, [33m1[39m, [33m1[39m, [33m1[39m, [33m1[39m, [33m1[39m, [33m1[39m, [33m1[39m, [33m1[39m, [33m1[39m,
    [33m1[39m, [33m1[39m, [33m1[39m, [33m1[39m, [33m1[39m, [33m1[39m, [33m1[39m, [33m1[39m, [33m1[39m, [33m1[39m, [33m1[39m, [33m1[39m,
    [33m1[39m, [33m1[39m, [33m1[39m, [33m1[39m, [33m1[39m, [33m1[39m, [33m1[39m, [33m1[39m, [33m1[39m, [33m1[39m, [33m1[39m, [33m1[39m,
    [33m1[39m, [33m1[39m, [33m1[39m, [33m1[39m,
    ... 130972 more items
  ],
  compressedData: Uint8Array(131072) [
    [33m1[39m, [33m1[39m, [33m1[39m, [33m1[39m, [33m1[39m, [33m1[39m, [33m1[39m, [33m1[39m, [33m1[39m, [33m1[39m, [33m1[39m, [33m1[39m,
    [33m1[39m, [33m1[39m, [33m1[39m, [33m1[39m, [33m1[39m, [33m1[39m, [33m1[39m, [33m1[39m, [33m1[39m, [33m1[39m, [33m1[39m, [33m1[39m,
    [33m1[39m, [33m1[39m, [33m1[39m, [33m1[39m, [33m1[39m, [33m1[39m, [33m1[39m, [33m1[39m, [33m1[39m, [33m1[39m, [33m1[39m, [33m1[39m,
    [33m1[39m, [33m1[39m, [33m1[39m, [33m1[39m, [33m1[39m, [33m1[39m, [33m1[39m, [33m1[39m, [33m1[39m, [33m1[39m, [33m1[39m, [33m1[39m,
    [33m1[39m, [33m1[39m, [33m1[39m, [33m1[39m, [33m1[39m, [33m1[39m, [33m1[39m, [33m1[39m, [33m1[39m, [33m1[39m, [33m1[39m, [33m1[39m,
    [33m1[39m, [33m1[39m, [33m1[39m, [33m1[39m, [33m1[39m, [33m1[39m, [33m1[39m, [33m1[39m, [33m1[39m, [33m1[39m, [33m1[39m, [33m1[39m,
    [33m1[39m, [33m1[39m, [33m1[39m, [33m1[39m, [33m1[39m, [33m1[39m, [33m1[39m, [33m1[39m, [33m1[39m, [33m1[39m, [33m1[39m, [33m1[39m,
    [33m1[39m, [33m1[39m, [33m1[39m, [33m1[39m, [33m1[39m, [33m1[39m, [33m1[39m, [33m1[39m, [33m1[39m, [33m1[39m, [33m1[39m, [33m1[39m,
    [33m1[39m, [33m1[39m, [33m1[39m, [33m1[39m,
    ... 130972 more items
  ],
  heightmap: Uint8Array(1024) [
    [33m0[39m, [33m0[39m, [33m0[39m, [33m0[39m, [33m0[39m, [33m0[39m, [33m0[39m, [33m0[39m, [33m0[39m, [33m0[39m, [33m0[39m, [33m0[39m,
    [33m0[39m, [33m0[39m, [33m0[39m, [33m0[39m, [33m0[39m, [33m0[39m, [33m0[39m, [33m0[39m, [33m0[39m, [33m0[39m, [33m0[39m, [33m0[39m,
    [33m0[39m, [33m0[39m, [33m0[39m, [33m0[39m, [33m0[39m, [33m0[39m, [33m0[39m, [33m0[39m, [33m0[39m, [33m0[39m, [33m0[39m, [33m0[39m,
    [33m0[39m, [33m0[39m, [33m0[39m, [33m0[39m, [33m0[39m, [33m0[39m, [33m0[39m, [33m0[39m, [33m0[39m, [33m0[39m, [33m0[39m, [33m0[39m,
    [33m0[39m, [33m0[39m, [33m0[39m, [33m0[39m, [33m0[39m, [33m0[39m, [33m0[39m, [33m0[39m, [33m0[39m, [33m0[39m, [33m0[39m, [33m0[39m,
    [33m0[39m, [33m0[39m, [33m0[39m, [33m0[39m, [33m0[39m, [33m0[39m, [33m0[39m, [33m0[39m, [33m0[39m, [33m0[39m, [33m0[39m, [33m0[39m,
    [33m0[39m, [33m0[39m, [33m0[39m, [33m0[39m, [33m0[39m, [33m0[39m, [33m0[39m, [33m0[39m, [33m0[39m, [33m0[39m, [33m0[39m, [33m0[39m,
    [33m0[39m, [33m0[39m, [33m0[39m, [33m0[39m, [33m0[39m, [33m0[39m, [33m0[39m, [33m0[39m, [33m0[39m, [33m0[39m, [33m0[39m, [33m0[39m,
    [33m0[39m, [33m0[39m, [33m0[39m, [33m0[39m,
    ... 924 more items
  ],
  x: [33m-2[39m,
  z: [33m0[39m,
  lodLevel: [33m0[39m
}
Chunk generated: Chunk {
  data: Uint8Array(131072) [
    [33m1[39m, [33m1[39m, [33m1[39m, [33m1[39m, [33m1[39m, [33m1[39m, [33m1[39m, [33m1[39m, [33m1[39m, [33m1[39m, [33m1[39m, [33m1[39m,
    [33m1[39m, [33m1[39m, [33m1[39m, [33m1[39m, [33m1[39m, [33m1[39m, [33m1[39m, [33m1[39m, [33m1[39m, [33m1[39m, [33m1[39m, [33m1[39m,
    [33m1[39m, [33m1[39m, [33m1[39m, [33m1[39m, [33m1[39m, [33m1[39m, [33m1[39m, [33m1[39m, [33m1[39m, [33m1[39m, [33m1[39m, [33m1[39m,
    [33m1[39m, [33m1[39m, [33m1[39m, [33m1[39m, [33m1[39m, [33m1[39m, [33m1[39m, [33m1[39m, [33m1[39m, [33m1[39m, [33m1[39m, [33m1[39m,
    [33m1[39m, [33m1[39m, [33m1[39m, [33m1[39m, [33m1[39m, [33m1[39m, [33m1[39m, [33m1[39m, [33m1[39m, [33m1[39m, [33m1[39m, [33m1[39m,
    [33m1[39m, [33m1[39m, [33m1[39m, [33m1[39m, [33m1[39m, [33m1[39m, [33m1[39m, [33m1[39m, [33m1[39m, [33m1[39m, [33m1[39m, [33m1[39m,
    [33m1[39m, [33m1[39m, [33m1[39m, [33m1[39m, [33m1[39m, [33m1[39m, [33m1[39m, [33m1[39m, [33m1[39m, [33m1[39m, [33m1[39m, [33m1[39m,
    [33m1[39m, [33m1[39m, [33m1[39m, [33m1[39m, [33m1[39m, [33m1[39m, [33m1[39m, [33m1[39m, [33m1[39m, [33m1[39m, [33m1[39m, [33m1[39m,
    [33m1[39m, [33m1[39m, [33m1[39m, [33m1[39m,
    ... 130972 more items
  ],
  compressedData: Uint8Array(131072) [
    [33m1[39m, [33m1[39m, [33m1[39m, [33m1[39m, [33m1[39m, [33m1[39m, [33m1[39m, [33m1[39m, [33m1[39m, [33m1[39m, [33m1[39m, [33m1[39m,
    [33m1[39m, [33m1[39m, [33m1[39m, [33m1[39m, [33m1[39m, [33m1[39m, [33m1[39m, [33m1[39m, [33m1[39m, [33m1[39m, [33m1[39m, [33m1[39m,
    [33m1[39m, [33m1[39m, [33m1[39m, [33m1[39m, [33m1[39m, [33m1[39m, [33m1[39m, [33m1[39m, [33m1[39m, [33m1[39m, [33m1[39m, [33m1[39m,
    [33m1[39m, [33m1[39m, [33m1[39m, [33m1[39m, [33m1[39m, [33m1[39m, [33m1[39m, [33m1[39m, [33m1[39m, [33m1[39m, [33m1[39m, [33m1[39m,
    [33m1[39m, [33m1[39m, [33m1[39m, [33m1[39m, [33m1[39m, [33m1[39m, [33m1[39m, [33m1[39m, [33m1[39m, [33m1[39m, [33m1[39m, [33m1[39m,
    [33m1[39m, [33m1[39m, [33m1[39m, [33m1[39m, [33m1[39m, [33m1[39m, [33m1[39m, [33m1[39m, [33m1[39m, [33m1[39m, [33m1[39m, [33m1[39m,
    [33m1[39m, [33m1[39m, [33m1[39m, [33m1[39m, [33m1[39m, [33m1[39m, [33m1[39m, [33m1[39m, [33m1[39m, [33m1[39m, [33m1[39m, [33m1[39m,
    [33m1[39m, [33m1[39m, [33m1[39m, [33m1[39m, [33m1[39m, [33m1[39m, [33m1[39m, [33m1[39m, [33m1[39m, [33m1[39m, [33m1[39m, [33m1[39m,
    [33m1[39m, [33m1[39m, [33m1[39m, [33m1[39m,
    ... 130972 more items
  ],
  heightmap: Uint8Array(1024) [
    [33m0[39m, [33m0[39m, [33m0[39m, [33m0[39m, [33m0[39m, [33m0[39m, [33m0[39m, [33m0[39m, [33m0[39m, [33m0[39m, [33m0[39m, [33m0[39m,
    [33m0[39m, [33m0[39m, [33m0[39m, [33m0[39m, [33m0[39m, [33m0[39m, [33m0[39m, [33m0[39m, [33m0[39m, [33m0[39m, [33m0[39m, [33m0[39m,
    [33m0[39m, [33m0[39m, [33m0[39m, [33m0[39m, [33m0[39m, [33m0[39m, [33m0[39m, [33m0[39m, [33m0[39m, [33m0[39m, [33m0[39m, [33m0[39m,
    [33m0[39m, [33m0[39m, [33m0[39m, [33m0[39m, [33m0[39m, [33m0[39m, [33m0[39m, [33m0[39m, [33m0[39m, [33m0[39m, [33m0[39m, [33m0[39m,
    [33m0[39m, [33m0[39m, [33m0[39m, [33m0[39m, [33m0[39m, [33m0[39m, [33m0[39m, [33m0[39m, [33m0[39m, [33m0[39m, [33m0[39m, [33m0[39m,
    [33m0[39m, [33m0[39m, [33m0[39m, [33m0[39m, [33m0[39m, [33m0[39m, [33m0[39m, [33m0[39m, [33m0[39m, [33m0[39m, [33m0[39m, [33m0[39m,
    [33m0[39m, [33m0[39m, [33m0[39m, [33m0[39m, [33m0[39m, [33m0[39m, [33m0[39m, [33m0[39m, [33m0[39m, [33m0[39m, [33m0[39m, [33m0[39m,
    [33m0[39m, [33m0[39m, [33m0[39m, [33m0[39m, [33m0[39m, [33m0[39m, [33m0[39m, [33m0[39m, [33m0[39m, [33m0[39m, [33m0[39m, [33m0[39m,
    [33m0[39m, [33m0[39m, [33m0[39m, [33m0[39m,
    ... 924 more items
  ],
  x: [33m-1[39m,
  z: [33m1[39m,
  lodLevel: [33m0[39m
}
Mesh generated: BufferGeometry {
  isBufferGeometry: [33mtrue[39m,
  uuid: [32m'72bc5671-c270-4323-9f16-2c3d3c91be80'[39m,
  name: [32m''[39m,
  type: [32m'BufferGeometry'[39m,
  index: BufferAttribute {
    isBufferAttribute: [33mtrue[39m,
    name: [32m''[39m,
    array: Uint32Array(36) [
       [33m0[39m,  [33m1[39m,  [33m2[39m,  [33m0[39m,  [33m2[39m,  [33m3[39m,  [33m4[39m,  [33m5[39m,  [33m6[39m,
       [33m4[39m,  [33m6[39m,  [33m7[39m,  [33m8[39m,  [33m9[39m, [33m10[39m,  [33m8[39m, [33m10[39m, [33m11[39m,
      [33m12[39m, [33m13[39m, [33m14[39m, [33m12[39m, [33m14[39m, [33m15[39m, [33m16[39m, [33m17[39m, [33m18[39m,
      [33m16[39m, [33m18[39m, [33m19[39m, [33m20[39m, [33m21[39m, [33m22[39m, [33m20[39m, [33m22[39m, [33m23[39m
    ],
    itemSize: [33m1[39m,
    count: [33m36[39m,
    normalized: [33mfalse[39m,
    usage: [33m35044[39m,
    _updateRange: { offset: [33m0[39m, count: [33m-1[39m },
    updateRanges: [],
    gpuType: [33m1015[39m,
    version: [33m0[39m
  },
  attributes: {
    position: BufferAttribute {
      isBufferAttribute: [33mtrue[39m,
      name: [32m''[39m,
      array: [36m[Float32Array][39m,
      itemSize: [33m3[39m,
      count: [33m24[39m,
      normalized: [33mfalse[39m,
      usage: [33m35044[39m,
      _updateRange: [36m[Object][39m,
      updateRanges: [],
      gpuType: [33m1015[39m,
      version: [33m0[39m
    },
    normal: BufferAttribute {
      isBufferAttribute: [33mtrue[39m,
      name: [32m''[39m,
      array: [36m[Float32Array][39m,
      itemSize: [33m3[39m,
      count: [33m24[39m,
      normalized: [33mfalse[39m,
      usage: [33m35044[39m,
      _updateRange: [36m[Object][39m,
      updateRanges: [],
      gpuType: [33m1015[39m,
      version: [33m0[39m
    },
    uv: BufferAttribute {
      isBufferAttribute: [33mtrue[39m,
      name: [32m''[39m,
      array: [36m[Float32Array][39m,
      itemSize: [33m2[39m,
      count: [33m24[39m,
      normalized: [33mfalse[39m,
      usage: [33m35044[39m,
      _updateRange: [36m[Object][39m,
      updateRanges: [],
      gpuType: [33m1015[39m,
      version: [33m0[39m
    }
  },
  morphAttributes: {},
  morphTargetsRelative: [33mfalse[39m,
  groups: [],
  boundingBox: [1mnull[22m,
  boundingSphere: [1mnull[22m,
  drawRange: { start: [33m0[39m, count: [33mInfinity[39m },
  userData: {}
}
Chunk loaded at -2, 0 with LOD 0
Mesh generated: BufferGeometry {
  isBufferGeometry: [33mtrue[39m,
  uuid: [32m'fcc2e5c3-eefe-4f34-ac9b-d8016048fd05'[39m,
  name: [32m''[39m,
  type: [32m'BufferGeometry'[39m,
  index: BufferAttribute {
    isBufferAttribute: [33mtrue[39m,
    name: [32m''[39m,
    array: Uint32Array(36) [
       [33m0[39m,  [33m1[39m,  [33m2[39m,  [33m0[39m,  [33m2[39m,  [33m3[39m,  [33m4[39m,  [33m5[39m,  [33m6[39m,
       [33m4[39m,  [33m6[39m,  [33m7[39m,  [33m8[39m,  [33m9[39m, [33m10[39m,  [33m8[39m, [33m10[39m, [33m11[39m,
      [33m12[39m, [33m13[39m, [33m14[39m, [33m12[39m, [33m14[39m, [33m15[39m, [33m16[39m, [33m17[39m, [33m18[39m,
      [33m16[39m, [33m18[39m, [33m19[39m, [33m20[39m, [33m21[39m, [33m22[39m, [33m20[39m, [33m22[39m, [33m23[39m
    ],
    itemSize: [33m1[39m,
    count: [33m36[39m,
    normalized: [33mfalse[39m,
    usage: [33m35044[39m,
    _updateRange: { offset: [33m0[39m, count: [33m-1[39m },
    updateRanges: [],
    gpuType: [33m1015[39m,
    version: [33m0[39m
  },
  attributes: {
    position: BufferAttribute {
      isBufferAttribute: [33mtrue[39m,
      name: [32m''[39m,
      array: [36m[Float32Array][39m,
      itemSize: [33m3[39m,
      count: [33m24[39m,
      normalized: [33mfalse[39m,
      usage: [33m35044[39m,
      _updateRange: [36m[Object][39m,
      updateRanges: [],
      gpuType: [33m1015[39m,
      version: [33m0[39m
    },
    normal: BufferAttribute {
      isBufferAttribute: [33mtrue[39m,
      name: [32m''[39m,
      array: [36m[Float32Array][39m,
      itemSize: [33m3[39m,
      count: [33m24[39m,
      normalized: [33mfalse[39m,
      usage: [33m35044[39m,
      _updateRange: [36m[Object][39m,
      updateRanges: [],
      gpuType: [33m1015[39m,
      version: [33m0[39m
    },
    uv: BufferAttribute {
      isBufferAttribute: [33mtrue[39m,
      name: [32m''[39m,
      array: [36m[Float32Array][39m,
      itemSize: [33m2[39m,
      count: [33m24[39m,
      normalized: [33mfalse[39m,
      usage: [33m35044[39m,
      _updateRange: [36m[Object][39m,
      updateRanges: [],
      gpuType: [33m1015[39m,
      version: [33m0[39m
    }
  },
  morphAttributes: {},
  morphTargetsRelative: [33mfalse[39m,
  groups: [],
  boundingBox: [1mnull[22m,
  boundingSphere: [1mnull[22m,
  drawRange: { start: [33m0[39m, count: [33mInfinity[39m },
  userData: {}
}
Chunk loaded at -1, 1 with LOD 0

[90mstdout[2m | src/world/ChunkManager.test.ts[2m > [22m[2mChunkManager[2m > [22m[2mshould properly dispose of resources[22m[39m
Loading chunk at 0, -2 with LOD 0
Loading chunk at 0, 1 with LOD 0
Chunk generated: Chunk {
  data: Uint8Array(131072) [
    [33m1[39m, [33m1[39m, [33m1[39m, [33m1[39m, [33m1[39m, [33m1[39m, [33m1[39m, [33m1[39m, [33m1[39m, [33m1[39m, [33m1[39m, [33m1[39m,
    [33m1[39m, [33m1[39m, [33m1[39m, [33m1[39m, [33m1[39m, [33m1[39m, [33m1[39m, [33m1[39m, [33m1[39m, [33m1[39m, [33m1[39m, [33m1[39m,
    [33m1[39m, [33m1[39m, [33m1[39m, [33m1[39m, [33m1[39m, [33m1[39m, [33m1[39m, [33m1[39m, [33m1[39m, [33m1[39m, [33m1[39m, [33m1[39m,
    [33m1[39m, [33m1[39m, [33m1[39m, [33m1[39m, [33m1[39m, [33m1[39m, [33m1[39m, [33m1[39m, [33m1[39m, [33m1[39m, [33m1[39m, [33m1[39m,
    [33m1[39m, [33m1[39m, [33m1[39m, [33m1[39m, [33m1[39m, [33m1[39m, [33m1[39m, [33m1[39m, [33m1[39m, [33m1[39m, [33m1[39m, [33m1[39m,
    [33m1[39m, [33m1[39m, [33m1[39m, [33m1[39m, [33m1[39m, [33m1[39m, [33m1[39m, [33m1[39m, [33m1[39m, [33m1[39m, [33m1[39m, [33m1[39m,
    [33m1[39m, [33m1[39m, [33m1[39m, [33m1[39m, [33m1[39m, [33m1[39m, [33m1[39m, [33m1[39m, [33m1[39m, [33m1[39m, [33m1[39m, [33m1[39m,
    [33m1[39m, [33m1[39m, [33m1[39m, [33m1[39m, [33m1[39m, [33m1[39m, [33m1[39m, [33m1[39m, [33m1[39m, [33m1[39m, [33m1[39m, [33m1[39m,
    [33m1[39m, [33m1[39m, [33m1[39m, [33m1[39m,
    ... 130972 more items
  ],
  compressedData: Uint8Array(131072) [
    [33m1[39m, [33m1[39m, [33m1[39m, [33m1[39m, [33m1[39m, [33m1[39m, [33m1[39m, [33m1[39m, [33m1[39m, [33m1[39m, [33m1[39m, [33m1[39m,
    [33m1[39m, [33m1[39m, [33m1[39m, [33m1[39m, [33m1[39m, [33m1[39m, [33m1[39m, [33m1[39m, [33m1[39m, [33m1[39m, [33m1[39m, [33m1[39m,
    [33m1[39m, [33m1[39m, [33m1[39m, [33m1[39m, [33m1[39m, [33m1[39m, [33m1[39m, [33m1[39m, [33m1[39m, [33m1[39m, [33m1[39m, [33m1[39m,
    [33m1[39m, [33m1[39m, [33m1[39m, [33m1[39m, [33m1[39m, [33m1[39m, [33m1[39m, [33m1[39m, [33m1[39m, [33m1[39m, [33m1[39m, [33m1[39m,
    [33m1[39m, [33m1[39m, [33m1[39m, [33m1[39m, [33m1[39m, [33m1[39m, [33m1[39m, [33m1[39m, [33m1[39m, [33m1[39m, [33m1[39m, [33m1[39m,
    [33m1[39m, [33m1[39m, [33m1[39m, [33m1[39m, [33m1[39m, [33m1[39m, [33m1[39m, [33m1[39m, [33m1[39m, [33m1[39m, [33m1[39m, [33m1[39m,
    [33m1[39m, [33m1[39m, [33m1[39m, [33m1[39m, [33m1[39m, [33m1[39m, [33m1[39m, [33m1[39m, [33m1[39m, [33m1[39m, [33m1[39m, [33m1[39m,
    [33m1[39m, [33m1[39m, [33m1[39m, [33m1[39m, [33m1[39m, [33m1[39m, [33m1[39m, [33m1[39m, [33m1[39m, [33m1[39m, [33m1[39m, [33m1[39m,
    [33m1[39m, [33m1[39m, [33m1[39m, [33m1[39m,
    ... 130972 more items
  ],
  heightmap: Uint8Array(1024) [
    [33m0[39m, [33m0[39m, [33m0[39m, [33m0[39m, [33m0[39m, [33m0[39m, [33m0[39m, [33m0[39m, [33m0[39m, [33m0[39m, [33m0[39m, [33m0[39m,
    [33m0[39m, [33m0[39m, [33m0[39m, [33m0[39m, [33m0[39m, [33m0[39m, [33m0[39m, [33m0[39m, [33m0[39m, [33m0[39m, [33m0[39m, [33m0[39m,
    [33m0[39m, [33m0[39m, [33m0[39m, [33m0[39m, [33m0[39m, [33m0[39m, [33m0[39m, [33m0[39m, [33m0[39m, [33m0[39m, [33m0[39m, [33m0[39m,
    [33m0[39m, [33m0[39m, [33m0[39m, [33m0[39m, [33m0[39m, [33m0[39m, [33m0[39m, [33m0[39m, [33m0[39m, [33m0[39m, [33m0[39m, [33m0[39m,
    [33m0[39m, [33m0[39m, [33m0[39m, [33m0[39m, [33m0[39m, [33m0[39m, [33m0[39m, [33m0[39m, [33m0[39m, [33m0[39m, [33m0[39m, [33m0[39m,
    [33m0[39m, [33m0[39m, [33m0[39m, [33m0[39m, [33m0[39m, [33m0[39m, [33m0[39m, [33m0[39m, [33m0[39m, [33m0[39m, [33m0[39m, [33m0[39m,
    [33m0[39m, [33m0[39m, [33m0[39m, [33m0[39m, [33m0[39m, [33m0[39m, [33m0[39m, [33m0[39m, [33m0[39m, [33m0[39m, [33m0[39m, [33m0[39m,
    [33m0[39m, [33m0[39m, [33m0[39m, [33m0[39m, [33m0[39m, [33m0[39m, [33m0[39m, [33m0[39m, [33m0[39m, [33m0[39m, [33m0[39m, [33m0[39m,
    [33m0[39m, [33m0[39m, [33m0[39m, [33m0[39m,
    ... 924 more items
  ],
  x: [33m0[39m,
  z: [33m-2[39m,
  lodLevel: [33m0[39m
}
Chunk generated: Chunk {
  data: Uint8Array(131072) [
    [33m1[39m, [33m1[39m, [33m1[39m, [33m1[39m, [33m1[39m, [33m1[39m, [33m1[39m, [33m1[39m, [33m1[39m, [33m1[39m, [33m1[39m, [33m1[39m,
    [33m1[39m, [33m1[39m, [33m1[39m, [33m1[39m, [33m1[39m, [33m1[39m, [33m1[39m, [33m1[39m, [33m1[39m, [33m1[39m, [33m1[39m, [33m1[39m,
    [33m1[39m, [33m1[39m, [33m1[39m, [33m1[39m, [33m1[39m, [33m1[39m, [33m1[39m, [33m1[39m, [33m1[39m, [33m1[39m, [33m1[39m, [33m1[39m,
    [33m1[39m, [33m1[39m, [33m1[39m, [33m1[39m, [33m1[39m, [33m1[39m, [33m1[39m, [33m1[39m, [33m1[39m, [33m1[39m, [33m1[39m, [33m1[39m,
    [33m1[39m, [33m1[39m, [33m1[39m, [33m1[39m, [33m1[39m, [33m1[39m, [33m1[39m, [33m1[39m, [33m1[39m, [33m1[39m, [33m1[39m, [33m1[39m,
    [33m1[39m, [33m1[39m, [33m1[39m, [33m1[39m, [33m1[39m, [33m1[39m, [33m1[39m, [33m1[39m, [33m1[39m, [33m1[39m, [33m1[39m, [33m1[39m,
    [33m1[39m, [33m1[39m, [33m1[39m, [33m1[39m, [33m1[39m, [33m1[39m, [33m1[39m, [33m1[39m, [33m1[39m, [33m1[39m, [33m1[39m, [33m1[39m,
    [33m1[39m, [33m1[39m, [33m1[39m, [33m1[39m, [33m1[39m, [33m1[39m, [33m1[39m, [33m1[39m, [33m1[39m, [33m1[39m, [33m1[39m, [33m1[39m,
    [33m1[39m, [33m1[39m, [33m1[39m, [33m1[39m,
    ... 130972 more items
  ],
  compressedData: Uint8Array(131072) [
    [33m1[39m, [33m1[39m, [33m1[39m, [33m1[39m, [33m1[39m, [33m1[39m, [33m1[39m, [33m1[39m, [33m1[39m, [33m1[39m, [33m1[39m, [33m1[39m,
    [33m1[39m, [33m1[39m, [33m1[39m, [33m1[39m, [33m1[39m, [33m1[39m, [33m1[39m, [33m1[39m, [33m1[39m, [33m1[39m, [33m1[39m, [33m1[39m,
    [33m1[39m, [33m1[39m, [33m1[39m, [33m1[39m, [33m1[39m, [33m1[39m, [33m1[39m, [33m1[39m, [33m1[39m, [33m1[39m, [33m1[39m, [33m1[39m,
    [33m1[39m, [33m1[39m, [33m1[39m, [33m1[39m, [33m1[39m, [33m1[39m, [33m1[39m, [33m1[39m, [33m1[39m, [33m1[39m, [33m1[39m, [33m1[39m,
    [33m1[39m, [33m1[39m, [33m1[39m, [33m1[39m, [33m1[39m, [33m1[39m, [33m1[39m, [33m1[39m, [33m1[39m, [33m1[39m, [33m1[39m, [33m1[39m,
    [33m1[39m, [33m1[39m, [33m1[39m, [33m1[39m, [33m1[39m, [33m1[39m, [33m1[39m, [33m1[39m, [33m1[39m, [33m1[39m, [33m1[39m, [33m1[39m,
    [33m1[39m, [33m1[39m, [33m1[39m, [33m1[39m, [33m1[39m, [33m1[39m, [33m1[39m, [33m1[39m, [33m1[39m, [33m1[39m, [33m1[39m, [33m1[39m,
    [33m1[39m, [33m1[39m, [33m1[39m, [33m1[39m, [33m1[39m, [33m1[39m, [33m1[39m, [33m1[39m, [33m1[39m, [33m1[39m, [33m1[39m, [33m1[39m,
    [33m1[39m, [33m1[39m, [33m1[39m, [33m1[39m,
    ... 130972 more items
  ],
  heightmap: Uint8Array(1024) [
    [33m0[39m, [33m0[39m, [33m0[39m, [33m0[39m, [33m0[39m, [33m0[39m, [33m0[39m, [33m0[39m, [33m0[39m, [33m0[39m, [33m0[39m, [33m0[39m,
    [33m0[39m, [33m0[39m, [33m0[39m, [33m0[39m, [33m0[39m, [33m0[39m, [33m0[39m, [33m0[39m, [33m0[39m, [33m0[39m, [33m0[39m, [33m0[39m,
    [33m0[39m, [33m0[39m, [33m0[39m, [33m0[39m, [33m0[39m, [33m0[39m, [33m0[39m, [33m0[39m, [33m0[39m, [33m0[39m, [33m0[39m, [33m0[39m,
    [33m0[39m, [33m0[39m, [33m0[39m, [33m0[39m, [33m0[39m, [33m0[39m, [33m0[39m, [33m0[39m, [33m0[39m, [33m0[39m, [33m0[39m, [33m0[39m,
    [33m0[39m, [33m0[39m, [33m0[39m, [33m0[39m, [33m0[39m, [33m0[39m, [33m0[39m, [33m0[39m, [33m0[39m, [33m0[39m, [33m0[39m, [33m0[39m,
    [33m0[39m, [33m0[39m, [33m0[39m, [33m0[39m, [33m0[39m, [33m0[39m, [33m0[39m, [33m0[39m, [33m0[39m, [33m0[39m, [33m0[39m, [33m0[39m,
    [33m0[39m, [33m0[39m, [33m0[39m, [33m0[39m, [33m0[39m, [33m0[39m, [33m0[39m, [33m0[39m, [33m0[39m, [33m0[39m, [33m0[39m, [33m0[39m,
    [33m0[39m, [33m0[39m, [33m0[39m, [33m0[39m, [33m0[39m, [33m0[39m, [33m0[39m, [33m0[39m, [33m0[39m, [33m0[39m, [33m0[39m, [33m0[39m,
    [33m0[39m, [33m0[39m, [33m0[39m, [33m0[39m,
    ... 924 more items
  ],
  x: [33m0[39m,
  z: [33m1[39m,
  lodLevel: [33m0[39m
}
Mesh generated: BufferGeometry {
  isBufferGeometry: [33mtrue[39m,
  uuid: [32m'1f5bf849-f065-445c-9911-bcf8cc40d9c2'[39m,
  name: [32m''[39m,
  type: [32m'BufferGeometry'[39m,
  index: BufferAttribute {
    isBufferAttribute: [33mtrue[39m,
    name: [32m''[39m,
    array: Uint32Array(36) [
       [33m0[39m,  [33m1[39m,  [33m2[39m,  [33m0[39m,  [33m2[39m,  [33m3[39m,  [33m4[39m,  [33m5[39m,  [33m6[39m,
       [33m4[39m,  [33m6[39m,  [33m7[39m,  [33m8[39m,  [33m9[39m, [33m10[39m,  [33m8[39m, [33m10[39m, [33m11[39m,
      [33m12[39m, [33m13[39m, [33m14[39m, [33m12[39m, [33m14[39m, [33m15[39m, [33m16[39m, [33m17[39m, [33m18[39m,
      [33m16[39m, [33m18[39m, [33m19[39m, [33m20[39m, [33m21[39m, [33m22[39m, [33m20[39m, [33m22[39m, [33m23[39m
    ],
    itemSize: [33m1[39m,
    count: [33m36[39m,
    normalized: [33mfalse[39m,
    usage: [33m35044[39m,
    _updateRange: { offset: [33m0[39m, count: [33m-1[39m },
    updateRanges: [],
    gpuType: [33m1015[39m,
    version: [33m0[39m
  },
  attributes: {
    position: BufferAttribute {
      isBufferAttribute: [33mtrue[39m,
      name: [32m''[39m,
      array: [36m[Float32Array][39m,
      itemSize: [33m3[39m,
      count: [33m24[39m,
      normalized: [33mfalse[39m,
      usage: [33m35044[39m,
      _updateRange: [36m[Object][39m,
      updateRanges: [],
      gpuType: [33m1015[39m,
      version: [33m0[39m
    },
    normal: BufferAttribute {
      isBufferAttribute: [33mtrue[39m,
      name: [32m''[39m,
      array: [36m[Float32Array][39m,
      itemSize: [33m3[39m,
      count: [33m24[39m,
      normalized: [33mfalse[39m,
      usage: [33m35044[39m,
      _updateRange: [36m[Object][39m,
      updateRanges: [],
      gpuType: [33m1015[39m,
      version: [33m0[39m
    },
    uv: BufferAttribute {
      isBufferAttribute: [33mtrue[39m,
      name: [32m''[39m,
      array: [36m[Float32Array][39m,
      itemSize: [33m2[39m,
      count: [33m24[39m,
      normalized: [33mfalse[39m,
      usage: [33m35044[39m,
      _updateRange: [36m[Object][39m,
      updateRanges: [],
      gpuType: [33m1015[39m,
      version: [33m0[39m
    }
  },
  morphAttributes: {},
  morphTargetsRelative: [33mfalse[39m,
  groups: [],
  boundingBox: [1mnull[22m,
  boundingSphere: [1mnull[22m,
  drawRange: { start: [33m0[39m, count: [33mInfinity[39m },
  userData: {}
}
Chunk loaded at 0, -2 with LOD 0
Mesh generated: BufferGeometry {
  isBufferGeometry: [33mtrue[39m,
  uuid: [32m'7ea23405-9ecc-4888-abd1-4a189bcbce5e'[39m,
  name: [32m''[39m,
  type: [32m'BufferGeometry'[39m,
  index: BufferAttribute {
    isBufferAttribute: [33mtrue[39m,
    name: [32m''[39m,
    array: Uint32Array(36) [
       [33m0[39m,  [33m1[39m,  [33m2[39m,  [33m0[39m,  [33m2[39m,  [33m3[39m,  [33m4[39m,  [33m5[39m,  [33m6[39m,
       [33m4[39m,  [33m6[39m,  [33m7[39m,  [33m8[39m,  [33m9[39m, [33m10[39m,  [33m8[39m, [33m10[39m, [33m11[39m,
      [33m12[39m, [33m13[39m, [33m14[39m, [33m12[39m, [33m14[39m, [33m15[39m, [33m16[39m, [33m17[39m, [33m18[39m,
      [33m16[39m, [33m18[39m, [33m19[39m, [33m20[39m, [33m21[39m, [33m22[39m, [33m20[39m, [33m22[39m, [33m23[39m
    ],
    itemSize: [33m1[39m,
    count: [33m36[39m,
    normalized: [33mfalse[39m,
    usage: [33m35044[39m,
    _updateRange: { offset: [33m0[39m, count: [33m-1[39m },
    updateRanges: [],
    gpuType: [33m1015[39m,
    version: [33m0[39m
  },
  attributes: {
    position: BufferAttribute {
      isBufferAttribute: [33mtrue[39m,
      name: [32m''[39m,
      array: [36m[Float32Array][39m,
      itemSize: [33m3[39m,
      count: [33m24[39m,
      normalized: [33mfalse[39m,
      usage: [33m35044[39m,
      _updateRange: [36m[Object][39m,
      updateRanges: [],
      gpuType: [33m1015[39m,
      version: [33m0[39m
    },
    normal: BufferAttribute {
      isBufferAttribute: [33mtrue[39m,
      name: [32m''[39m,
      array: [36m[Float32Array][39m,
      itemSize: [33m3[39m,
      count: [33m24[39m,
      normalized: [33mfalse[39m,
      usage: [33m35044[39m,
      _updateRange: [36m[Object][39m,
      updateRanges: [],
      gpuType: [33m1015[39m,
      version: [33m0[39m
    },
    uv: BufferAttribute {
      isBufferAttribute: [33mtrue[39m,
      name: [32m''[39m,
      array: [36m[Float32Array][39m,
      itemSize: [33m2[39m,
      count: [33m24[39m,
      normalized: [33mfalse[39m,
      usage: [33m35044[39m,
      _updateRange: [36m[Object][39m,
      updateRanges: [],
      gpuType: [33m1015[39m,
      version: [33m0[39m
    }
  },
  morphAttributes: {},
  morphTargetsRelative: [33mfalse[39m,
  groups: [],
  boundingBox: [1mnull[22m,
  boundingSphere: [1mnull[22m,
  drawRange: { start: [33m0[39m, count: [33mInfinity[39m },
  userData: {}
}
Chunk loaded at 0, 1 with LOD 0

 [33mΓ¥»[39m src/world/ChunkManager.test.ts [2m ([22m[2m6 tests[22m [2m|[22m [31m1 failed[39m[2m)[22m[33m 822[2mms[22m[39m
[31m   [33mΓ¥»[31m src/world/ChunkManager.test.ts[2m > [22mChunkManager[2m > [22mshould unload chunks that are too far from player[39m
[31m     ΓåÆ expected 8 to be +0 // Object.is equality[39m
 [32mΓ£ô[39m src/world/NoiseManager.test.ts [2m ([22m[2m4 tests[22m[2m)[22m[33m 1047[2mms[22m[39m
 [32mΓ£ô[39m src/world/Chunk.test.ts [2m ([22m[2m11 tests[22m[2m)[22m[33m 3048[2mms[22m[39m

[2m Test Files [22m [1m[31m1 failed[39m[22m[2m | [22m[1m[32m6 passed[39m[22m[90m (7)[39m
[2m      Tests [22m [1m[31m1 failed[39m[22m[2m | [22m[1m[32m37 passed[39m[22m[90m (38)[39m
[2m   Start at [22m 22:20:28
[2m   Duration [22m 4.43s[2m (transform 2.04s, setup 0ms, collect 2.77s, tests 4.98s, environment 2ms, prepare 2.80s)[22m


[1m[7m[31m FAIL [39m[27m[22m[31m Tests failed. Watching for file changes...[39m
       [2mpress [22m[1mh[22m[2m to show help[22m[2m, [22m[2mpress [22m[1mq[22m[2m to quit[22m
[3Jc
[7m[1m[34m RERUN [39m[22m[27m[2m src/net/flat.test.ts[22m [34mx1[39m

 [33mΓ¥»[39m src/net/flat.test.ts [2m ([22m[2m0 test[22m[2m)[22m

[2m Test Files [22m [1m[31m1 failed[39m[22m[90m (1)[39m
[2m      Tests [22m [2mno tests[22m
[2m   Start at [22m 22:25:03
[2m   Duration [22m 7ms


[1m[7m[31m FAIL [39m[27m[22m[31m Tests failed. Watching for file changes...[39m
       [2mpress [22m[1mh[22m[2m to show help[22m[2m, [22m[2mpress [22m[1mq[22m[2m to quit[22m
       [34mrerun x1[39m
[2K[1A[2K[G       [90mrerun x1[39m
[2K[1A[2K[G       [2m[90mrerun x1[39m[22m
[2K[1A[2K[G[3Jc
[7m[1m[34m RERUN [39m[22m[27m[2m src/net/flat.test.ts[22m [34mx2[39m

 [33mΓ¥»[39m src/net/flat.test.ts [2m ([22m[2m4 tests[22m [2m|[22m [31m4 failed[39m[2m)[22m[90m 12[2mms[22m[39m
[31m   [33mΓ¥»[31m src/net/flat.test.ts[2m > [22mFlatBuffers StateSnapshot Encoding/Decoding[2m > [22mshould encode and decode a StateSnapshot correctly[39m
[31m     ΓåÆ expected 0n to be 1747448704740n // Object.is equality[39m
[31m   [33mΓ¥»[31m src/net/flat.test.ts[2m > [22mFlatBuffers StateSnapshot Encoding/Decoding[2m > [22mshould handle an empty players array[39m
[31m     ΓåÆ expected 0n to be 1747448704751n // Object.is equality[39m
[31m   [33mΓ¥»[31m src/net/flat.test.ts[2m > [22mFlatBuffers StateSnapshot Encoding/Decoding[2m > [22mshould encode and decode a StateSnapshot correctly[39m
[31m     ΓåÆ expected 0n to be 1747448704740n // Object.is equality[39m
[31m   [33mΓ¥»[31m src/net/flat.test.ts[2m > [22mFlatBuffers StateSnapshot Encoding/Decoding[2m > [22mshould handle an empty players array[39m
[31m     ΓåÆ expected 0n to be 1747448704754n // Object.is equality[39m

[2m Test Files [22m [1m[31m1 failed[39m[22m[90m (1)[39m
[2m      Tests [22m [1m[31m4 failed[39m[22m[90m (4)[39m
[2m   Start at [22m 22:25:04
[2m   Duration [22m 71ms


[1m[7m[31m FAIL [39m[27m[22m[31m Tests failed. Watching for file changes...[39m
       [2mpress [22m[1mh[22m[2m to show help[22m[2m, [22m[2mpress [22m[1mq[22m[2m to quit[22m
       [34mrerun x2[39m
[2K[1A[2K[G       [90mrerun x2[39m
[2K[1A[2K[G       [2m[90mrerun x2[39m[22m
[2K[1A[2K[G[3Jc
[7m[1m[34m RERUN [39m[22m[27m[2m src/net/flat.ts[22m [34mx3[39m

 [33mΓ¥»[39m src/net/flat.test.ts [2m ([22m[2m2 tests[22m [2m|[22m [31m2 failed[39m[2m)[22m[90m 11[2mms[22m[39m
[31m   [33mΓ¥»[31m src/net/flat.test.ts[2m > [22mFlatBuffers StateSnapshot Encoding/Decoding[2m > [22mshould encode and decode a StateSnapshot correctly[39m
[31m     ΓåÆ expected 0n to be 1747448711457n // Object.is equality[39m
[31m   [33mΓ¥»[31m src/net/flat.test.ts[2m > [22mFlatBuffers StateSnapshot Encoding/Decoding[2m > [22mshould handle an empty players array[39m
[31m     ΓåÆ expected 0n to be 1747448711468n // Object.is equality[39m

[2m Test Files [22m [1m[31m1 failed[39m[22m[90m (1)[39m
[2m      Tests [22m [1m[31m2 failed[39m[22m[90m (2)[39m
[2m   Start at [22m 22:25:11
[2m   Duration [22m 33ms


[1m[7m[31m FAIL [39m[27m[22m[31m Tests failed. Watching for file changes...[39m
       [2mpress [22m[1mh[22m[2m to show help[22m[2m, [22m[2mpress [22m[1mq[22m[2m to quit[22m
       [34mrerun x3[39m
[2K[1A[2K[G       [90mrerun x3[39m
[2K[1A[2K[G       [2m[90mrerun x3[39m[22m
[2K[1A[2K[G[31mCancelling test run. Press CTRL+c again to exit forcefully.
[39m
